Archive member included to satisfy reference by file (symbol)

/usr/share/gcc-arm-none-eabi-10.3-2021.10/bin/../lib/gcc/arm-none-eabi/10.3.1/../../../../arm-none-eabi/lib/thumb/v7e-m+fp/hard/libm.a(lib_a-csqrt.o)
                              ./objects/butterworth.o (csqrt)
/usr/share/gcc-arm-none-eabi-10.3-2021.10/bin/../lib/gcc/arm-none-eabi/10.3.1/../../../../arm-none-eabi/lib/thumb/v7e-m+fp/hard/libm.a(lib_a-s_cos.o)
                              ./objects/biquad.o (cos)
/usr/share/gcc-arm-none-eabi-10.3-2021.10/bin/../lib/gcc/arm-none-eabi/10.3.1/../../../../arm-none-eabi/lib/thumb/v7e-m+fp/hard/libm.a(lib_a-s_fabs.o)
                              /usr/share/gcc-arm-none-eabi-10.3-2021.10/bin/../lib/gcc/arm-none-eabi/10.3.1/../../../../arm-none-eabi/lib/thumb/v7e-m+fp/hard/libm.a(lib_a-csqrt.o) (fabs)
/usr/share/gcc-arm-none-eabi-10.3-2021.10/bin/../lib/gcc/arm-none-eabi/10.3.1/../../../../arm-none-eabi/lib/thumb/v7e-m+fp/hard/libm.a(lib_a-sf_cos.o)
                              ./objects/biquad.o (cosf)
/usr/share/gcc-arm-none-eabi-10.3-2021.10/bin/../lib/gcc/arm-none-eabi/10.3.1/../../../../arm-none-eabi/lib/thumb/v7e-m+fp/hard/libm.a(lib_a-sf_round.o)
                              ./objects/gpsutilities.o (roundf)
/usr/share/gcc-arm-none-eabi-10.3-2021.10/bin/../lib/gcc/arm-none-eabi/10.3.1/../../../../arm-none-eabi/lib/thumb/v7e-m+fp/hard/libm.a(lib_a-sf_sin.o)
                              ./objects/biquad.o (sinf)
/usr/share/gcc-arm-none-eabi-10.3-2021.10/bin/../lib/gcc/arm-none-eabi/10.3.1/../../../../arm-none-eabi/lib/thumb/v7e-m+fp/hard/libm.a(lib_a-sf_tan.o)
                              ./objects/butterworth.o (tanf)
/usr/share/gcc-arm-none-eabi-10.3-2021.10/bin/../lib/gcc/arm-none-eabi/10.3.1/../../../../arm-none-eabi/lib/thumb/v7e-m+fp/hard/libm.a(lib_a-w_sqrt.o)
                              /usr/share/gcc-arm-none-eabi-10.3-2021.10/bin/../lib/gcc/arm-none-eabi/10.3.1/../../../../arm-none-eabi/lib/thumb/v7e-m+fp/hard/libm.a(lib_a-csqrt.o) (sqrt)
/usr/share/gcc-arm-none-eabi-10.3-2021.10/bin/../lib/gcc/arm-none-eabi/10.3.1/../../../../arm-none-eabi/lib/thumb/v7e-m+fp/hard/libm.a(lib_a-wf_acos.o)
                              ./objects/gpsutilities.o (acosf)
/usr/share/gcc-arm-none-eabi-10.3-2021.10/bin/../lib/gcc/arm-none-eabi/10.3.1/../../../../arm-none-eabi/lib/thumb/v7e-m+fp/hard/libm.a(lib_a-wf_hypot.o)
                              ./objects/butterworth.o (hypotf)
/usr/share/gcc-arm-none-eabi-10.3-2021.10/bin/../lib/gcc/arm-none-eabi/10.3.1/../../../../arm-none-eabi/lib/thumb/v7e-m+fp/hard/libm.a(lib_a-wf_pow.o)
                              ./objects/main.o (powf)
/usr/share/gcc-arm-none-eabi-10.3-2021.10/bin/../lib/gcc/arm-none-eabi/10.3.1/../../../../arm-none-eabi/lib/thumb/v7e-m+fp/hard/libm.a(lib_a-wf_sinh.o)
                              ./objects/biquad.o (sinhf)
/usr/share/gcc-arm-none-eabi-10.3-2021.10/bin/../lib/gcc/arm-none-eabi/10.3.1/../../../../arm-none-eabi/lib/thumb/v7e-m+fp/hard/libm.a(lib_a-wf_sqrt.o)
                              ./objects/butterworth.o (sqrtf)
/usr/share/gcc-arm-none-eabi-10.3-2021.10/bin/../lib/gcc/arm-none-eabi/10.3.1/../../../../arm-none-eabi/lib/thumb/v7e-m+fp/hard/libm.a(lib_a-cabs.o)
                              /usr/share/gcc-arm-none-eabi-10.3-2021.10/bin/../lib/gcc/arm-none-eabi/10.3.1/../../../../arm-none-eabi/lib/thumb/v7e-m+fp/hard/libm.a(lib_a-csqrt.o) (cabs)
/usr/share/gcc-arm-none-eabi-10.3-2021.10/bin/../lib/gcc/arm-none-eabi/10.3.1/../../../../arm-none-eabi/lib/thumb/v7e-m+fp/hard/libm.a(lib_a-cimag.o)
                              /usr/share/gcc-arm-none-eabi-10.3-2021.10/bin/../lib/gcc/arm-none-eabi/10.3.1/../../../../arm-none-eabi/lib/thumb/v7e-m+fp/hard/libm.a(lib_a-csqrt.o) (cimag)
/usr/share/gcc-arm-none-eabi-10.3-2021.10/bin/../lib/gcc/arm-none-eabi/10.3.1/../../../../arm-none-eabi/lib/thumb/v7e-m+fp/hard/libm.a(lib_a-creal.o)
                              /usr/share/gcc-arm-none-eabi-10.3-2021.10/bin/../lib/gcc/arm-none-eabi/10.3.1/../../../../arm-none-eabi/lib/thumb/v7e-m+fp/hard/libm.a(lib_a-csqrt.o) (creal)
/usr/share/gcc-arm-none-eabi-10.3-2021.10/bin/../lib/gcc/arm-none-eabi/10.3.1/../../../../arm-none-eabi/lib/thumb/v7e-m+fp/hard/libm.a(lib_a-e_rem_pio2.o)
                              /usr/share/gcc-arm-none-eabi-10.3-2021.10/bin/../lib/gcc/arm-none-eabi/10.3.1/../../../../arm-none-eabi/lib/thumb/v7e-m+fp/hard/libm.a(lib_a-s_cos.o) (__ieee754_rem_pio2)
/usr/share/gcc-arm-none-eabi-10.3-2021.10/bin/../lib/gcc/arm-none-eabi/10.3.1/../../../../arm-none-eabi/lib/thumb/v7e-m+fp/hard/libm.a(lib_a-e_sqrt.o)
                              /usr/share/gcc-arm-none-eabi-10.3-2021.10/bin/../lib/gcc/arm-none-eabi/10.3.1/../../../../arm-none-eabi/lib/thumb/v7e-m+fp/hard/libm.a(lib_a-w_sqrt.o) (__ieee754_sqrt)
/usr/share/gcc-arm-none-eabi-10.3-2021.10/bin/../lib/gcc/arm-none-eabi/10.3.1/../../../../arm-none-eabi/lib/thumb/v7e-m+fp/hard/libm.a(lib_a-ef_acos.o)
[...]
Memory Configuration

Name             Origin             Length             Attributes
FLASH            0x0000000000004000 0x000000000003c000 xr
RAM              0x0000000020000000 0x0000000000008000 xrw
*default*        0x0000000000000000 0xffffffffffffffff

Linker script and memory map

LOAD /usr/share/gcc-arm-none-eabi-10.3-2021.10/bin/../lib/gcc/arm-none-eabi/10.3.1/thumb/v7e-m+fp/hard/crti.o
LOAD /usr/share/gcc-arm-none-eabi-10.3-2021.10/bin/../lib/gcc/arm-none-eabi/10.3.1/thumb/v7e-m+fp/hard/crtbegin.o
LOAD /usr/share/gcc-arm-none-eabi-10.3-2021.10/bin/../lib/gcc/arm-none-eabi/10.3.1/../../../../arm-none-eabi/lib/thumb/v7e-m+fp/hard/crt0.o
LOAD ./objects/audioconfig.o
LOAD ./objects/audiomoth.o
LOAD ./objects/biquad.o
LOAD ./objects/butterworth.o
LOAD ./objects/digitalfilter.o
LOAD ./objects/diskio.o
LOAD ./objects/dmactrl.o
LOAD ./objects/em_acmp.o
LOAD ./objects/em_adc.o
LOAD ./objects/em_aes.o
LOAD ./objects/em_assert.o
LOAD ./objects/em_burtc.o
LOAD ./objects/em_can.o
LOAD ./objects/em_cmu.o
LOAD ./objects/em_core.o
LOAD ./objects/em_cryotimer.o
LOAD ./objects/em_crypto.o
LOAD ./objects/em_csen.o
LOAD ./objects/em_dac.o
LOAD ./objects/em_dbg.o
LOAD ./objects/em_dma.o
LOAD ./objects/em_ebi.o
LOAD ./objects/em_emu.o
LOAD ./objects/em_gpcrc.o
LOAD ./objects/em_gpio.o
LOAD ./objects/em_i2c.o
LOAD ./objects/em_idac.o
LOAD ./objects/em_lcd.o
LOAD ./objects/em_ldma.o
LOAD ./objects/em_lesense.o
LOAD ./objects/em_letimer.o
LOAD ./objects/em_leuart.o
LOAD ./objects/em_mpu.o
LOAD ./objects/em_msc.o
LOAD ./objects/em_opamp.o
LOAD ./objects/em_pcnt.o
LOAD ./objects/em_prs.o
LOAD ./objects/em_qspi.o
LOAD ./objects/em_rmu.o
LOAD ./objects/em_rtc.o
LOAD ./objects/em_rtcc.o
LOAD ./objects/em_system.o
LOAD ./objects/em_timer.o
LOAD ./objects/em_usart.o
LOAD ./objects/em_usbd.o
LOAD ./objects/em_usbdch9.o
LOAD ./objects/em_usbdep.o
LOAD ./objects/em_usbdint.o
LOAD ./objects/em_usbhal.o
LOAD ./objects/em_usbtimer.o
LOAD ./objects/em_vcmp.o
LOAD ./objects/em_vdac.o
LOAD ./objects/em_wdog.o
LOAD ./objects/ff.o
LOAD ./objects/ffunicode.o
LOAD ./objects/gps.o
LOAD ./objects/gpsinterface.o
LOAD ./objects/gpsutilities.o
LOAD ./objects/main.o
LOAD ./objects/microsd.o
LOAD ./objects/nmeaparser.o
LOAD ./objects/startup_efm32wg.o
LOAD ./objects/sunrise.o
LOAD ./objects/system_efm32wg.o
LOAD /usr/share/gcc-arm-none-eabi-10.3-2021.10/bin/../lib/gcc/arm-none-eabi/10.3.1/../../../../arm-none-eabi/lib/thumb/v7e-m+fp/hard/libm.a
START GROUP
LOAD /usr/share/gcc-arm-none-eabi-10.3-2021.10/bin/../lib/gcc/arm-none-eabi/10.3.1/thumb/v7e-m+fp/hard/libgcc.a
LOAD /usr/share/gcc-arm-none-eabi-10.3-2021.10/bin/../lib/gcc/arm-none-eabi/10.3.1/../../../../arm-none-eabi/lib/thumb/v7e-m+fp/hard/libc_nano.a
LOAD /usr/share/gcc-arm-none-eabi-10.3-2021.10/bin/../lib/gcc/arm-none-eabi/10.3.1/../../../../arm-none-eabi/lib/thumb/v7e-m+fp/hard/libnosys.a
END GROUP
START GROUP
LOAD /usr/share/gcc-arm-none-eabi-10.3-2021.10/bin/../lib/gcc/arm-none-eabi/10.3.1/thumb/v7e-m+fp/hard/libgcc.a
LOAD /usr/share/gcc-arm-none-eabi-10.3-2021.10/bin/../lib/gcc/arm-none-eabi/10.3.1/../../../../arm-none-eabi/lib/thumb/v7e-m+fp/hard/libc_nano.a
END GROUP
START GROUP
LOAD /usr/share/gcc-arm-none-eabi-10.3-2021.10/bin/../lib/gcc/arm-none-eabi/10.3.1/thumb/v7e-m+fp/hard/libgcc.a
LOAD /usr/share/gcc-arm-none-eabi-10.3-2021.10/bin/../lib/gcc/arm-none-eabi/10.3.1/../../../../arm-none-eabi/lib/thumb/v7e-m+fp/hard/libc_nano.a
END GROUP
LOAD /usr/share/gcc-arm-none-eabi-10.3-2021.10/bin/../lib/gcc/arm-none-eabi/10.3.1/thumb/v7e-m+fp/hard/crtend.o
LOAD /usr/share/gcc-arm-none-eabi-10.3-2021.10/bin/../lib/gcc/arm-none-eabi/10.3.1/thumb/v7e-m+fp/hard/crtn.o

.text           0x0000000000004000    0x2d0c0
 *(.vectors)
 .vectors       0x0000000000004000       0xe0 ./objects/startup_efm32wg.o
                0x0000000000004000                __Vectors
                0x00000000000040e0                __Vectors_End = .
                0x00000000000040e0                __Vectors_Size = (__Vectors_End - __Vectors)
                0x0000000020004248                __end__ = .
 *(.text*)
 .text          0x00000000000040e0       0x40 /usr/share/gcc-arm-none-eabi-10.3-2021.10/bin/../lib/gcc/arm-none-eabi/10.3.1/thumb/v7e-m+fp/hard/crtbegin.o
 .text          0x0000000000004120       0x7c /usr/share/gcc-arm-none-eabi-10.3-2021.10/bin/../lib/gcc/arm-none-eabi/10.3.1/../../../../arm-none-eabi/lib/thumb/v7e-m+fp/hard/crt0.o
                0x0000000000004120                _stack_init
                0x0000000000004128                _mainCRTStartup
                0x0000000000004128                _start
 .text.AudioMoth_handleMicrophoneInterrupt
                0x000000000000419c       0x14 ./objects/audioconfig.o
                0x000000000000419c                AudioMoth_handleMicrophoneInterrupt
 .text.AudioConfig_enableAudioConfiguration
                0x00000000000041b0       0x8c ./objects/audioconfig.o
                0x00000000000041b0                AudioConfig_enableAudioConfiguration
 .text.AudioConfig_disableAudioConfiguration
                0x000000000000423c        0x4 ./objects/audioconfig.o
                0x000000000000423c                AudioConfig_disableAudioConfiguration
 .text.AudioConfig_listenForAudioConfigurationTone
                0x0000000000004240      0x228 ./objects/audioconfig.o
                0x0000000000004240                AudioConfig_listenForAudioConfigurationTone
 .text.AudioConfig_listenForAudioConfigurationPackets
                0x0000000000004468      0x734 ./objects/audioconfig.o
                0x0000000000004468                AudioConfig_listenForAudioConfigurationPackets
 .text.AudioConfig_cancelAudioConfiguration
                0x0000000000004b9c        0xc ./objects/audioconfig.o
                0x0000000000004b9c                AudioConfig_cancelAudioConfiguration
 .text.setupGPIO
                0x0000000000004ba8      0x53c ./objects/audiomoth.o
 .text.transferComplete
                0x00000000000050e4       0x40 ./objects/audiomoth.o
 *fill*         0x0000000000005124        0x4 
 .text.enableEBI
                0x0000000000005128      0x1cc ./objects/audiomoth.o
 .text.dataSentHIDCallback
                0x00000000000052f4       0x1c ./objects/audiomoth.o
                0x00000000000052f4                dataSentHIDCallback
 .text.dataSentWebUSBCallback
                0x0000000000005310       0x1c ./objects/audiomoth.o
                0x0000000000005310                dataSentWebUSBCallback
 .text.setupCmd
                0x000000000000532c       0xd0 ./objects/audiomoth.o
                0x000000000000532c                setupCmd
 .text.stateChange
                0x00000000000053fc       0x44 ./objects/audiomoth.o
                0x00000000000053fc                stateChange
 .text.AudioMoth_delay.part.0
                0x0000000000005440       0xc8 ./objects/audiomoth.o
 .text.AudioMoth_getExtendedBatteryState.part.0
                0x0000000000005508       0xf4 ./objects/audiomoth.o
 .text.AudioMoth_initialise
                0x00000000000055fc      0x2f8 ./objects/audiomoth.o
                0x00000000000055fc                AudioMoth_initialise
 .text.AudioMoth_isInitialPowerUp
                0x00000000000058f4       0x1c ./objects/audiomoth.o
                0x00000000000058f4                AudioMoth_isInitialPowerUp
 .text.AudioMoth_hasInvertedOutput
                0x0000000000005910       0x18 ./objects/audiomoth.o
                0x0000000000005910                AudioMoth_hasInvertedOutput
 .text.AudioMoth_getClockFrequency
                0x0000000000005928        0x8 ./objects/audiomoth.o
                0x0000000000005928                AudioMoth_getClockFrequency
 .text.AudioMoth_setClockDivider
                0x0000000000005930       0x1c ./objects/audiomoth.o
                0x0000000000005930                AudioMoth_setClockDivider
 .text.RTC_IRQHandler
                0x000000000000594c       0x1c ./objects/audiomoth.o
                0x000000000000594c                RTC_IRQHandler
 .text.GPIO_EVEN_IRQHandler
                0x0000000000005968       0x34 ./objects/audiomoth.o
                0x0000000000005968                GPIO_EVEN_IRQHandler
 .text.ADC0_IRQHandler
                0x000000000000599c       0x28 ./objects/audiomoth.o
                0x000000000000599c                ADC0_IRQHandler
 .text.TIMER1_IRQHandler
                0x00000000000059c4       0x1c ./objects/audiomoth.o
                0x00000000000059c4                TIMER1_IRQHandler
 .text.AudioMoth_startMicrophoneSamples
                0x00000000000059e0       0x68 ./objects/audiomoth.o
                0x00000000000059e0                AudioMoth_startMicrophoneSamples
 .text.AudioMoth_initialiseMicrophoneInterrupts
                0x0000000000005a48       0x20 ./objects/audiomoth.o
                0x0000000000005a48                AudioMoth_initialiseMicrophoneInterrupts
 .text.AudioMoth_initialiseDirectMemoryAccess
                0x0000000000005a68       0xac ./objects/audiomoth.o
                0x0000000000005a68                AudioMoth_initialiseDirectMemoryAccess
 .text.AudioMoth_enableMicrophone
                0x0000000000005b14      0x2cc ./objects/audiomoth.o
                0x0000000000005b14                AudioMoth_enableMicrophone
 .text.AudioMoth_disableMicrophone
                0x0000000000005de0       0xc4 ./objects/audiomoth.o
                0x0000000000005de0                AudioMoth_disableMicrophone
 .text.AudioMoth_enableExternalSRAM
                0x0000000000005ea4       0x2c ./objects/audiomoth.o
                0x0000000000005ea4                AudioMoth_enableExternalSRAM
 .text.AudioMoth_delay
                0x0000000000005ed0        0x8 ./objects/audiomoth.o
                0x0000000000005ed0                AudioMoth_delay
 .text.AudioMoth_sleep
                0x0000000000005ed8       0x14 ./objects/audiomoth.o
                0x0000000000005ed8                AudioMoth_sleep
 .text.AudioMoth_deepSleep
                0x0000000000005eec        0x8 ./objects/audiomoth.o
                0x0000000000005eec                AudioMoth_deepSleep
 .text.AudioMoth_powerDownAndWakeMilliseconds
                0x0000000000005ef4       0x50 ./objects/audiomoth.o
                0x0000000000005ef4                AudioMoth_powerDownAndWakeMilliseconds
 .text.AudioMoth_enableSupplyMonitor
                0x0000000000005f44       0x44 ./objects/audiomoth.o
                0x0000000000005f44                AudioMoth_enableSupplyMonitor
 .text.AudioMoth_disableSupplyMonitor
                0x0000000000005f88       0x18 ./objects/audiomoth.o
                0x0000000000005f88                AudioMoth_disableSupplyMonitor
 .text.AudioMoth_setSupplyMonitorThreshold
                0x0000000000005fa0       0x40 ./objects/audiomoth.o
                0x0000000000005fa0                AudioMoth_setSupplyMonitorThreshold
 .text.AudioMoth_isSupplyAboveThreshold
                0x0000000000005fe0        0xc ./objects/audiomoth.o
                0x0000000000005fe0                AudioMoth_isSupplyAboveThreshold
 .text.AudioMoth_getSupplyVoltage
                0x0000000000005fec       0x94 ./objects/audiomoth.o
                0x0000000000005fec                AudioMoth_getSupplyVoltage
 .text.handleUSBPacket
                0x0000000000006080      0x2f0 ./objects/audiomoth.o
                0x0000000000006080                handleUSBPacket
 .text.dataReceivedHIDCallback
                0x0000000000006370       0x20 ./objects/audiomoth.o
                0x0000000000006370                dataReceivedHIDCallback
 .text.dataReceivedWebUSBCallback
                0x0000000000006390       0x20 ./objects/audiomoth.o
                0x0000000000006390                dataReceivedWebUSBCallback
 .text.AudioMoth_getExtendedBatteryState
                0x00000000000063b0       0x18 ./objects/audiomoth.o
                0x00000000000063b0                AudioMoth_getExtendedBatteryState
 .text.AudioMoth_getBatteryState
                0x00000000000063c8       0x30 ./objects/audiomoth.o
                0x00000000000063c8                AudioMoth_getBatteryState
 .text.AudioMoth_enableTemperature
                0x00000000000063f8       0x6c ./objects/audiomoth.o
                0x00000000000063f8                AudioMoth_enableTemperature
 .text.AudioMoth_disableTemperature
                0x0000000000006464       0x1c ./objects/audiomoth.o
                0x0000000000006464                AudioMoth_disableTemperature
 .text.AudioMoth_getTemperature
                0x0000000000006480       0x60 ./objects/audiomoth.o
                0x0000000000006480                AudioMoth_getTemperature
 .text.AudioMoth_getSwitchPosition
                0x00000000000064e0       0x40 ./objects/audiomoth.o
                0x00000000000064e0                AudioMoth_getSwitchPosition
 .text.AudioMoth_hasTimeBeenSet
                0x0000000000006520       0x1c ./objects/audiomoth.o
                0x0000000000006520                AudioMoth_hasTimeBeenSet
 .text.AudioMoth_setTime
                0x000000000000653c       0x6c ./objects/audiomoth.o
                0x000000000000653c                AudioMoth_setTime
 .text.AudioMoth_getTime
                0x00000000000065a8       0x98 ./objects/audiomoth.o
                0x00000000000065a8                AudioMoth_getTime
 .text.AudioMoth_startRealTimeClock
                0x0000000000006640       0x8c ./objects/audiomoth.o
                0x0000000000006640                AudioMoth_startRealTimeClock
 .text.AudioMoth_checkAndHandleTimeOverflow
                0x00000000000066cc       0x1c ./objects/audiomoth.o
                0x00000000000066cc                AudioMoth_checkAndHandleTimeOverflow
 .text.get_fattime
                0x00000000000066e8       0xb8 ./objects/audiomoth.o
                0x00000000000066e8                get_fattime
 .text.AudioMoth_setRedLED
                0x00000000000067a0        0xc ./objects/audiomoth.o
                0x00000000000067a0                AudioMoth_setRedLED
 .text.AudioMoth_setBothLED
                0x00000000000067ac       0x24 ./objects/audiomoth.o
                0x00000000000067ac                AudioMoth_setBothLED
 .text.AudioMoth_handleUSB
                0x00000000000067d0      0x510 ./objects/audiomoth.o
                0x00000000000067d0                AudioMoth_handleUSB
 .text.AudioMoth_setGreenLED
                0x0000000000006ce0        0xc ./objects/audiomoth.o
                0x0000000000006ce0                AudioMoth_setGreenLED
 .text.AudioMoth_enableFileSystem
                0x0000000000006cec       0x60 ./objects/audiomoth.o
                0x0000000000006cec                AudioMoth_enableFileSystem
 .text.AudioMoth_openFile
                0x0000000000006d4c       0x18 ./objects/audiomoth.o
                0x0000000000006d4c                AudioMoth_openFile
 .text.AudioMoth_appendFile
                0x0000000000006d64       0x34 ./objects/audiomoth.o
                0x0000000000006d64                AudioMoth_appendFile
 .text.AudioMoth_seekInFile
                0x0000000000006d98       0x18 ./objects/audiomoth.o
                0x0000000000006d98                AudioMoth_seekInFile
 .text.AudioMoth_writeToFile
                0x0000000000006db0       0x2c ./objects/audiomoth.o
                0x0000000000006db0                AudioMoth_writeToFile
 .text.AudioMoth_renameFile
                0x0000000000006ddc       0x10 ./objects/audiomoth.o
                0x0000000000006ddc                AudioMoth_renameFile
 .text.AudioMoth_syncFile
                0x0000000000006dec       0x14 ./objects/audiomoth.o
                0x0000000000006dec                AudioMoth_syncFile
 .text.AudioMoth_closeFile
                0x0000000000006e00       0x14 ./objects/audiomoth.o
                0x0000000000006e00                AudioMoth_closeFile
 .text.AudioMoth_doesDirectoryExist
                0x0000000000006e14       0x10 ./objects/audiomoth.o
                0x0000000000006e14                AudioMoth_doesDirectoryExist
 .text.AudioMoth_makeDirectory
                0x0000000000006e24       0x10 ./objects/audiomoth.o
                0x0000000000006e24                AudioMoth_makeDirectory
 .text._write   0x0000000000006e34       0x60 ./objects/audiomoth.o
                0x0000000000006e34                _write
 .text.Biquad_designLowPassFilter
                0x0000000000006e94       0xe8 ./objects/biquad.o
                0x0000000000006e94                Biquad_designLowPassFilter
 .text.Biquad_initialise
                0x0000000000006f7c       0x10 ./objects/biquad.o
                0x0000000000006f7c                Biquad_initialise
 .text.Biquad_applyFilter
                0x0000000000006f8c       0x68 ./objects/biquad.o
                0x0000000000006f8c                Biquad_applyFilter
 .text.expand.constprop.0
                0x0000000000006ff4      0x1c4 ./objects/butterworth.o
 .text.expand.constprop.1
                0x00000000000071b8       0xac ./objects/butterworth.o
 .text.Butterworth_designLowPassFilter
                0x0000000000007264      0x190 ./objects/butterworth.o
                0x0000000000007264                Butterworth_designLowPassFilter
 .text.Butterworth_designBandPassFilter
                0x00000000000073f4      0x430 ./objects/butterworth.o
                0x00000000000073f4                Butterworth_designBandPassFilter
 .text.Butterworth_initialise
                0x0000000000007824       0x10 ./objects/butterworth.o
                0x0000000000007824                Butterworth_initialise
 .text.Butterworth_applyLowPassFilter
                0x0000000000007834       0x34 ./objects/butterworth.o
                0x0000000000007834                Butterworth_applyLowPassFilter
 .text.Butterworth_applyBandPassFilter
                0x0000000000007868       0x4c ./objects/butterworth.o
                0x0000000000007868                Butterworth_applyBandPassFilter
 .text.expand.constprop.0
                0x00000000000078b4      0x1c4 ./objects/digitalfilter.o
 .text.expand.constprop.1
                0x0000000000007a78       0xac ./objects/digitalfilter.o
 .text.designFilter
                0x0000000000007b24      0x590 ./objects/digitalfilter.o
 .text.DigitalFilter_setAdditionalGain
                0x00000000000080b4       0x14 ./objects/digitalfilter.o
                0x00000000000080b4                DigitalFilter_setAdditionalGain
 .text.DigitalFilter_applyFilter
                0x00000000000080c8      0x6fc ./objects/digitalfilter.o
                0x00000000000080c8                DigitalFilter_applyFilter
 .text.DigitalFilter_applyFrequencyTrigger
                0x00000000000087c4      0x2a8 ./objects/digitalfilter.o
                0x00000000000087c4                DigitalFilter_applyFrequencyTrigger
 .text.DigitalFilter_designHighPassFilter
                0x0000000000008a6c       0x10 ./objects/digitalfilter.o
                0x0000000000008a6c                DigitalFilter_designHighPassFilter
 .text.DigitalFilter_designBandPassFilter
                0x0000000000008a7c       0x54 ./objects/digitalfilter.o
                0x0000000000008a7c                DigitalFilter_designBandPassFilter
 .text.DigitalFilter_setAmplitudeThreshold
                0x0000000000008ad0        0xc ./objects/digitalfilter.o
                0x0000000000008ad0                DigitalFilter_setAmplitudeThreshold
 .text.DigitalFilter_setFrequencyTrigger
                0x0000000000008adc       0xec ./objects/digitalfilter.o
                0x0000000000008adc                DigitalFilter_setFrequencyTrigger
 .text.disk_initialize
                0x0000000000008bc8      0x140 ./objects/diskio.o
                0x0000000000008bc8                disk_initialize
 .text.disk_status
                0x0000000000008d08       0x10 ./objects/diskio.o
                0x0000000000008d08                disk_status
 .text.disk_read
                0x0000000000008d18       0x8c ./objects/diskio.o
                0x0000000000008d18                disk_read
 .text.disk_write
                0x0000000000008da4       0xbc ./objects/diskio.o
                0x0000000000008da4                disk_write
 .text.disk_ioctl
                0x0000000000008e60      0x218 ./objects/diskio.o
                0x0000000000008e60                disk_ioctl
 .text.ACMP_Disable
                0x0000000000009078        0xc ./objects/em_acmp.o
                0x0000000000009078                ACMP_Disable
 .text.ACMP_Enable
                0x0000000000009084        0xc ./objects/em_acmp.o
                0x0000000000009084                ACMP_Enable
 .text.ACMP_ChannelSet
                0x0000000000009090       0x10 ./objects/em_acmp.o
                0x0000000000009090                ACMP_ChannelSet
 .text.ACMP_Init
                0x00000000000090a0       0x5c ./objects/em_acmp.o
                0x00000000000090a0                ACMP_Init
 .text.ADC_Init
                0x00000000000090fc       0x70 ./objects/em_adc.o
                0x00000000000090fc                ADC_Init
 .text.ADC_InitSingle
                0x000000000000916c       0xec ./objects/em_adc.o
                0x000000000000916c                ADC_InitSingle
 .text.ADC_PrescaleCalc
                0x0000000000009258       0x3c ./objects/em_adc.o
                0x0000000000009258                ADC_PrescaleCalc
 .text.ADC_Reset
                0x0000000000009294       0x80 ./objects/em_adc.o
                0x0000000000009294                ADC_Reset
 .text.ADC_TimebaseCalc
                0x0000000000009314       0x3c ./objects/em_adc.o
                0x0000000000009314                ADC_TimebaseCalc
 .text.BURTC_Init
                0x0000000000009350       0x80 ./objects/em_burtc.o
                0x0000000000009350                BURTC_Init
 .text.BURTC_CompareSet
                0x00000000000093d0       0x20 ./objects/em_burtc.o
                0x00000000000093d0                BURTC_CompareSet
 .text.lfClkGet
                0x00000000000093f0      0x154 ./objects/em_cmu.o
 .text.CMU_ClockDivSet
                0x0000000000009544      0x334 ./objects/em_cmu.o
                0x0000000000009544                CMU_ClockDivSet
 .text.CMU_ClockEnable
                0x0000000000009878       0xc4 ./objects/em_cmu.o
                0x0000000000009878                CMU_ClockEnable
 .text.CMU_ClockFreqGet
                0x000000000000993c      0x1ec ./objects/em_cmu.o
                0x000000000000993c                CMU_ClockFreqGet
 .text.CMU_ClockSelectGet
                0x0000000000009b28       0xc4 ./objects/em_cmu.o
                0x0000000000009b28                CMU_ClockSelectGet
 .text.CMU_ClockSelectSet
                0x0000000000009bec      0x31c ./objects/em_cmu.o
                0x0000000000009bec                CMU_ClockSelectSet
 .text.CMU_OscillatorEnable
                0x0000000000009f08       0x50 ./objects/em_cmu.o
                0x0000000000009f08                CMU_OscillatorEnable
 .text.CORE_AtomicDisableIrq
                0x0000000000009f58        0x4 ./objects/em_core.o
                0x0000000000009f58                CORE_AtomicDisableIrq
 .text.CORE_AtomicEnableIrq
                0x0000000000009f5c        0x4 ./objects/em_core.o
                0x0000000000009f5c                CORE_AtomicEnableIrq
 .text.CORE_EnterAtomic
                0x0000000000009f60        0x8 ./objects/em_core.o
                0x0000000000009f60                CORE_EnterAtomic
 .text.CORE_ExitAtomic
                0x0000000000009f68        0x8 ./objects/em_core.o
                0x0000000000009f68                CORE_ExitAtomic
 .text.DMA_IRQHandler
                0x0000000000009f70       0x80 ./objects/em_dma.o
                0x0000000000009f70                DMA_IRQHandler
 .text.DMA_ActivatePingPong
                0x0000000000009ff0       0xfc ./objects/em_dma.o
                0x0000000000009ff0                DMA_ActivatePingPong
 .text.DMA_CfgChannel
                0x000000000000a0ec       0x58 ./objects/em_dma.o
                0x000000000000a0ec                DMA_CfgChannel
 .text.DMA_CfgDescr
                0x000000000000a144       0x40 ./objects/em_dma.o
                0x000000000000a144                DMA_CfgDescr
 .text.DMA_Init
                0x000000000000a184       0x90 ./objects/em_dma.o
                0x000000000000a184                DMA_Init
 .text.DMA_RefreshPingPong
                0x000000000000a214       0x80 ./objects/em_dma.o
                0x000000000000a214                DMA_RefreshPingPong
 .text.DMA_Reset
                0x000000000000a294       0x68 ./objects/em_dma.o
                0x000000000000a294                DMA_Reset
 .text.EBI_Init
                0x000000000000a2fc      0x66c ./objects/em_ebi.o
                0x000000000000a2fc                EBI_Init
 .text.EMU_EnterEM2
                0x000000000000a968       0xe4 ./objects/em_emu.o
                0x000000000000a968                EMU_EnterEM2
 .text.EMU_EnterEM4
                0x000000000000aa4c       0x30 ./objects/em_emu.o
                0x000000000000aa4c                EMU_EnterEM4
 .text.EMU_EM4Init
                0x000000000000aa7c       0x30 ./objects/em_emu.o
                0x000000000000aa7c                EMU_EM4Init
 .text.GPIO_ExtIntConfig
                0x000000000000aaac       0x78 ./objects/em_gpio.o
                0x000000000000aaac                GPIO_ExtIntConfig
 .text.GPIO_PinModeSet
                0x000000000000ab24       0xa0 ./objects/em_gpio.o
                0x000000000000ab24                GPIO_PinModeSet
 .text.MSC_Init
                0x000000000000abc4       0x74 ./objects/em_msc.o
                0x000000000000abc4                MSC_Init
 .text.OPAMP_Enable
                0x000000000000ac38      0x240 ./objects/em_opamp.o
                0x000000000000ac38                OPAMP_Enable
 .text.PRS_SourceSignalSet
                0x000000000000ae78       0x20 ./objects/em_prs.o
                0x000000000000ae78                PRS_SourceSignalSet
 .text.RMU_ResetControl
                0x000000000000ae98       0x20 ./objects/em_rmu.o
                0x000000000000ae98                RMU_ResetControl
 .text.RMU_ResetCauseClear
                0x000000000000aeb8       0x44 ./objects/em_rmu.o
                0x000000000000aeb8                RMU_ResetCauseClear
 .text.RMU_ResetCauseGet
                0x000000000000aefc      0x11c ./objects/em_rmu.o
                0x000000000000aefc                RMU_ResetCauseGet
 .text.RTC_CompareSet
                0x000000000000b018       0x18 ./objects/em_rtc.o
                0x000000000000b018                RTC_CompareSet
 .text.RTC_Init
                0x000000000000b030       0x1c ./objects/em_rtc.o
                0x000000000000b030                RTC_Init
 .text.RTC_Reset
                0x000000000000b04c       0x18 ./objects/em_rtc.o
                0x000000000000b04c                RTC_Reset
 .text.SYSTEM_GetCalibrationValue
                0x000000000000b064       0x2c ./objects/em_system.o
                0x000000000000b064                SYSTEM_GetCalibrationValue
 .text.TIMER_Init
                0x000000000000b090       0x70 ./objects/em_timer.o
                0x000000000000b090                TIMER_Init
 .text.TIMER_InitCC
                0x000000000000b100       0x54 ./objects/em_timer.o
                0x000000000000b100                TIMER_InitCC
 .text.TIMER_Reset
                0x000000000000b154       0x4c ./objects/em_timer.o
                0x000000000000b154                TIMER_Reset
 .text.USART_BaudrateSyncSet
                0x000000000000b1a0       0x24 ./objects/em_usart.o
                0x000000000000b1a0                USART_BaudrateSyncSet
 .text.USART_Enable
                0x000000000000b1c4       0x10 ./objects/em_usart.o
                0x000000000000b1c4                USART_Enable
 .text.USART_InitAsync
                0x000000000000b1d4       0xd8 ./objects/em_usart.o
                0x000000000000b1d4                USART_InitAsync
 .text.USART_InitSync
                0x000000000000b2ac       0xb8 ./objects/em_usart.o
                0x000000000000b2ac                USART_InitSync
 .text.USART_Reset
                0x000000000000b364       0x54 ./objects/em_usart.o
                0x000000000000b364                USART_Reset
 .text.USART_Rx
                0x000000000000b3b8        0xc ./objects/em_usart.o
                0x000000000000b3b8                USART_Rx
 .text.USART_SpiTransfer
                0x000000000000b3c4       0x14 ./objects/em_usart.o
                0x000000000000b3c4                USART_SpiTransfer
 .text.USBD_AbortAllTransfers
                0x000000000000b3d8       0x1c ./objects/em_usbd.o
                0x000000000000b3d8                USBD_AbortAllTransfers
 .text.USBD_AbortTransfer
                0x000000000000b3f4       0xc0 ./objects/em_usbd.o
                0x000000000000b3f4                USBD_AbortTransfer
 .text.USBD_Disconnect
                0x000000000000b4b4       0x1c ./objects/em_usbd.o
                0x000000000000b4b4                USBD_Disconnect
 .text.USBD_GetUsbState
                0x000000000000b4d0       0x10 ./objects/em_usbd.o
                0x000000000000b4d0                USBD_GetUsbState
 .text.USBD_Init
                0x000000000000b4e0      0x29c ./objects/em_usbd.o
                0x000000000000b4e0                USBD_Init
 .text.USBD_Read
                0x000000000000b77c      0x178 ./objects/em_usbd.o
                0x000000000000b77c                USBD_Read
 .text.USBD_SafeToEnterEM2
                0x000000000000b8f4        0xc ./objects/em_usbd.o
                0x000000000000b8f4                USBD_SafeToEnterEM2
 .text.USBD_SetUsbState
                0x000000000000b900       0x30 ./objects/em_usbd.o
                0x000000000000b900                USBD_SetUsbState
 .text.USBD_Stop
                0x000000000000b930       0x6c ./objects/em_usbd.o
                0x000000000000b930                USBD_Stop
 .text.USBD_Write
                0x000000000000b99c      0x17c ./objects/em_usbd.o
                0x000000000000b99c                USBD_Write
 .text.USBDCH9_SetupCmd
                0x000000000000bb18      0xd44 ./objects/em_usbdch9.o
                0x000000000000bb18                USBDCH9_SetupCmd
 .text.USBDEP_Ep0Handler
                0x000000000000c85c      0x308 ./objects/em_usbdep.o
                0x000000000000c85c                USBDEP_Ep0Handler
 .text.USBDEP_EpHandler
                0x000000000000cb64       0x6c ./objects/em_usbdep.o
                0x000000000000cb64                USBDEP_EpHandler
 .text.RestoreEpCtrlRegisters
                0x000000000000cbd0      0x160 ./objects/em_usbdint.o
 .text.UsbPowerUp.part.0
                0x000000000000cd30      0x104 ./objects/em_usbdint.o
 .text.UsbPowerDown.part.0.isra.0
                0x000000000000ce34      0x1d8 ./objects/em_usbdint.o
 .text.USB_IRQHandler
                0x000000000000d00c      0x5c8 ./objects/em_usbdint.o
                0x000000000000d00c                USB_IRQHandler
 .text.USBDHAL_CoreInit
                0x000000000000d5d4      0x398 ./objects/em_usbhal.o
                0x000000000000d5d4                USBDHAL_CoreInit
 .text.USBDHAL_Disconnect
                0x000000000000d96c       0x1c ./objects/em_usbhal.o
                0x000000000000d96c                USBDHAL_Disconnect
 .text.USBDHAL_AbortEpIn
                0x000000000000d988       0xd4 ./objects/em_usbhal.o
                0x000000000000d988                USBDHAL_AbortEpIn
 .text.USBDHAL_AbortEpOut
                0x000000000000da5c      0x110 ./objects/em_usbhal.o
                0x000000000000da5c                USBDHAL_AbortEpOut
 .text.USBDHAL_AbortAllEps
                0x000000000000db6c      0x700 ./objects/em_usbhal.o
                0x000000000000db6c                USBDHAL_AbortAllEps
 .text.USBDHAL_AbortAllTransfers
                0x000000000000e26c       0xc0 ./objects/em_usbhal.o
                0x000000000000e26c                USBDHAL_AbortAllTransfers
 .text.USBTIMER_DelayMs
                0x000000000000e32c       0x78 ./objects/em_usbtimer.o
                0x000000000000e32c                USBTIMER_DelayMs
 .text.USBTIMER_DelayUs
                0x000000000000e3a4       0xbc ./objects/em_usbtimer.o
                0x000000000000e3a4                USBTIMER_DelayUs
 .text.USBTIMER_Init
                0x000000000000e460       0xc8 ./objects/em_usbtimer.o
                0x000000000000e460                USBTIMER_Init
 .text.VCMP_Init
                0x000000000000e528       0xec ./objects/em_vcmp.o
                0x000000000000e528                VCMP_Init
 .text.WDOGn_Enable
                0x000000000000e614       0x34 ./objects/em_wdog.o
                0x000000000000e614                WDOGn_Enable
 .text.WDOGn_Feed
                0x000000000000e648       0x18 ./objects/em_wdog.o
                0x000000000000e648                WDOGn_Feed
 .text.WDOGn_Init
                0x000000000000e660       0x48 ./objects/em_wdog.o
                0x000000000000e660                WDOGn_Init
 .text.sync_fs  0x000000000000e6a8       0xd4 ./objects/ff.o
 .text.init_alloc_info.isra.0
                0x000000000000e77c       0x1c ./objects/ff.o
 .text.get_fileinfo
                0x000000000000e798      0x2dc ./objects/ff.o
 .text.move_window.part.0
                0x000000000000ea74       0x64 ./objects/ff.o
 .text.put_fat.part.0
                0x000000000000ead8      0x148 ./objects/ff.o
 .text.get_fat  0x000000000000ec20      0x140 ./objects/ff.o
 .text.dir_next.constprop.0
                0x000000000000ed60       0x94 ./objects/ff.o
 .text.load_xdir
                0x000000000000edf4      0x1f4 ./objects/ff.o
 .text.dir_clear
                0x000000000000efe8       0x90 ./objects/ff.o
 .text.check_fs
                0x000000000000f078       0xf0 ./objects/ff.o
 .text.find_volume
                0x000000000000f168      0x424 ./objects/ff.o
 .text.dir_read.constprop.0
                0x000000000000f58c      0x460 ./objects/ff.o
 .text.dir_sdi  0x000000000000f9ec      0x224 ./objects/ff.o
 .text.store_xdir
                0x000000000000fc10      0x1ac ./objects/ff.o
 .text.dir_remove
                0x000000000000fdbc      0x148 ./objects/ff.o
 .text.dir_find
                0x000000000000ff04      0x394 ./objects/ff.o
 .text.follow_path
                0x0000000000010298      0x37c ./objects/ff.o
 .text.create_chain
                0x0000000000010614      0x420 ./objects/ff.o
 .text.dir_alloc
                0x0000000000010a34      0x180 ./objects/ff.o
 .text.dir_register
                0x0000000000010bb4      0x8a4 ./objects/ff.o
 .text.remove_chain
                0x0000000000011458      0x320 ./objects/ff.o
 .text.f_mount  0x0000000000011778       0x64 ./objects/ff.o
                0x0000000000011778                f_mount
 *fill*         0x00000000000117dc        0x4 
 .text.f_open   0x00000000000117e0      0x308 ./objects/ff.o
                0x00000000000117e0                f_open
 .text.f_write  0x0000000000011ae8      0x2cc ./objects/ff.o
                0x0000000000011ae8                f_write
 .text.f_sync   0x0000000000011db4      0x2b0 ./objects/ff.o
                0x0000000000011db4                f_sync
 .text.f_close  0x0000000000012064       0x34 ./objects/ff.o
                0x0000000000012064                f_close
 .text.f_lseek  0x0000000000012098      0x2c4 ./objects/ff.o
                0x0000000000012098                f_lseek
 .text.f_stat   0x000000000001235c       0x44 ./objects/ff.o
                0x000000000001235c                f_stat
 .text.f_mkdir  0x00000000000123a0      0x1f8 ./objects/ff.o
                0x00000000000123a0                f_mkdir
 .text.f_rename
                0x0000000000012598      0x284 ./objects/ff.o
                0x0000000000012598                f_rename
 .text.ff_uni2oem
                0x000000000001281c      0x1e0 ./objects/ffunicode.o
                0x000000000001281c                ff_uni2oem
 .text.ff_oem2uni
                0x00000000000129fc      0x1d0 ./objects/ffunicode.o
                0x00000000000129fc                ff_oem2uni
 .text.ff_wtoupper
                0x0000000000012bcc       0xa8 ./objects/ffunicode.o
                0x0000000000012bcc                ff_wtoupper
 .text.GPIO_ODD_IRQHandler
                0x0000000000012c74       0x18 ./objects/gps.o
                0x0000000000012c74                GPIO_ODD_IRQHandler
 .text.GPSInterface_handleReceivedByte
                0x0000000000012c8c       0x5c ./objects/gps.o
                0x0000000000012c8c                GPSInterface_handleReceivedByte
 .text.GPSInterface_handlePulsePerSecond
                0x0000000000012ce8       0x48 ./objects/gps.o
                0x0000000000012ce8                GPSInterface_handlePulsePerSecond
 .text.GPSInterface_handleTick
                0x0000000000012d30       0x14 ./objects/gps.o
                0x0000000000012d30                GPSInterface_handleTick
 .text.GPS_powerUpGPS
                0x0000000000012d44        0xc ./objects/gps.o
                0x0000000000012d44                GPS_powerUpGPS
 .text.GPS_powerDownGPS
                0x0000000000012d50        0xc ./objects/gps.o
                0x0000000000012d50                GPS_powerDownGPS
 .text.GPS_enableGPSInterface
                0x0000000000012d5c        0x8 ./objects/gps.o
                0x0000000000012d5c                GPS_enableGPSInterface
 .text.GPS_disableGPSInterface
                0x0000000000012d64        0x4 ./objects/gps.o
                0x0000000000012d64                GPS_disableGPSInterface
 .text.GPS_enableMagneticSwitch
                0x0000000000012d68       0x38 ./objects/gps.o
                0x0000000000012d68                GPS_enableMagneticSwitch
 .text.GPS_isMagneticSwitchClosed
                0x0000000000012da0       0x14 ./objects/gps.o
                0x0000000000012da0                GPS_isMagneticSwitchClosed
 .text.GPS_setTimeFromGPS
                0x0000000000012db4      0x320 ./objects/gps.o
                0x0000000000012db4                GPS_setTimeFromGPS
 .text.GPS_cancelTimeSetting
                0x00000000000130d4       0x1c ./objects/gps.o
                0x00000000000130d4                GPS_cancelTimeSetting
 .text.UART1_RX_IRQHandler
                0x00000000000130f0       0x24 ./objects/gpsinterface.o
                0x00000000000130f0                UART1_RX_IRQHandler
 .text.TIMER2_IRQHandler
                0x0000000000013114       0x54 ./objects/gpsinterface.o
                0x0000000000013114                TIMER2_IRQHandler
 .text.GPSInterface_disable
                0x0000000000013168       0x60 ./objects/gpsinterface.o
                0x0000000000013168                GPSInterface_disable
 .text.GPSInterface_enable
                0x00000000000131c8      0x13c ./objects/gpsinterface.o
                0x00000000000131c8                GPSInterface_enable
 .text.GPSUtilities_getTime
                0x0000000000013304       0x98 ./objects/gpsutilities.o
                0x0000000000013304                GPSUtilities_getTime
 .text.writeGPSLogMessage
                0x000000000001339c       0x54 ./objects/main.o
 .text.formatPercentage
                0x00000000000133f0       0x4c ./objects/main.o
 .text.determineTimeOfNextSunriseSunsetCalculation
                0x000000000001343c       0xc0 ./objects/main.o
 .text.setTimeFromGPS
                0x00000000000134fc       0xcc ./objects/main.o
 .text.setBackupFlag.part.0
                0x00000000000135c8       0x1c ./objects/main.o
 .text.generateFolderAndFilename.constprop.0
                0x00000000000135e4       0xe8 ./objects/main.o
 .text.scheduleRecording.constprop.0
                0x00000000000136cc      0x34c ./objects/main.o
 .text.setBackupFlag.part.0.constprop.0
                0x0000000000013a18       0x14 ./objects/main.o
 .text.copyToBackupDomain.constprop.1
                0x0000000000013a2c       0x98 ./objects/main.o
 .text.writeConfigurationToFile.constprop.0
                0x0000000000013ac4      0xfcc ./objects/main.o
 .text.startWaitingForMagneticSwitch
                0x0000000000014a90       0x48 ./objects/main.o
 .text.determineSunriseAndSunsetTimes
                0x0000000000014ad8      0x478 ./objects/main.o
 .text.determineSunriseAndSunsetTimesAndScheduleRecording
                0x0000000000014f50      0x314 ./objects/main.o
 .text.setHeaderComment.constprop.0
                0x0000000000015264      0x500 ./objects/main.o
 .text.startup.main
                0x0000000000015764     0x1d88 ./objects/main.o
                0x0000000000015764                main
 .text.AudioMoth_timezoneRequested
                0x00000000000174ec       0x14 ./objects/main.o
                0x00000000000174ec                AudioMoth_timezoneRequested
 .text.GPS_handleSetTime
                0x0000000000017500      0x224 ./objects/main.o
                0x0000000000017500                GPS_handleSetTime
 .text.GPS_handleGetTime
                0x0000000000017724        0x4 ./objects/main.o
                0x0000000000017724                GPS_handleGetTime
 .text.GPS_handleTickEvent
                0x0000000000017728       0x8c ./objects/main.o
                0x0000000000017728                GPS_handleTickEvent
 .text.GPS_handlePPSEvent
                0x00000000000177b4       0x64 ./objects/main.o
                0x00000000000177b4                GPS_handlePPSEvent
 .text.GPS_handleFixEvent
                0x0000000000017818      0x158 ./objects/main.o
                0x0000000000017818                GPS_handleFixEvent
 .text.GPS_handleMessageEvent
                0x0000000000017970       0x74 ./objects/main.o
                0x0000000000017970                GPS_handleMessageEvent
 .text.GPS_handleMagneticSwitchInterrupt
                0x00000000000179e4       0x10 ./objects/main.o
                0x00000000000179e4                GPS_handleMagneticSwitchInterrupt
 .text.AudioMoth_handleMicrophoneChangeInterrupt
                0x00000000000179f4        0xc ./objects/main.o
                0x00000000000179f4                AudioMoth_handleMicrophoneChangeInterrupt
 .text.AudioMoth_handleSwitchInterrupt
                0x0000000000017a00       0x1c ./objects/main.o
                0x0000000000017a00                AudioMoth_handleSwitchInterrupt
 .text.AudioMoth_handleDirectMemoryAccessInterrupt
                0x0000000000017a1c       0xa4 ./objects/main.o
                0x0000000000017a1c                AudioMoth_handleDirectMemoryAccessInterrupt
 .text.AudioMoth_usbFirmwareVersionRequested
                0x0000000000017ac0        0xc ./objects/main.o
                0x0000000000017ac0                AudioMoth_usbFirmwareVersionRequested
 .text.AudioMoth_usbFirmwareDescriptionRequested
                0x0000000000017acc        0xc ./objects/main.o
                0x0000000000017acc                AudioMoth_usbFirmwareDescriptionRequested
 .text.AudioMoth_usbApplicationPacketRequested
                0x0000000000017ad8        0x4 ./objects/main.o
                0x0000000000017ad8                AudioMoth_usbApplicationPacketRequested
 .text.AudioMoth_usbApplicationPacketReceived
                0x0000000000017adc        0x4 ./objects/main.o
                0x0000000000017adc                AudioMoth_usbApplicationPacketReceived
 .text.AudioConfig_handleAudioConfigurationEvent
                0x0000000000017ae0       0xa0 ./objects/main.o
                0x0000000000017ae0                AudioConfig_handleAudioConfigurationEvent
 .text.AudioConfig_handleAudioConfigurationPacket
                0x0000000000017b80      0x108 ./objects/main.o
                0x0000000000017b80                AudioConfig_handleAudioConfigurationPacket
 .text.MICROSD_Init
                0x0000000000017c88       0x9c ./objects/microsd.o
                0x0000000000017c88                MICROSD_Init
 .text.MICROSD_DoubleSpiClkFast
                0x0000000000017d24        0xc ./objects/microsd.o
                0x0000000000017d24                MICROSD_DoubleSpiClkFast
 .text.MICROSD_XferSpi
                0x0000000000017d30       0x1c ./objects/microsd.o
                0x0000000000017d30                MICROSD_XferSpi
 .text.MICROSD_Deselect
                0x0000000000017d4c       0x24 ./objects/microsd.o
                0x0000000000017d4c                MICROSD_Deselect
 .text.MICROSD_Select
                0x0000000000017d70       0x60 ./objects/microsd.o
                0x0000000000017d70                MICROSD_Select
 .text.MICROSD_PowerOn
                0x0000000000017dd0        0xc ./objects/microsd.o
                0x0000000000017dd0                MICROSD_PowerOn
 .text.MICROSD_PowerOff
                0x0000000000017ddc       0x80 ./objects/microsd.o
                0x0000000000017ddc                MICROSD_PowerOff
 .text.MICROSD_BlockRx
                0x0000000000017e5c       0xc0 ./objects/microsd.o
                0x0000000000017e5c                MICROSD_BlockRx
 .text.MICROSD_BlockTx
                0x0000000000017f1c       0xf0 ./objects/microsd.o
                0x0000000000017f1c                MICROSD_BlockTx
 .text.MICROSD_SendCmd
                0x000000000001800c      0x150 ./objects/microsd.o
                0x000000000001800c                MICROSD_SendCmd
 .text.MICROSD_SpiClkSlow
                0x000000000001815c       0x20 ./objects/microsd.o
                0x000000000001815c                MICROSD_SpiClkSlow
 .text.MICROSD_SpiClkFast
                0x000000000001817c       0x40 ./objects/microsd.o
                0x000000000001817c                MICROSD_SpiClkFast
 .text.MICROSD_TimeOutSet
                0x00000000000181bc       0x18 ./objects/microsd.o
                0x00000000000181bc                MICROSD_TimeOutSet
 .text.MICROSD_TimeOutElapsed
                0x00000000000181d4       0x10 ./objects/microsd.o
                0x00000000000181d4                MICROSD_TimeOutElapsed
 .text.RMC45    0x00000000000181e4       0x5c ./objects/nmeaparser.o
                0x00000000000181e4                RMC45
 .text.DEFAULT01
                0x0000000000018240       0x78 ./objects/nmeaparser.o
                0x0000000000018240                DEFAULT01
 .text.RMC46    0x00000000000182b8       0x5c ./objects/nmeaparser.o
                0x00000000000182b8                RMC46
 .text.RMC53    0x0000000000018314       0x58 ./objects/nmeaparser.o
                0x0000000000018314                RMC53
 .text.RMC00    0x000000000001836c       0x28 ./objects/nmeaparser.o
                0x000000000001836c                RMC00
 .text.DEFAULT00
                0x0000000000018394       0x28 ./objects/nmeaparser.o
                0x0000000000018394                DEFAULT00
 .text.RMC01    0x00000000000183bc       0x40 ./objects/nmeaparser.o
                0x00000000000183bc                RMC01
 .text.RMC42    0x00000000000183fc       0x40 ./objects/nmeaparser.o
                0x00000000000183fc                RMC42
 .text.RMC04    0x000000000001843c       0x40 ./objects/nmeaparser.o
                0x000000000001843c                RMC04
 .text.RMC44    0x000000000001847c       0x40 ./objects/nmeaparser.o
                0x000000000001847c                RMC44
 .text.RMC24    0x00000000000184bc       0x40 ./objects/nmeaparser.o
                0x00000000000184bc                RMC24
 .text.RMC29    0x00000000000184fc       0x40 ./objects/nmeaparser.o
                0x00000000000184fc                RMC29
 .text.RMC31    0x000000000001853c       0x40 ./objects/nmeaparser.o
                0x000000000001853c                RMC31
 .text.RMC19    0x000000000001857c       0x40 ./objects/nmeaparser.o
                0x000000000001857c                RMC19
 .text.RMC37    0x00000000000185bc       0x40 ./objects/nmeaparser.o
                0x00000000000185bc                RMC37
 .text.RMC17    0x00000000000185fc       0x40 ./objects/nmeaparser.o
                0x00000000000185fc                RMC17
 .text.RMC13    0x000000000001863c       0x40 ./objects/nmeaparser.o
                0x000000000001863c                RMC13
 .text.RMC06    0x000000000001867c       0x40 ./objects/nmeaparser.o
                0x000000000001867c                RMC06
 .text.RMC05    0x00000000000186bc       0x40 ./objects/nmeaparser.o
                0x00000000000186bc                RMC05
 .text.RMC03    0x00000000000186fc       0x40 ./objects/nmeaparser.o
                0x00000000000186fc                RMC03
 .text.RMC18    0x000000000001873c       0x44 ./objects/nmeaparser.o
                0x000000000001873c                RMC18
 .text.RMC02    0x0000000000018780       0x50 ./objects/nmeaparser.o
                0x0000000000018780                RMC02
 .text.RMC07    0x00000000000187d0       0x4c ./objects/nmeaparser.o
                0x00000000000187d0                RMC07
 .text.RMC49    0x000000000001881c       0x4c ./objects/nmeaparser.o
                0x000000000001881c                RMC49
 .text.RMC22    0x0000000000018868       0x4c ./objects/nmeaparser.o
                0x0000000000018868                RMC22
 .text.RMC09    0x00000000000188b4       0x4c ./objects/nmeaparser.o
                0x00000000000188b4                RMC09
 .text.RMC11    0x0000000000018900       0x4c ./objects/nmeaparser.o
                0x0000000000018900                RMC11
 .text.RMC47    0x000000000001894c       0x4c ./objects/nmeaparser.o
                0x000000000001894c                RMC47
 .text.RMC35    0x0000000000018998       0x4c ./objects/nmeaparser.o
                0x0000000000018998                RMC35
 .text.RMC14    0x00000000000189e4       0x54 ./objects/nmeaparser.o
                0x00000000000189e4                RMC14
 .text.RMC38    0x0000000000018a38       0x54 ./objects/nmeaparser.o
                0x0000000000018a38                RMC38
 .text.RMC25    0x0000000000018a8c       0x50 ./objects/nmeaparser.o
                0x0000000000018a8c                RMC25
 .text.RMC12    0x0000000000018adc       0x4c ./objects/nmeaparser.o
                0x0000000000018adc                RMC12
 .text.RMC16    0x0000000000018b28       0x50 ./objects/nmeaparser.o
                0x0000000000018b28                RMC16
 .text.RMC41    0x0000000000018b78       0x50 ./objects/nmeaparser.o
                0x0000000000018b78                RMC41
 .text.RMC23    0x0000000000018bc8       0x4c ./objects/nmeaparser.o
                0x0000000000018bc8                RMC23
 .text.RMC08    0x0000000000018c14       0x4c ./objects/nmeaparser.o
                0x0000000000018c14                RMC08
 .text.RMC10    0x0000000000018c60       0x4c ./objects/nmeaparser.o
                0x0000000000018c60                RMC10
 .text.RMC21    0x0000000000018cac       0x4c ./objects/nmeaparser.o
                0x0000000000018cac                RMC21
 .text.RMC36    0x0000000000018cf8       0x4c ./objects/nmeaparser.o
                0x0000000000018cf8                RMC36
 .text.RMC54    0x0000000000018d44       0x54 ./objects/nmeaparser.o
                0x0000000000018d44                RMC54
 .text.RMC34    0x0000000000018d98       0x4c ./objects/nmeaparser.o
                0x0000000000018d98                RMC34
 .text.RMC33    0x0000000000018de4       0x50 ./objects/nmeaparser.o
                0x0000000000018de4                RMC33
 .text.RMC52    0x0000000000018e34       0x50 ./objects/nmeaparser.o
                0x0000000000018e34                RMC52
 .text.RMC48    0x0000000000018e84       0x4c ./objects/nmeaparser.o
                0x0000000000018e84                RMC48
 .text.RMC50    0x0000000000018ed0       0x4c ./objects/nmeaparser.o
                0x0000000000018ed0                RMC50
 .text.RMC51    0x0000000000018f1c       0x54 ./objects/nmeaparser.o
                0x0000000000018f1c                RMC51
 .text.DEFAULT02
                0x0000000000018f70       0x54 ./objects/nmeaparser.o
                0x0000000000018f70                DEFAULT02
 .text.RMC28    0x0000000000018fc4       0x4c ./objects/nmeaparser.o
                0x0000000000018fc4                RMC28
 .text.RMC55    0x0000000000019010       0x6c ./objects/nmeaparser.o
                0x0000000000019010                RMC55
 .text.DEFAULT03
                0x000000000001907c       0x6c ./objects/nmeaparser.o
                0x000000000001907c                DEFAULT03
 .text.RMC26    0x00000000000190e8       0x54 ./objects/nmeaparser.o
                0x00000000000190e8                RMC26
 .text.RMC27    0x000000000001913c       0x50 ./objects/nmeaparser.o
                0x000000000001913c                RMC27
 .text.RMC15    0x000000000001918c       0x54 ./objects/nmeaparser.o
                0x000000000001918c                RMC15
 .text.RMC39    0x00000000000191e0       0x58 ./objects/nmeaparser.o
                0x00000000000191e0                RMC39
 .text.RMC40    0x0000000000019238       0x54 ./objects/nmeaparser.o
                0x0000000000019238                RMC40
 .text.RMC43    0x000000000001928c       0x5c ./objects/nmeaparser.o
                0x000000000001928c                RMC43
 .text.RMC32    0x00000000000192e8       0x68 ./objects/nmeaparser.o
                0x00000000000192e8                RMC32
 .text.RMC20    0x0000000000019350       0x64 ./objects/nmeaparser.o
                0x0000000000019350                RMC20
 .text.RMC30    0x00000000000193b4       0x5c ./objects/nmeaparser.o
                0x00000000000193b4                RMC30
 .text.NMEAParser_parseRMC
                0x0000000000019410       0x20 ./objects/nmeaparser.o
                0x0000000000019410                NMEAParser_parseRMC
 .text.NMEAParser_parseDEFAULT
                0x0000000000019430       0x20 ./objects/nmeaparser.o
                0x0000000000019430                NMEAParser_parseDEFAULT
 .text          0x0000000000019450       0x30 ./objects/startup_efm32wg.o
                0x0000000000019450                Reset_Handler
                0x000000000001947c                DebugMon_Handler
                0x000000000001947c                USART0_TX_IRQHandler
                0x000000000001947c                I2C0_IRQHandler
                0x000000000001947c                HardFault_Handler
                0x000000000001947c                LEUART1_IRQHandler
                0x000000000001947c                SysTick_Handler
                0x000000000001947c                USART1_RX_IRQHandler
                0x000000000001947c                PendSV_Handler
                0x000000000001947c                NMI_Handler
                0x000000000001947c                I2C1_IRQHandler
                0x000000000001947c                TIMER3_IRQHandler
                0x000000000001947c                USART1_TX_IRQHandler
                0x000000000001947c                MSC_IRQHandler
                0x000000000001947c                UsageFault_Handler
                0x000000000001947c                LEUART0_IRQHandler
                0x000000000001947c                FPUEH_IRQHandler
                0x000000000001947c                UART0_TX_IRQHandler
                0x000000000001947c                UART1_TX_IRQHandler
                0x000000000001947c                TIMER0_IRQHandler
                0x000000000001947c                LCD_IRQHandler
                0x000000000001947c                PCNT2_IRQHandler
                0x000000000001947c                UART0_RX_IRQHandler
                0x000000000001947c                LETIMER0_IRQHandler
                0x000000000001947c                USART2_RX_IRQHandler
                0x000000000001947c                Default_Handler
                0x000000000001947c                EMU_IRQHandler
                0x000000000001947c                PCNT0_IRQHandler
                0x000000000001947c                BURTC_IRQHandler
                0x000000000001947c                PCNT1_IRQHandler
                0x000000000001947c                ACMP0_IRQHandler
                0x000000000001947c                USART0_RX_IRQHandler
                0x000000000001947c                MemManage_Handler
                0x000000000001947c                SVC_Handler
                0x000000000001947c                DAC0_IRQHandler
                0x000000000001947c                CMU_IRQHandler
                0x000000000001947c                EBI_IRQHandler
                0x000000000001947c                LESENSE_IRQHandler
                0x000000000001947c                AES_IRQHandler
                0x000000000001947c                VCMP_IRQHandler
                0x000000000001947c                BusFault_Handler
                0x000000000001947c                USART2_TX_IRQHandler
 .text.calculateSunsetAndSunrise
                0x0000000000019480      0x368 ./objects/sunrise.o
 .text.Sunrise_calculateFromUnix
                0x00000000000197e8      0x10c ./objects/sunrise.o
                0x00000000000197e8                Sunrise_calculateFromUnix
 .text.SystemCoreClockGet
                0x00000000000198f4       0xe0 ./objects/system_efm32wg.o
                0x00000000000198f4                SystemCoreClockGet
 .text.SystemMaxCoreClockGet
                0x00000000000199d4        0x8 ./objects/system_efm32wg.o
                0x00000000000199d4                SystemMaxCoreClockGet
 .text.SystemHFClockGet
                0x00000000000199dc       0xd0 ./objects/system_efm32wg.o
                0x00000000000199dc                SystemHFClockGet
 .text.SystemHFXOClockGet
                0x0000000000019aac        0xc ./objects/system_efm32wg.o
                0x0000000000019aac                SystemHFXOClockGet
 .text.SystemInit
                0x0000000000019ab8       0x14 ./objects/system_efm32wg.o
                0x0000000000019ab8                SystemInit
 .text.SystemLFRCOClockGet
                0x0000000000019acc        0x8 ./objects/system_efm32wg.o
                0x0000000000019acc                SystemLFRCOClockGet
 .text.SystemULFRCOClockGet
                0x0000000000019ad4        0x8 ./objects/system_efm32wg.o
                0x0000000000019ad4                SystemULFRCOClockGet
 .text.SystemLFXOClockGet
                0x0000000000019adc        0xc ./objects/system_efm32wg.o
                0x0000000000019adc                SystemLFXOClockGet
 .text.csqrt    0x0000000000019ae8      0x37c /usr/share/gcc-arm-none-eabi-10.3-2021.10/bin/../lib/gcc/arm-none-eabi/10.3.1/../../../../arm-none-eabi/lib/thumb/v7e-m+fp/hard/libm.a(lib_a-csqrt.o)
                0x0000000000019ae8                csqrt
 *fill*         0x0000000000019e64        0x4 
 .text.cos      0x0000000000019e68       0x90 /usr/share/gcc-arm-none-eabi-10.3-2021.10/bin/../lib/gcc/arm-none-eabi/10.3.1/../../../../arm-none-eabi/lib/thumb/v7e-m+fp/hard/libm.a(lib_a-s_cos.o)
                0x0000000000019e68                cos
 .text.fabs     0x0000000000019ef8       0x14 /usr/share/gcc-arm-none-eabi-10.3-2021.10/bin/../lib/gcc/arm-none-eabi/10.3.1/../../../../arm-none-eabi/lib/thumb/v7e-m+fp/hard/libm.a(lib_a-s_fabs.o)
                0x0000000000019ef8                fabs
 .text.cosf     0x0000000000019f0c       0x70 /usr/share/gcc-arm-none-eabi-10.3-2021.10/bin/../lib/gcc/arm-none-eabi/10.3.1/../../../../arm-none-eabi/lib/thumb/v7e-m+fp/hard/libm.a(lib_a-sf_cos.o)
                0x0000000000019f0c                cosf
 .text.roundf   0x0000000000019f7c       0x4c /usr/share/gcc-arm-none-eabi-10.3-2021.10/bin/../lib/gcc/arm-none-eabi/10.3.1/../../../../arm-none-eabi/lib/thumb/v7e-m+fp/hard/libm.a(lib_a-sf_round.o)
                0x0000000000019f7c                roundf
 .text.sinf     0x0000000000019fc8       0x74 /usr/share/gcc-arm-none-eabi-10.3-2021.10/bin/../lib/gcc/arm-none-eabi/10.3.1/../../../../arm-none-eabi/lib/thumb/v7e-m+fp/hard/libm.a(lib_a-sf_sin.o)
                0x0000000000019fc8                sinf
 .text.tanf     0x000000000001a03c       0x54 /usr/share/gcc-arm-none-eabi-10.3-2021.10/bin/../lib/gcc/arm-none-eabi/10.3.1/../../../../arm-none-eabi/lib/thumb/v7e-m+fp/hard/libm.a(lib_a-sf_tan.o)
                0x000000000001a03c                tanf
 .text.sqrt     0x000000000001a090       0x68 /usr/share/gcc-arm-none-eabi-10.3-2021.10/bin/../lib/gcc/arm-none-eabi/10.3.1/../../../../arm-none-eabi/lib/thumb/v7e-m+fp/hard/libm.a(lib_a-w_sqrt.o)
                0x000000000001a090                sqrt
 .text.acosf    0x000000000001a0f8       0x58 /usr/share/gcc-arm-none-eabi-10.3-2021.10/bin/../lib/gcc/arm-none-eabi/10.3.1/../../../../arm-none-eabi/lib/thumb/v7e-m+fp/hard/libm.a(lib_a-wf_acos.o)
                0x000000000001a0f8                acosf
 .text.hypotf   0x000000000001a150       0x50 /usr/share/gcc-arm-none-eabi-10.3-2021.10/bin/../lib/gcc/arm-none-eabi/10.3.1/../../../../arm-none-eabi/lib/thumb/v7e-m+fp/hard/libm.a(lib_a-wf_hypot.o)
                0x000000000001a150                hypotf
 .text.powf     0x000000000001a1a0       0xbc /usr/share/gcc-arm-none-eabi-10.3-2021.10/bin/../lib/gcc/arm-none-eabi/10.3.1/../../../../arm-none-eabi/lib/thumb/v7e-m+fp/hard/libm.a(lib_a-wf_pow.o)
                0x000000000001a1a0                powf
 .text.sinhf    0x000000000001a25c       0x60 /usr/share/gcc-arm-none-eabi-10.3-2021.10/bin/../lib/gcc/arm-none-eabi/10.3.1/../../../../arm-none-eabi/lib/thumb/v7e-m+fp/hard/libm.a(lib_a-wf_sinh.o)
                0x000000000001a25c                sinhf
 .text.sqrtf    0x000000000001a2bc       0x44 /usr/share/gcc-arm-none-eabi-10.3-2021.10/bin/../lib/gcc/arm-none-eabi/10.3.1/../../../../arm-none-eabi/lib/thumb/v7e-m+fp/hard/libm.a(lib_a-wf_sqrt.o)
                0x000000000001a2bc                sqrtf
 .text.cabs     0x000000000001a300       0x54 /usr/share/gcc-arm-none-eabi-10.3-2021.10/bin/../lib/gcc/arm-none-eabi/10.3.1/../../../../arm-none-eabi/lib/thumb/v7e-m+fp/hard/libm.a(lib_a-cabs.o)
                0x000000000001a300                cabs
 .text.cimag    0x000000000001a354        0xc /usr/share/gcc-arm-none-eabi-10.3-2021.10/bin/../lib/gcc/arm-none-eabi/10.3.1/../../../../arm-none-eabi/lib/thumb/v7e-m+fp/hard/libm.a(lib_a-cimag.o)
                0x000000000001a354                cimag
 .text.creal    0x000000000001a360        0x4 /usr/share/gcc-arm-none-eabi-10.3-2021.10/bin/../lib/gcc/arm-none-eabi/10.3.1/../../../../arm-none-eabi/lib/thumb/v7e-m+fp/hard/libm.a(lib_a-creal.o)
                0x000000000001a360                creal
 *fill*         0x000000000001a364        0x4 
 .text.__ieee754_rem_pio2
                0x000000000001a368      0x44c /usr/share/gcc-arm-none-eabi-10.3-2021.10/bin/../lib/gcc/arm-none-eabi/10.3.1/../../../../arm-none-eabi/lib/thumb/v7e-m+fp/hard/libm.a(lib_a-e_rem_pio2.o)
                0x000000000001a368                __ieee754_rem_pio2
 .text.__ieee754_sqrt
                0x000000000001a7b4      0x198 /usr/share/gcc-arm-none-eabi-10.3-2021.10/bin/../lib/gcc/arm-none-eabi/10.3.1/../../../../arm-none-eabi/lib/thumb/v7e-m+fp/hard/libm.a(lib_a-e_sqrt.o)
                0x000000000001a7b4                __ieee754_sqrt
 .text.__ieee754_acosf
                0x000000000001a94c      0x248 /usr/share/gcc-arm-none-eabi-10.3-2021.10/bin/../lib/gcc/arm-none-eabi/10.3.1/../../../../arm-none-eabi/lib/thumb/v7e-m+fp/hard/libm.a(lib_a-ef_acos.o)
                0x000000000001a94c                __ieee754_acosf
 .text.__ieee754_hypotf
                0x000000000001ab94      0x134 /usr/share/gcc-arm-none-eabi-10.3-2021.10/bin/../lib/gcc/arm-none-eabi/10.3.1/../../../../arm-none-eabi/lib/thumb/v7e-m+fp/hard/libm.a(lib_a-ef_hypot.o)
                0x000000000001ab94                __ieee754_hypotf
 .text.__ieee754_powf
                0x000000000001acc8      0x628 /usr/share/gcc-arm-none-eabi-10.3-2021.10/bin/../lib/gcc/arm-none-eabi/10.3.1/../../../../arm-none-eabi/lib/thumb/v7e-m+fp/hard/libm.a(lib_a-ef_pow.o)
                0x000000000001acc8                __ieee754_powf
 .text.__ieee754_rem_pio2f
                0x000000000001b2f0      0x264 /usr/share/gcc-arm-none-eabi-10.3-2021.10/bin/../lib/gcc/arm-none-eabi/10.3.1/../../../../arm-none-eabi/lib/thumb/v7e-m+fp/hard/libm.a(lib_a-ef_rem_pio2.o)
                0x000000000001b2f0                __ieee754_rem_pio2f
 .text.__ieee754_sinhf
                0x000000000001b554       0xf8 /usr/share/gcc-arm-none-eabi-10.3-2021.10/bin/../lib/gcc/arm-none-eabi/10.3.1/../../../../arm-none-eabi/lib/thumb/v7e-m+fp/hard/libm.a(lib_a-ef_sinh.o)
                0x000000000001b554                __ieee754_sinhf
 .text.__ieee754_sqrtf
                0x000000000001b64c        0x8 /usr/share/gcc-arm-none-eabi-10.3-2021.10/bin/../lib/gcc/arm-none-eabi/10.3.1/../../../../arm-none-eabi/lib/thumb/v7e-m+fp/hard/libm.a(lib_a-ef_sqrt.o)
                0x000000000001b64c                __ieee754_sqrtf
 *fill*         0x000000000001b654        0x4 
 .text.__kernel_cos
                0x000000000001b658      0x27c /usr/share/gcc-arm-none-eabi-10.3-2021.10/bin/../lib/gcc/arm-none-eabi/10.3.1/../../../../arm-none-eabi/lib/thumb/v7e-m+fp/hard/libm.a(lib_a-k_cos.o)
                0x000000000001b658                __kernel_cos
 *fill*         0x000000000001b8d4        0x4 
 .text.__kernel_rem_pio2
                0x000000000001b8d8      0x850 /usr/share/gcc-arm-none-eabi-10.3-2021.10/bin/../lib/gcc/arm-none-eabi/10.3.1/../../../../arm-none-eabi/lib/thumb/v7e-m+fp/hard/libm.a(lib_a-k_rem_pio2.o)
                0x000000000001b8d8                __kernel_rem_pio2
 .text.__kernel_sin
                0x000000000001c128      0x17c /usr/share/gcc-arm-none-eabi-10.3-2021.10/bin/../lib/gcc/arm-none-eabi/10.3.1/../../../../arm-none-eabi/lib/thumb/v7e-m+fp/hard/libm.a(lib_a-k_sin.o)
                0x000000000001c128                __kernel_sin
 .text.__kernel_cosf
                0x000000000001c2a4      0x104 /usr/share/gcc-arm-none-eabi-10.3-2021.10/bin/../lib/gcc/arm-none-eabi/10.3.1/../../../../arm-none-eabi/lib/thumb/v7e-m+fp/hard/libm.a(lib_a-kf_cos.o)
                0x000000000001c2a4                __kernel_cosf
 .text.__kernel_rem_pio2f
                0x000000000001c3a8      0x674 /usr/share/gcc-arm-none-eabi-10.3-2021.10/bin/../lib/gcc/arm-none-eabi/10.3.1/../../../../arm-none-eabi/lib/thumb/v7e-m+fp/hard/libm.a(lib_a-kf_rem_pio2.o)
                0x000000000001c3a8                __kernel_rem_pio2f
 .text.__kernel_sinf
                0x000000000001ca1c       0x90 /usr/share/gcc-arm-none-eabi-10.3-2021.10/bin/../lib/gcc/arm-none-eabi/10.3.1/../../../../arm-none-eabi/lib/thumb/v7e-m+fp/hard/libm.a(lib_a-kf_sin.o)
                0x000000000001ca1c                __kernel_sinf
 .text.__kernel_tanf
                0x000000000001caac      0x1c0 /usr/share/gcc-arm-none-eabi-10.3-2021.10/bin/../lib/gcc/arm-none-eabi/10.3.1/../../../../arm-none-eabi/lib/thumb/v7e-m+fp/hard/libm.a(lib_a-kf_tan.o)
                0x000000000001caac                __kernel_tanf
 .text.with_errnof
                0x000000000001cc6c       0x18 /usr/share/gcc-arm-none-eabi-10.3-2021.10/bin/../lib/gcc/arm-none-eabi/10.3.1/../../../../arm-none-eabi/lib/thumb/v7e-m+fp/hard/libm.a(lib_a-math_errf.o)
 .text.xflowf   0x000000000001cc84       0x20 /usr/share/gcc-arm-none-eabi-10.3-2021.10/bin/../lib/gcc/arm-none-eabi/10.3.1/../../../../arm-none-eabi/lib/thumb/v7e-m+fp/hard/libm.a(lib_a-math_errf.o)
 .text.__math_uflowf
                0x000000000001cca4        0xc /usr/share/gcc-arm-none-eabi-10.3-2021.10/bin/../lib/gcc/arm-none-eabi/10.3.1/../../../../arm-none-eabi/lib/thumb/v7e-m+fp/hard/libm.a(lib_a-math_errf.o)
                0x000000000001cca4                __math_uflowf
 .text.__math_oflowf
                0x000000000001ccb0        0xc /usr/share/gcc-arm-none-eabi-10.3-2021.10/bin/../lib/gcc/arm-none-eabi/10.3.1/../../../../arm-none-eabi/lib/thumb/v7e-m+fp/hard/libm.a(lib_a-math_errf.o)
                0x000000000001ccb0                __math_oflowf
 *fill*         0x000000000001ccbc        0x4 
 .text.floor    0x000000000001ccc0      0x108 /usr/share/gcc-arm-none-eabi-10.3-2021.10/bin/../lib/gcc/arm-none-eabi/10.3.1/../../../../arm-none-eabi/lib/thumb/v7e-m+fp/hard/libm.a(lib_a-s_floor.o)
                0x000000000001ccc0                floor
 .text.scalbn   0x000000000001cdc8      0x124 /usr/share/gcc-arm-none-eabi-10.3-2021.10/bin/../lib/gcc/arm-none-eabi/10.3.1/../../../../arm-none-eabi/lib/thumb/v7e-m+fp/hard/libm.a(lib_a-s_scalbn.o)
                0x000000000001cdc8                scalbn
 .text.expm1f   0x000000000001ceec      0x274 /usr/share/gcc-arm-none-eabi-10.3-2021.10/bin/../lib/gcc/arm-none-eabi/10.3.1/../../../../arm-none-eabi/lib/thumb/v7e-m+fp/hard/libm.a(lib_a-sf_expm1.o)
                0x000000000001ceec                expm1f
 .text.fabsf    0x000000000001d160       0x10 /usr/share/gcc-arm-none-eabi-10.3-2021.10/bin/../lib/gcc/arm-none-eabi/10.3.1/../../../../arm-none-eabi/lib/thumb/v7e-m+fp/hard/libm.a(lib_a-sf_fabs.o)
                0x000000000001d160                fabsf
 .text.finitef  0x000000000001d170       0x1c /usr/share/gcc-arm-none-eabi-10.3-2021.10/bin/../lib/gcc/arm-none-eabi/10.3.1/../../../../arm-none-eabi/lib/thumb/v7e-m+fp/hard/libm.a(lib_a-sf_finite.o)
                0x000000000001d170                finitef
 .text.floorf   0x000000000001d18c       0x8c /usr/share/gcc-arm-none-eabi-10.3-2021.10/bin/../lib/gcc/arm-none-eabi/10.3.1/../../../../arm-none-eabi/lib/thumb/v7e-m+fp/hard/libm.a(lib_a-sf_floor.o)
                0x000000000001d18c                floorf
 .text.nanf     0x000000000001d218        0xc /usr/share/gcc-arm-none-eabi-10.3-2021.10/bin/../lib/gcc/arm-none-eabi/10.3.1/../../../../arm-none-eabi/lib/thumb/v7e-m+fp/hard/libm.a(lib_a-sf_nan.o)
                0x000000000001d218                nanf
 .text.scalbnf  0x000000000001d224       0xe4 /usr/share/gcc-arm-none-eabi-10.3-2021.10/bin/../lib/gcc/arm-none-eabi/10.3.1/../../../../arm-none-eabi/lib/thumb/v7e-m+fp/hard/libm.a(lib_a-sf_scalbn.o)
                0x000000000001d224                scalbnf
 .text.hypot    0x000000000001d308       0x70 /usr/share/gcc-arm-none-eabi-10.3-2021.10/bin/../lib/gcc/arm-none-eabi/10.3.1/../../../../arm-none-eabi/lib/thumb/v7e-m+fp/hard/libm.a(lib_a-w_hypot.o)
                0x000000000001d308                hypot
 .text.__ieee754_hypot
                0x000000000001d378      0x25c /usr/share/gcc-arm-none-eabi-10.3-2021.10/bin/../lib/gcc/arm-none-eabi/10.3.1/../../../../arm-none-eabi/lib/thumb/v7e-m+fp/hard/libm.a(lib_a-e_hypot.o)
                0x000000000001d378                __ieee754_hypot
 .text.__ieee754_expf
                0x000000000001d5d4      0x1e8 /usr/share/gcc-arm-none-eabi-10.3-2021.10/bin/../lib/gcc/arm-none-eabi/10.3.1/../../../../arm-none-eabi/lib/thumb/v7e-m+fp/hard/libm.a(lib_a-ef_exp.o)
                0x000000000001d5d4                __ieee754_expf
 .text.finite   0x000000000001d7bc       0x18 /usr/share/gcc-arm-none-eabi-10.3-2021.10/bin/../lib/gcc/arm-none-eabi/10.3.1/../../../../arm-none-eabi/lib/thumb/v7e-m+fp/hard/libm.a(lib_a-s_finite.o)
                0x000000000001d7bc                finite
 .text          0x000000000001d7d4      0x378 /usr/share/gcc-arm-none-eabi-10.3-2021.10/bin/../lib/gcc/arm-none-eabi/10.3.1/thumb/v7e-m+fp/hard/libgcc.a(_arm_addsubdf3.o)
                0x000000000001d7d4                __aeabi_drsub
                0x000000000001d7dc                __aeabi_dsub
                0x000000000001d7dc                __subdf3
                0x000000000001d7e0                __adddf3
                0x000000000001d7e0                __aeabi_dadd
                0x000000000001da58                __aeabi_ui2d
                0x000000000001da58                __floatunsidf
                0x000000000001da78                __floatsidf
                0x000000000001da78                __aeabi_i2d
                0x000000000001da9c                __extendsfdf2
                0x000000000001da9c                __aeabi_f2d
                0x000000000001dae0                __aeabi_ul2d
                0x000000000001dae0                __floatundidf
                0x000000000001daf0                __floatdidf
                0x000000000001daf0                __aeabi_l2d
 .text          0x000000000001db4c      0x424 /usr/share/gcc-arm-none-eabi-10.3-2021.10/bin/../lib/gcc/arm-none-eabi/10.3.1/thumb/v7e-m+fp/hard/libgcc.a(_arm_muldivdf3.o)
                0x000000000001db4c                __aeabi_dmul
                0x000000000001db4c                __muldf3
                0x000000000001dda0                __aeabi_ddiv
                0x000000000001dda0                __divdf3
 .text          0x000000000001df70      0x110 /usr/share/gcc-arm-none-eabi-10.3-2021.10/bin/../lib/gcc/arm-none-eabi/10.3.1/thumb/v7e-m+fp/hard/libgcc.a(_arm_cmpdf2.o)
                0x000000000001df70                __gtdf2
                0x000000000001df70                __gedf2
                0x000000000001df78                __ltdf2
                0x000000000001df78                __ledf2
                0x000000000001df80                __cmpdf2
                0x000000000001df80                __eqdf2
                0x000000000001df80                __nedf2
                0x000000000001dffc                __aeabi_cdrcmple
                0x000000000001e00c                __aeabi_cdcmple
                0x000000000001e00c                __aeabi_cdcmpeq
                0x000000000001e01c                __aeabi_dcmpeq
                0x000000000001e030                __aeabi_dcmplt
                0x000000000001e044                __aeabi_dcmple
                0x000000000001e058                __aeabi_dcmpge
                0x000000000001e06c                __aeabi_dcmpgt
 .text          0x000000000001e080       0x2c /usr/share/gcc-arm-none-eabi-10.3-2021.10/bin/../lib/gcc/arm-none-eabi/10.3.1/thumb/v7e-m+fp/hard/libgcc.a(_arm_unorddf2.o)
                0x000000000001e080                __aeabi_dcmpun
                0x000000000001e080                __unorddf2
 .text          0x000000000001e0ac       0x50 /usr/share/gcc-arm-none-eabi-10.3-2021.10/bin/../lib/gcc/arm-none-eabi/10.3.1/thumb/v7e-m+fp/hard/libgcc.a(_arm_fixdfsi.o)
                0x000000000001e0ac                __fixdfsi
                0x000000000001e0ac                __aeabi_d2iz
 .text          0x000000000001e0fc       0xa0 /usr/share/gcc-arm-none-eabi-10.3-2021.10/bin/../lib/gcc/arm-none-eabi/10.3.1/thumb/v7e-m+fp/hard/libgcc.a(_arm_truncdfsf2.o)
                0x000000000001e0fc                __aeabi_d2f
                0x000000000001e0fc                __truncdfsf2
 .text          0x000000000001e19c       0xa0 /usr/share/gcc-arm-none-eabi-10.3-2021.10/bin/../lib/gcc/arm-none-eabi/10.3.1/thumb/v7e-m+fp/hard/libgcc.a(_aeabi_ldivmod.o)
                0x000000000001e19c                __aeabi_ldivmod
 .text          0x000000000001e23c       0x30 /usr/share/gcc-arm-none-eabi-10.3-2021.10/bin/../lib/gcc/arm-none-eabi/10.3.1/thumb/v7e-m+fp/hard/libgcc.a(_aeabi_uldivmod.o)
                0x000000000001e23c                __aeabi_uldivmod
 .text          0x000000000001e26c      0x2c0 /usr/share/gcc-arm-none-eabi-10.3-2021.10/bin/../lib/gcc/arm-none-eabi/10.3.1/thumb/v7e-m+fp/hard/libgcc.a(_mulsc3.o)
                0x000000000001e26c                __mulsc3
 .text          0x000000000001e52c      0x22c /usr/share/gcc-arm-none-eabi-10.3-2021.10/bin/../lib/gcc/arm-none-eabi/10.3.1/thumb/v7e-m+fp/hard/libgcc.a(_divsc3.o)
                0x000000000001e52c                __divsc3
 .text          0x000000000001e758      0x2d0 /usr/share/gcc-arm-none-eabi-10.3-2021.10/bin/../lib/gcc/arm-none-eabi/10.3.1/thumb/v7e-m+fp/hard/libgcc.a(_udivmoddi4.o)
                0x000000000001e758                __udivmoddi4
 .text          0x000000000001ea28        0x4 /usr/share/gcc-arm-none-eabi-10.3-2021.10/bin/../lib/gcc/arm-none-eabi/10.3.1/thumb/v7e-m+fp/hard/libgcc.a(_dvmd_tls.o)
                0x000000000001ea28                __aeabi_ldiv0
                0x000000000001ea28                __aeabi_idiv0
 .text.__errno  0x000000000001ea2c        0xc /usr/share/gcc-arm-none-eabi-10.3-2021.10/bin/../lib/gcc/arm-none-eabi/10.3.1/../../../../arm-none-eabi/lib/thumb/v7e-m+fp/hard/libc_nano.a(lib_a-errno.o)
                0x000000000001ea2c                __errno
 .text.exit     0x000000000001ea38       0x28 /usr/share/gcc-arm-none-eabi-10.3-2021.10/bin/../lib/gcc/arm-none-eabi/10.3.1/../../../../arm-none-eabi/lib/thumb/v7e-m+fp/hard/libc_nano.a(lib_a-exit.o)
                0x000000000001ea38                exit
 .text.gmtime   0x000000000001ea60       0x3c /usr/share/gcc-arm-none-eabi-10.3-2021.10/bin/../lib/gcc/arm-none-eabi/10.3.1/../../../../arm-none-eabi/lib/thumb/v7e-m+fp/hard/libc_nano.a(lib_a-gmtime.o)
                0x000000000001ea60                gmtime
 .text.gmtime_r
                0x000000000001ea9c      0x158 /usr/share/gcc-arm-none-eabi-10.3-2021.10/bin/../lib/gcc/arm-none-eabi/10.3.1/../../../../arm-none-eabi/lib/thumb/v7e-m+fp/hard/libc_nano.a(lib_a-gmtime_r.o)
                0x000000000001ea9c                gmtime_r
 .text.__libc_init_array
                0x000000000001ebf4       0x48 /usr/share/gcc-arm-none-eabi-10.3-2021.10/bin/../lib/gcc/arm-none-eabi/10.3.1/../../../../arm-none-eabi/lib/thumb/v7e-m+fp/hard/libc_nano.a(lib_a-init.o)
                0x000000000001ebf4                __libc_init_array
 .text.malloc   0x000000000001ec3c       0x10 /usr/share/gcc-arm-none-eabi-10.3-2021.10/bin/../lib/gcc/arm-none-eabi/10.3.1/../../../../arm-none-eabi/lib/thumb/v7e-m+fp/hard/libc_nano.a(lib_a-malloc.o)
                0x000000000001ec3c                malloc
 .text.memcmp   0x000000000001ec4c       0x20 /usr/share/gcc-arm-none-eabi-10.3-2021.10/bin/../lib/gcc/arm-none-eabi/10.3.1/../../../../arm-none-eabi/lib/thumb/v7e-m+fp/hard/libc_nano.a(lib_a-memcmp.o)
                0x000000000001ec4c                memcmp
 .text.memcpy   0x000000000001ec6c       0x1c /usr/share/gcc-arm-none-eabi-10.3-2021.10/bin/../lib/gcc/arm-none-eabi/10.3.1/../../../../arm-none-eabi/lib/thumb/v7e-m+fp/hard/libc_nano.a(lib_a-memcpy-stub.o)
                0x000000000001ec6c                memcpy
 .text.memset   0x000000000001ec88       0x10 /usr/share/gcc-arm-none-eabi-10.3-2021.10/bin/../lib/gcc/arm-none-eabi/10.3.1/../../../../arm-none-eabi/lib/thumb/v7e-m+fp/hard/libc_nano.a(lib_a-memset.o)
                0x000000000001ec88                memset
 .text._free_r  0x000000000001ec98       0x98 /usr/share/gcc-arm-none-eabi-10.3-2021.10/bin/../lib/gcc/arm-none-eabi/10.3.1/../../../../arm-none-eabi/lib/thumb/v7e-m+fp/hard/libc_nano.a(lib_a-nano-freer.o)
                0x000000000001ec98                _free_r
 .text.sbrk_aligned
                0x000000000001ed30       0x40 /usr/share/gcc-arm-none-eabi-10.3-2021.10/bin/../lib/gcc/arm-none-eabi/10.3.1/../../../../arm-none-eabi/lib/thumb/v7e-m+fp/hard/libc_nano.a(lib_a-nano-mallocr.o)
 .text._malloc_r
                0x000000000001ed70       0xe8 /usr/share/gcc-arm-none-eabi-10.3-2021.10/bin/../lib/gcc/arm-none-eabi/10.3.1/../../../../arm-none-eabi/lib/thumb/v7e-m+fp/hard/libc_nano.a(lib_a-nano-mallocr.o)
                0x000000000001ed70                _malloc_r
 .text._sbrk_r  0x000000000001ee58       0x20 /usr/share/gcc-arm-none-eabi-10.3-2021.10/bin/../lib/gcc/arm-none-eabi/10.3.1/../../../../arm-none-eabi/lib/thumb/v7e-m+fp/hard/libc_nano.a(lib_a-sbrkr.o)
                0x000000000001ee58                _sbrk_r
 .text.sprintf  0x000000000001ee78       0x40 /usr/share/gcc-arm-none-eabi-10.3-2021.10/bin/../lib/gcc/arm-none-eabi/10.3.1/../../../../arm-none-eabi/lib/thumb/v7e-m+fp/hard/libc_nano.a(lib_a-sprintf.o)
                0x000000000001ee78                sprintf
                0x000000000001ee78                siprintf
 .text.strchr   0x000000000001eeb8       0x1a /usr/share/gcc-arm-none-eabi-10.3-2021.10/bin/../lib/gcc/arm-none-eabi/10.3.1/../../../../arm-none-eabi/lib/thumb/v7e-m+fp/hard/libc_nano.a(lib_a-strchr.o)
                0x000000000001eeb8                strchr
 .text.strcpy   0x000000000001eed2       0x10 /usr/share/gcc-arm-none-eabi-10.3-2021.10/bin/../lib/gcc/arm-none-eabi/10.3.1/../../../../arm-none-eabi/lib/thumb/v7e-m+fp/hard/libc_nano.a(lib_a-strcpy.o)
                0x000000000001eed2                strcpy
 .text.strncpy  0x000000000001eee2       0x26 /usr/share/gcc-arm-none-eabi-10.3-2021.10/bin/../lib/gcc/arm-none-eabi/10.3.1/../../../../arm-none-eabi/lib/thumb/v7e-m+fp/hard/libc_nano.a(lib_a-strncpy.o)
                0x000000000001eee2                strncpy
 .text.__assert_func
                0x000000000001ef08       0x3c /usr/share/gcc-arm-none-eabi-10.3-2021.10/bin/../lib/gcc/arm-none-eabi/10.3.1/../../../../arm-none-eabi/lib/thumb/v7e-m+fp/hard/libc_nano.a(lib_a-assert.o)
                0x000000000001ef08                __assert_func
 .text.fprintf  0x000000000001ef44       0x24 /usr/share/gcc-arm-none-eabi-10.3-2021.10/bin/../lib/gcc/arm-none-eabi/10.3.1/../../../../arm-none-eabi/lib/thumb/v7e-m+fp/hard/libc_nano.a(lib_a-fprintf.o)
                0x000000000001ef44                fprintf
                0x000000000001ef44                fiprintf
 .text.__malloc_lock
                0x000000000001ef68        0xc /usr/share/gcc-arm-none-eabi-10.3-2021.10/bin/../lib/gcc/arm-none-eabi/10.3.1/../../../../arm-none-eabi/lib/thumb/v7e-m+fp/hard/libc_nano.a(lib_a-mlock.o)
                0x000000000001ef68                __malloc_lock
 .text.__malloc_unlock
                0x000000000001ef74        0xc /usr/share/gcc-arm-none-eabi-10.3-2021.10/bin/../lib/gcc/arm-none-eabi/10.3.1/../../../../arm-none-eabi/lib/thumb/v7e-m+fp/hard/libc_nano.a(lib_a-mlock.o)
                0x000000000001ef74                __malloc_unlock
 .text.__ssputs_r
                0x000000000001ef80       0xb6 /usr/share/gcc-arm-none-eabi-10.3-2021.10/bin/../lib/gcc/arm-none-eabi/10.3.1/../../../../arm-none-eabi/lib/thumb/v7e-m+fp/hard/libc_nano.a(lib_a-nano-svfprintf.o)
                0x000000000001ef80                __ssputs_r
 *fill*         0x000000000001f036        0x2 
 .text._svfprintf_r
                0x000000000001f038      0x200 /usr/share/gcc-arm-none-eabi-10.3-2021.10/bin/../lib/gcc/arm-none-eabi/10.3.1/../../../../arm-none-eabi/lib/thumb/v7e-m+fp/hard/libc_nano.a(lib_a-nano-svfprintf.o)
                0x000000000001f038                _svfprintf_r
                0x000000000001f038                _svfiprintf_r
 .text.__sfputc_r
                0x000000000001f238       0x2e /usr/share/gcc-arm-none-eabi-10.3-2021.10/bin/../lib/gcc/arm-none-eabi/10.3.1/../../../../arm-none-eabi/lib/thumb/v7e-m+fp/hard/libc_nano.a(lib_a-nano-vfprintf.o)
 .text.__sfputs_r
                0x000000000001f266       0x24 /usr/share/gcc-arm-none-eabi-10.3-2021.10/bin/../lib/gcc/arm-none-eabi/10.3.1/../../../../arm-none-eabi/lib/thumb/v7e-m+fp/hard/libc_nano.a(lib_a-nano-vfprintf.o)
                0x000000000001f266                __sfputs_r
 *fill*         0x000000000001f28a        0x2 
 .text._vfprintf_r
                0x000000000001f28c      0x260 /usr/share/gcc-arm-none-eabi-10.3-2021.10/bin/../lib/gcc/arm-none-eabi/10.3.1/../../../../arm-none-eabi/lib/thumb/v7e-m+fp/hard/libc_nano.a(lib_a-nano-vfprintf.o)
                0x000000000001f28c                _vfiprintf_r
                0x000000000001f28c                _vfprintf_r
 .text._printf_common
                0x000000000001f4ec       0xda /usr/share/gcc-arm-none-eabi-10.3-2021.10/bin/../lib/gcc/arm-none-eabi/10.3.1/../../../../arm-none-eabi/lib/thumb/v7e-m+fp/hard/libc_nano.a(lib_a-nano-vfprintf_i.o)
                0x000000000001f4ec                _printf_common
 *fill*         0x000000000001f5c6        0x2 
 .text._printf_i
                0x000000000001f5c8      0x24c /usr/share/gcc-arm-none-eabi-10.3-2021.10/bin/../lib/gcc/arm-none-eabi/10.3.1/../../../../arm-none-eabi/lib/thumb/v7e-m+fp/hard/libc_nano.a(lib_a-nano-vfprintf_i.o)
                0x000000000001f5c8                _printf_i
 .text.__swbuf_r
                0x000000000001f814       0xa4 /usr/share/gcc-arm-none-eabi-10.3-2021.10/bin/../lib/gcc/arm-none-eabi/10.3.1/../../../../arm-none-eabi/lib/thumb/v7e-m+fp/hard/libc_nano.a(lib_a-wbuf.o)
                0x000000000001f814                __swbuf_r
 .text.__swsetup_r
                0x000000000001f8b8       0xdc /usr/share/gcc-arm-none-eabi-10.3-2021.10/bin/../lib/gcc/arm-none-eabi/10.3.1/../../../../arm-none-eabi/lib/thumb/v7e-m+fp/hard/libc_nano.a(lib_a-wsetup.o)
                0x000000000001f8b8                __swsetup_r
 .text.abort    0x000000000001f994        0xe /usr/share/gcc-arm-none-eabi-10.3-2021.10/bin/../lib/gcc/arm-none-eabi/10.3.1/../../../../arm-none-eabi/lib/thumb/v7e-m+fp/hard/libc_nano.a(lib_a-abort.o)
                0x000000000001f994                abort
 *fill*         0x000000000001f9a2        0x2 
 .text.__sflush_r
                0x000000000001f9a4      0x10c /usr/share/gcc-arm-none-eabi-10.3-2021.10/bin/../lib/gcc/arm-none-eabi/10.3.1/../../../../arm-none-eabi/lib/thumb/v7e-m+fp/hard/libc_nano.a(lib_a-fflush.o)
                0x000000000001f9a4                __sflush_r
 .text._fflush_r
                0x000000000001fab0       0x78 /usr/share/gcc-arm-none-eabi-10.3-2021.10/bin/../lib/gcc/arm-none-eabi/10.3.1/../../../../arm-none-eabi/lib/thumb/v7e-m+fp/hard/libc_nano.a(lib_a-fflush.o)
                0x000000000001fab0                _fflush_r
 .text.std      0x000000000001fb28       0x48 /usr/share/gcc-arm-none-eabi-10.3-2021.10/bin/../lib/gcc/arm-none-eabi/10.3.1/../../../../arm-none-eabi/lib/thumb/v7e-m+fp/hard/libc_nano.a(lib_a-findfp.o)
 .text._cleanup_r
                0x000000000001fb70        0xc /usr/share/gcc-arm-none-eabi-10.3-2021.10/bin/../lib/gcc/arm-none-eabi/10.3.1/../../../../arm-none-eabi/lib/thumb/v7e-m+fp/hard/libc_nano.a(lib_a-findfp.o)
                0x000000000001fb70                _cleanup_r
 .text.__sfmoreglue
                0x000000000001fb7c       0x2c /usr/share/gcc-arm-none-eabi-10.3-2021.10/bin/../lib/gcc/arm-none-eabi/10.3.1/../../../../arm-none-eabi/lib/thumb/v7e-m+fp/hard/libc_nano.a(lib_a-findfp.o)
                0x000000000001fb7c                __sfmoreglue
 .text.__sfp_lock_acquire
                0x000000000001fba8        0xc /usr/share/gcc-arm-none-eabi-10.3-2021.10/bin/../lib/gcc/arm-none-eabi/10.3.1/../../../../arm-none-eabi/lib/thumb/v7e-m+fp/hard/libc_nano.a(lib_a-findfp.o)
                0x000000000001fba8                __sfp_lock_acquire
 .text.__sfp_lock_release
                0x000000000001fbb4        0xc /usr/share/gcc-arm-none-eabi-10.3-2021.10/bin/../lib/gcc/arm-none-eabi/10.3.1/../../../../arm-none-eabi/lib/thumb/v7e-m+fp/hard/libc_nano.a(lib_a-findfp.o)
                0x000000000001fbb4                __sfp_lock_release
 .text.__sinit_lock_acquire
                0x000000000001fbc0        0xc /usr/share/gcc-arm-none-eabi-10.3-2021.10/bin/../lib/gcc/arm-none-eabi/10.3.1/../../../../arm-none-eabi/lib/thumb/v7e-m+fp/hard/libc_nano.a(lib_a-findfp.o)
                0x000000000001fbc0                __sinit_lock_acquire
 .text.__sinit_lock_release
                0x000000000001fbcc        0xc /usr/share/gcc-arm-none-eabi-10.3-2021.10/bin/../lib/gcc/arm-none-eabi/10.3.1/../../../../arm-none-eabi/lib/thumb/v7e-m+fp/hard/libc_nano.a(lib_a-findfp.o)
                0x000000000001fbcc                __sinit_lock_release
 .text.__sinit  0x000000000001fbd8       0x70 /usr/share/gcc-arm-none-eabi-10.3-2021.10/bin/../lib/gcc/arm-none-eabi/10.3.1/../../../../arm-none-eabi/lib/thumb/v7e-m+fp/hard/libc_nano.a(lib_a-findfp.o)
                0x000000000001fbd8                __sinit
 .text.__sfp    0x000000000001fc48       0x8c /usr/share/gcc-arm-none-eabi-10.3-2021.10/bin/../lib/gcc/arm-none-eabi/10.3.1/../../../../arm-none-eabi/lib/thumb/v7e-m+fp/hard/libc_nano.a(lib_a-findfp.o)
                0x000000000001fc48                __sfp
 .text._fwalk_reent
                0x000000000001fcd4       0x3e /usr/share/gcc-arm-none-eabi-10.3-2021.10/bin/../lib/gcc/arm-none-eabi/10.3.1/../../../../arm-none-eabi/lib/thumb/v7e-m+fp/hard/libc_nano.a(lib_a-fwalk.o)
                0x000000000001fcd4                _fwalk_reent
 .text.__retarget_lock_init_recursive
                0x000000000001fd12        0x2 /usr/share/gcc-arm-none-eabi-10.3-2021.10/bin/../lib/gcc/arm-none-eabi/10.3.1/../../../../arm-none-eabi/lib/thumb/v7e-m+fp/hard/libc_nano.a(lib_a-lock.o)
                0x000000000001fd12                __retarget_lock_init_recursive
 .text.__retarget_lock_acquire_recursive
                0x000000000001fd14        0x2 /usr/share/gcc-arm-none-eabi-10.3-2021.10/bin/../lib/gcc/arm-none-eabi/10.3.1/../../../../arm-none-eabi/lib/thumb/v7e-m+fp/hard/libc_nano.a(lib_a-lock.o)
                0x000000000001fd14                __retarget_lock_acquire_recursive
 .text.__retarget_lock_release_recursive
                0x000000000001fd16        0x2 /usr/share/gcc-arm-none-eabi-10.3-2021.10/bin/../lib/gcc/arm-none-eabi/10.3.1/../../../../arm-none-eabi/lib/thumb/v7e-m+fp/hard/libc_nano.a(lib_a-lock.o)
                0x000000000001fd16                __retarget_lock_release_recursive
 .text.__swhatbuf_r
                0x000000000001fd18       0x4a /usr/share/gcc-arm-none-eabi-10.3-2021.10/bin/../lib/gcc/arm-none-eabi/10.3.1/../../../../arm-none-eabi/lib/thumb/v7e-m+fp/hard/libc_nano.a(lib_a-makebuf.o)
                0x000000000001fd18                __swhatbuf_r
 *fill*         0x000000000001fd62        0x2 
 .text.__smakebuf_r
                0x000000000001fd64       0x80 /usr/share/gcc-arm-none-eabi-10.3-2021.10/bin/../lib/gcc/arm-none-eabi/10.3.1/../../../../arm-none-eabi/lib/thumb/v7e-m+fp/hard/libc_nano.a(lib_a-makebuf.o)
                0x000000000001fd64                __smakebuf_r
 *fill*         0x000000000001fde4        0xc 
 .text          0x000000000001fdf0       0xa0 /usr/share/gcc-arm-none-eabi-10.3-2021.10/bin/../lib/gcc/arm-none-eabi/10.3.1/../../../../arm-none-eabi/lib/thumb/v7e-m+fp/hard/libc_nano.a(lib_a-memchr.o)
                0x000000000001fdf0                memchr
 .text.memmove  0x000000000001fe90       0x34 /usr/share/gcc-arm-none-eabi-10.3-2021.10/bin/../lib/gcc/arm-none-eabi/10.3.1/../../../../arm-none-eabi/lib/thumb/v7e-m+fp/hard/libc_nano.a(lib_a-memmove.o)
                0x000000000001fe90                memmove
 .text._realloc_r
                0x000000000001fec4       0x5e /usr/share/gcc-arm-none-eabi-10.3-2021.10/bin/../lib/gcc/arm-none-eabi/10.3.1/../../../../arm-none-eabi/lib/thumb/v7e-m+fp/hard/libc_nano.a(lib_a-nano-reallocr.o)
                0x000000000001fec4                _realloc_r
 .text._raise_r
                0x000000000001ff22       0x50 /usr/share/gcc-arm-none-eabi-10.3-2021.10/bin/../lib/gcc/arm-none-eabi/10.3.1/../../../../arm-none-eabi/lib/thumb/v7e-m+fp/hard/libc_nano.a(lib_a-signal.o)
                0x000000000001ff22                _raise_r
 *fill*         0x000000000001ff72        0x2 
 .text.raise    0x000000000001ff74       0x10 /usr/share/gcc-arm-none-eabi-10.3-2021.10/bin/../lib/gcc/arm-none-eabi/10.3.1/../../../../arm-none-eabi/lib/thumb/v7e-m+fp/hard/libc_nano.a(lib_a-signal.o)
                0x000000000001ff74                raise
 .text._kill_r  0x000000000001ff84       0x24 /usr/share/gcc-arm-none-eabi-10.3-2021.10/bin/../lib/gcc/arm-none-eabi/10.3.1/../../../../arm-none-eabi/lib/thumb/v7e-m+fp/hard/libc_nano.a(lib_a-signalr.o)
                0x000000000001ff84                _kill_r
 .text._getpid_r
                0x000000000001ffa8        0x4 /usr/share/gcc-arm-none-eabi-10.3-2021.10/bin/../lib/gcc/arm-none-eabi/10.3.1/../../../../arm-none-eabi/lib/thumb/v7e-m+fp/hard/libc_nano.a(lib_a-signalr.o)
                0x000000000001ffa8                _getpid_r
 .text.__sread  0x000000000001ffac       0x22 /usr/share/gcc-arm-none-eabi-10.3-2021.10/bin/../lib/gcc/arm-none-eabi/10.3.1/../../../../arm-none-eabi/lib/thumb/v7e-m+fp/hard/libc_nano.a(lib_a-stdio.o)
                0x000000000001ffac                __sread
 .text.__swrite
                0x000000000001ffce       0x38 /usr/share/gcc-arm-none-eabi-10.3-2021.10/bin/../lib/gcc/arm-none-eabi/10.3.1/../../../../arm-none-eabi/lib/thumb/v7e-m+fp/hard/libc_nano.a(lib_a-stdio.o)
                0x000000000001ffce                __swrite
 .text.__sseek  0x0000000000020006       0x24 /usr/share/gcc-arm-none-eabi-10.3-2021.10/bin/../lib/gcc/arm-none-eabi/10.3.1/../../../../arm-none-eabi/lib/thumb/v7e-m+fp/hard/libc_nano.a(lib_a-stdio.o)
                0x0000000000020006                __sseek
 .text.__sclose
                0x000000000002002a        0x8 /usr/share/gcc-arm-none-eabi-10.3-2021.10/bin/../lib/gcc/arm-none-eabi/10.3.1/../../../../arm-none-eabi/lib/thumb/v7e-m+fp/hard/libc_nano.a(lib_a-stdio.o)
                0x000000000002002a                __sclose
 *fill*         0x0000000000020032        0x2 
 .text._write_r
                0x0000000000020034       0x24 /usr/share/gcc-arm-none-eabi-10.3-2021.10/bin/../lib/gcc/arm-none-eabi/10.3.1/../../../../arm-none-eabi/lib/thumb/v7e-m+fp/hard/libc_nano.a(lib_a-writer.o)
                0x0000000000020034                _write_r
 .text._close_r
                0x0000000000020058       0x20 /usr/share/gcc-arm-none-eabi-10.3-2021.10/bin/../lib/gcc/arm-none-eabi/10.3.1/../../../../arm-none-eabi/lib/thumb/v7e-m+fp/hard/libc_nano.a(lib_a-closer.o)
                0x0000000000020058                _close_r
 .text._fstat_r
                0x0000000000020078       0x24 /usr/share/gcc-arm-none-eabi-10.3-2021.10/bin/../lib/gcc/arm-none-eabi/10.3.1/../../../../arm-none-eabi/lib/thumb/v7e-m+fp/hard/libc_nano.a(lib_a-fstatr.o)
                0x0000000000020078                _fstat_r
 .text._isatty_r
                0x000000000002009c       0x20 /usr/share/gcc-arm-none-eabi-10.3-2021.10/bin/../lib/gcc/arm-none-eabi/10.3.1/../../../../arm-none-eabi/lib/thumb/v7e-m+fp/hard/libc_nano.a(lib_a-isattyr.o)
                0x000000000002009c                _isatty_r
 .text._lseek_r
                0x00000000000200bc       0x24 /usr/share/gcc-arm-none-eabi-10.3-2021.10/bin/../lib/gcc/arm-none-eabi/10.3.1/../../../../arm-none-eabi/lib/thumb/v7e-m+fp/hard/libc_nano.a(lib_a-lseekr.o)
                0x00000000000200bc                _lseek_r
 .text._malloc_usable_size_r
                0x00000000000200e0       0x10 /usr/share/gcc-arm-none-eabi-10.3-2021.10/bin/../lib/gcc/arm-none-eabi/10.3.1/../../../../arm-none-eabi/lib/thumb/v7e-m+fp/hard/libc_nano.a(lib_a-nano-msizer.o)
                0x00000000000200e0                _malloc_usable_size_r