Archive member included to satisfy reference by file (symbol)

/usr/share/gcc-arm-none-eabi-10.3-2021.10/bin/../lib/gcc/arm-none-eabi/10.3.1/../../../../arm-none-eabi/lib/thumb/v7e-m+fp/hard/libm.a(lib_a-csqrt.o)
                              ./objects/butterworth.o (csqrt)
/usr/share/gcc-arm-none-eabi-10.3-2021.10/bin/../lib/gcc/arm-none-eabi/10.3.1/../../../../arm-none-eabi/lib/thumb/v7e-m+fp/hard/libm.a(lib_a-s_cos.o)
                              ./objects/biquad.o (cos)
/usr/share/gcc-arm-none-eabi-10.3-2021.10/bin/../lib/gcc/arm-none-eabi/10.3.1/../../../../arm-none-eabi/lib/thumb/v7e-m+fp/hard/libm.a(lib_a-s_fabs.o)
                              /usr/share/gcc-arm-none-eabi-10.3-2021.10/bin/../lib/gcc/arm-none-eabi/10.3.1/../../../../arm-none-eabi/lib/thumb/v7e-m+fp/hard/libm.a(lib_a-csqrt.o) (fabs)
/usr/share/gcc-arm-none-eabi-10.3-2021.10/bin/../lib/gcc/arm-none-eabi/10.3.1/../../../../arm-none-eabi/lib/thumb/v7e-m+fp/hard/libm.a(lib_a-sf_cos.o)
                              ./objects/biquad.o (cosf)
/usr/share/gcc-arm-none-eabi-10.3-2021.10/bin/../lib/gcc/arm-none-eabi/10.3.1/../../../../arm-none-eabi/lib/thumb/v7e-m+fp/hard/libm.a(lib_a-sf_round.o)
                              ./objects/gpsutilities.o (roundf)
/usr/share/gcc-arm-none-eabi-10.3-2021.10/bin/../lib/gcc/arm-none-eabi/10.3.1/../../../../arm-none-eabi/lib/thumb/v7e-m+fp/hard/libm.a(lib_a-sf_sin.o)
                              ./objects/biquad.o (sinf)
/usr/share/gcc-arm-none-eabi-10.3-2021.10/bin/../lib/gcc/arm-none-eabi/10.3.1/../../../../arm-none-eabi/lib/thumb/v7e-m+fp/hard/libm.a(lib_a-sf_tan.o)
                              ./objects/butterworth.o (tanf)
/usr/share/gcc-arm-none-eabi-10.3-2021.10/bin/../lib/gcc/arm-none-eabi/10.3.1/../../../../arm-none-eabi/lib/thumb/v7e-m+fp/hard/libm.a(lib_a-w_sqrt.o)
                              /usr/share/gcc-arm-none-eabi-10.3-2021.10/bin/../lib/gcc/arm-none-eabi/10.3.1/../../../../arm-none-eabi/lib/thumb/v7e-m+fp/hard/libm.a(lib_a-csqrt.o) (sqrt)
/usr/share/gcc-arm-none-eabi-10.3-2021.10/bin/../lib/gcc/arm-none-eabi/10.3.1/../../../../arm-none-eabi/lib/thumb/v7e-m+fp/hard/libm.a(lib_a-wf_acos.o)
                              ./objects/gpsutilities.o (acosf)
/usr/share/gcc-arm-none-eabi-10.3-2021.10/bin/../lib/gcc/arm-none-eabi/10.3.1/../../../../arm-none-eabi/lib/thumb/v7e-m+fp/hard/libm.a(lib_a-wf_hypot.o)
                              ./objects/butterworth.o (hypotf)
/usr/share/gcc-arm-none-eabi-10.3-2021.10/bin/../lib/gcc/arm-none-eabi/10.3.1/../../../../arm-none-eabi/lib/thumb/v7e-m+fp/hard/libm.a(lib_a-wf_pow.o)
                              ./objects/main.o (powf)
/usr/share/gcc-arm-none-eabi-10.3-2021.10/bin/../lib/gcc/arm-none-eabi/10.3.1/../../../../arm-none-eabi/lib/thumb/v7e-m+fp/hard/libm.a(lib_a-wf_sinh.o)
                              ./objects/biquad.o (sinhf)
/usr/share/gcc-arm-none-eabi-10.3-2021.10/bin/../lib/gcc/arm-none-eabi/10.3.1/../../../../arm-none-eabi/lib/thumb/v7e-m+fp/hard/libm.a(lib_a-wf_sqrt.o)
                              ./objects/butterworth.o (sqrtf)
/usr/share/gcc-arm-none-eabi-10.3-2021.10/bin/../lib/gcc/arm-none-eabi/10.3.1/../../../../arm-none-eabi/lib/thumb/v7e-m+fp/hard/libm.a(lib_a-cabs.o)
                              /usr/share/gcc-arm-none-eabi-10.3-2021.10/bin/../lib/gcc/arm-none-eabi/10.3.1/../../../../arm-none-eabi/lib/thumb/v7e-m+fp/hard/libm.a(lib_a-csqrt.o) (cabs)
/usr/share/gcc-arm-none-eabi-10.3-2021.10/bin/../lib/gcc/arm-none-eabi/10.3.1/../../../../arm-none-eabi/lib/thumb/v7e-m+fp/hard/libm.a(lib_a-cimag.o)
                              /usr/share/gcc-arm-none-eabi-10.3-2021.10/bin/../lib/gcc/arm-none-eabi/10.3.1/../../../../arm-none-eabi/lib/thumb/v7e-m+fp/hard/libm.a(lib_a-csqrt.o) (cimag)
/usr/share/gcc-arm-none-eabi-10.3-2021.10/bin/../lib/gcc/arm-none-eabi/10.3.1/../../../../arm-none-eabi/lib/thumb/v7e-m+fp/hard/libm.a(lib_a-creal.o)
                              /usr/share/gcc-arm-none-eabi-10.3-2021.10/bin/../lib/gcc/arm-none-eabi/10.3.1/../../../../arm-none-eabi/lib/thumb/v7e-m+fp/hard/libm.a(lib_a-csqrt.o) (creal)
/usr/share/gcc-arm-none-eabi-10.3-2021.10/bin/../lib/gcc/arm-none-eabi/10.3.1/../../../../arm-none-eabi/lib/thumb/v7e-m+fp/hard/libm.a(lib_a-e_rem_pio2.o)
                              /usr/share/gcc-arm-none-eabi-10.3-2021.10/bin/../lib/gcc/arm-none-eabi/10.3.1/../../../../arm-none-eabi/lib/thumb/v7e-m+fp/hard/libm.a(lib_a-s_cos.o) (__ieee754_rem_pio2)
/usr/share/gcc-arm-none-eabi-10.3-2021.10/bin/../lib/gcc/arm-none-eabi/10.3.1/../../../../arm-none-eabi/lib/thumb/v7e-m+fp/hard/libm.a(lib_a-e_sqrt.o)
                              /usr/share/gcc-arm-none-eabi-10.3-2021.10/bin/../lib/gcc/arm-none-eabi/10.3.1/../../../../arm-none-eabi/lib/thumb/v7e-m+fp/hard/libm.a(lib_a-w_sqrt.o) (__ieee754_sqrt)
/usr/share/gcc-arm-none-eabi-10.3-2021.10/bin/../lib/gcc/arm-none-eabi/10.3.1/../../../../arm-none-eabi/lib/thumb/v7e-m+fp/hard/libm.a(lib_a-ef_acos.o)
[...]
Memory Configuration

Name             Origin             Length             Attributes
FLASH            0x0000000000004000 0x000000000003c000 xr
RAM              0x0000000020000000 0x0000000000008000 xrw
*default*        0x0000000000000000 0xffffffffffffffff

Linker script and memory map

LOAD /usr/share/gcc-arm-none-eabi-10.3-2021.10/bin/../lib/gcc/arm-none-eabi/10.3.1/thumb/v7e-m+fp/hard/crti.o
LOAD /usr/share/gcc-arm-none-eabi-10.3-2021.10/bin/../lib/gcc/arm-none-eabi/10.3.1/thumb/v7e-m+fp/hard/crtbegin.o
LOAD /usr/share/gcc-arm-none-eabi-10.3-2021.10/bin/../lib/gcc/arm-none-eabi/10.3.1/../../../../arm-none-eabi/lib/thumb/v7e-m+fp/hard/crt0.o
LOAD ./objects/audioconfig.o
LOAD ./objects/audiomoth.o
LOAD ./objects/biquad.o
LOAD ./objects/butterworth.o
LOAD ./objects/digitalfilter.o
LOAD ./objects/diskio.o
LOAD ./objects/dmactrl.o
LOAD ./objects/em_acmp.o
LOAD ./objects/em_adc.o
LOAD ./objects/em_aes.o
LOAD ./objects/em_assert.o
LOAD ./objects/em_burtc.o
LOAD ./objects/em_can.o
LOAD ./objects/em_cmu.o
LOAD ./objects/em_core.o
LOAD ./objects/em_cryotimer.o
LOAD ./objects/em_crypto.o
LOAD ./objects/em_csen.o
LOAD ./objects/em_dac.o
LOAD ./objects/em_dbg.o
LOAD ./objects/em_dma.o
LOAD ./objects/em_ebi.o
LOAD ./objects/em_emu.o
LOAD ./objects/em_gpcrc.o
LOAD ./objects/em_gpio.o
LOAD ./objects/em_i2c.o
LOAD ./objects/em_idac.o
LOAD ./objects/em_lcd.o
LOAD ./objects/em_ldma.o
LOAD ./objects/em_lesense.o
LOAD ./objects/em_letimer.o
LOAD ./objects/em_leuart.o
LOAD ./objects/em_mpu.o
LOAD ./objects/em_msc.o
LOAD ./objects/em_opamp.o
LOAD ./objects/em_pcnt.o
LOAD ./objects/em_prs.o
LOAD ./objects/em_qspi.o
LOAD ./objects/em_rmu.o
LOAD ./objects/em_rtc.o
LOAD ./objects/em_rtcc.o
LOAD ./objects/em_system.o
LOAD ./objects/em_timer.o
LOAD ./objects/em_usart.o
LOAD ./objects/em_usbd.o
LOAD ./objects/em_usbdch9.o
LOAD ./objects/em_usbdep.o
LOAD ./objects/em_usbdint.o
LOAD ./objects/em_usbhal.o
LOAD ./objects/em_usbtimer.o
LOAD ./objects/em_vcmp.o
LOAD ./objects/em_vdac.o
LOAD ./objects/em_wdog.o
LOAD ./objects/ff.o
LOAD ./objects/ffunicode.o
LOAD ./objects/gps.o
LOAD ./objects/gpsinterface.o
LOAD ./objects/gpsutilities.o
LOAD ./objects/main.o
LOAD ./objects/microsd.o
LOAD ./objects/nmeaparser.o
LOAD ./objects/startup_efm32wg.o
LOAD ./objects/sunrise.o
LOAD ./objects/system_efm32wg.o
LOAD /usr/share/gcc-arm-none-eabi-10.3-2021.10/bin/../lib/gcc/arm-none-eabi/10.3.1/../../../../arm-none-eabi/lib/thumb/v7e-m+fp/hard/libm.a
START GROUP
LOAD /usr/share/gcc-arm-none-eabi-10.3-2021.10/bin/../lib/gcc/arm-none-eabi/10.3.1/thumb/v7e-m+fp/hard/libgcc.a
LOAD /usr/share/gcc-arm-none-eabi-10.3-2021.10/bin/../lib/gcc/arm-none-eabi/10.3.1/../../../../arm-none-eabi/lib/thumb/v7e-m+fp/hard/libc_nano.a
LOAD /usr/share/gcc-arm-none-eabi-10.3-2021.10/bin/../lib/gcc/arm-none-eabi/10.3.1/../../../../arm-none-eabi/lib/thumb/v7e-m+fp/hard/libnosys.a
END GROUP
START GROUP
LOAD /usr/share/gcc-arm-none-eabi-10.3-2021.10/bin/../lib/gcc/arm-none-eabi/10.3.1/thumb/v7e-m+fp/hard/libgcc.a
LOAD /usr/share/gcc-arm-none-eabi-10.3-2021.10/bin/../lib/gcc/arm-none-eabi/10.3.1/../../../../arm-none-eabi/lib/thumb/v7e-m+fp/hard/libc_nano.a
END GROUP
START GROUP
LOAD /usr/share/gcc-arm-none-eabi-10.3-2021.10/bin/../lib/gcc/arm-none-eabi/10.3.1/thumb/v7e-m+fp/hard/libgcc.a
LOAD /usr/share/gcc-arm-none-eabi-10.3-2021.10/bin/../lib/gcc/arm-none-eabi/10.3.1/../../../../arm-none-eabi/lib/thumb/v7e-m+fp/hard/libc_nano.a
END GROUP
LOAD /usr/share/gcc-arm-none-eabi-10.3-2021.10/bin/../lib/gcc/arm-none-eabi/10.3.1/thumb/v7e-m+fp/hard/crtend.o
LOAD /usr/share/gcc-arm-none-eabi-10.3-2021.10/bin/../lib/gcc/arm-none-eabi/10.3.1/thumb/v7e-m+fp/hard/crtn.o

.text           0x0000000000004000    0x2d150
 *(.vectors)
 .vectors       0x0000000000004000       0xe0 ./objects/startup_efm32wg.o
                0x0000000000004000                __Vectors
                0x00000000000040e0                __Vectors_End = .
                0x00000000000040e0                __Vectors_Size = (__Vectors_End - __Vectors)
                0x0000000020004268                __end__ = .
 *(.text*)
 .text          0x00000000000040e0       0x40 /usr/share/gcc-arm-none-eabi-10.3-2021.10/bin/../lib/gcc/arm-none-eabi/10.3.1/thumb/v7e-m+fp/hard/crtbegin.o
 .text          0x0000000000004120       0x7c /usr/share/gcc-arm-none-eabi-10.3-2021.10/bin/../lib/gcc/arm-none-eabi/10.3.1/../../../../arm-none-eabi/lib/thumb/v7e-m+fp/hard/crt0.o
                0x0000000000004120                _stack_init
                0x0000000000004128                _mainCRTStartup
                0x0000000000004128                _start
 .text.AudioMoth_handleMicrophoneInterrupt
                0x000000000000419c       0x14 ./objects/audioconfig.o
                0x000000000000419c                AudioMoth_handleMicrophoneInterrupt
 .text.AudioConfig_enableAudioConfiguration
                0x00000000000041b0       0x8c ./objects/audioconfig.o
                0x00000000000041b0                AudioConfig_enableAudioConfiguration
 .text.AudioConfig_disableAudioConfiguration
                0x000000000000423c        0x4 ./objects/audioconfig.o
                0x000000000000423c                AudioConfig_disableAudioConfiguration
 .text.AudioConfig_listenForAudioConfigurationTone
                0x0000000000004240      0x228 ./objects/audioconfig.o
                0x0000000000004240                AudioConfig_listenForAudioConfigurationTone
 .text.AudioConfig_listenForAudioConfigurationPackets
                0x0000000000004468      0x734 ./objects/audioconfig.o
                0x0000000000004468                AudioConfig_listenForAudioConfigurationPackets
 .text.AudioConfig_cancelAudioConfiguration
                0x0000000000004b9c        0xc ./objects/audioconfig.o
                0x0000000000004b9c                AudioConfig_cancelAudioConfiguration
 .text.setupGPIO
                0x0000000000004ba8      0x53c ./objects/audiomoth.o
 .text.transferComplete
                0x00000000000050e4       0x40 ./objects/audiomoth.o
 *fill*         0x0000000000005124        0x4 
 .text.enableEBI
                0x0000000000005128      0x1cc ./objects/audiomoth.o
 .text.dataSentHIDCallback
                0x00000000000052f4       0x1c ./objects/audiomoth.o
                0x00000000000052f4                dataSentHIDCallback
 .text.dataSentWebUSBCallback
                0x0000000000005310       0x1c ./objects/audiomoth.o
                0x0000000000005310                dataSentWebUSBCallback
 .text.setupCmd
                0x000000000000532c       0xd0 ./objects/audiomoth.o
                0x000000000000532c                setupCmd
 .text.stateChange
                0x00000000000053fc       0x44 ./objects/audiomoth.o
                0x00000000000053fc                stateChange
 .text.AudioMoth_delay.part.0
                0x0000000000005440       0xc8 ./objects/audiomoth.o
 .text.AudioMoth_getExtendedBatteryState.part.0
                0x0000000000005508       0xf4 ./objects/audiomoth.o
 .text.AudioMoth_initialise
                0x00000000000055fc      0x2f8 ./objects/audiomoth.o
                0x00000000000055fc                AudioMoth_initialise
 .text.AudioMoth_isInitialPowerUp
                0x00000000000058f4       0x1c ./objects/audiomoth.o
                0x00000000000058f4                AudioMoth_isInitialPowerUp
 .text.AudioMoth_hasInvertedOutput
                0x0000000000005910       0x18 ./objects/audiomoth.o
                0x0000000000005910                AudioMoth_hasInvertedOutput
 .text.AudioMoth_getClockFrequency
                0x0000000000005928        0x8 ./objects/audiomoth.o
                0x0000000000005928                AudioMoth_getClockFrequency
 .text.AudioMoth_setClockDivider
                0x0000000000005930       0x1c ./objects/audiomoth.o
                0x0000000000005930                AudioMoth_setClockDivider
 .text.RTC_IRQHandler
                0x000000000000594c       0x1c ./objects/audiomoth.o
                0x000000000000594c                RTC_IRQHandler
 .text.GPIO_EVEN_IRQHandler
                0x0000000000005968       0x34 ./objects/audiomoth.o
                0x0000000000005968                GPIO_EVEN_IRQHandler
 .text.ADC0_IRQHandler
                0x000000000000599c       0x28 ./objects/audiomoth.o
                0x000000000000599c                ADC0_IRQHandler
 .text.TIMER1_IRQHandler
                0x00000000000059c4       0x1c ./objects/audiomoth.o
                0x00000000000059c4                TIMER1_IRQHandler
 .text.AudioMoth_startMicrophoneSamples
                0x00000000000059e0       0x68 ./objects/audiomoth.o
                0x00000000000059e0                AudioMoth_startMicrophoneSamples
 .text.AudioMoth_initialiseMicrophoneInterrupts
                0x0000000000005a48       0x20 ./objects/audiomoth.o
                0x0000000000005a48                AudioMoth_initialiseMicrophoneInterrupts
 .text.AudioMoth_initialiseDirectMemoryAccess
                0x0000000000005a68       0xac ./objects/audiomoth.o
                0x0000000000005a68                AudioMoth_initialiseDirectMemoryAccess
 .text.AudioMoth_enableMicrophone
                0x0000000000005b14      0x2cc ./objects/audiomoth.o
                0x0000000000005b14                AudioMoth_enableMicrophone
 .text.AudioMoth_disableMicrophone
                0x0000000000005de0       0xc4 ./objects/audiomoth.o
                0x0000000000005de0                AudioMoth_disableMicrophone
 .text.AudioMoth_enableExternalSRAM
                0x0000000000005ea4       0x2c ./objects/audiomoth.o
                0x0000000000005ea4                AudioMoth_enableExternalSRAM
 .text.AudioMoth_delay
                0x0000000000005ed0        0x8 ./objects/audiomoth.o
                0x0000000000005ed0                AudioMoth_delay
 .text.AudioMoth_sleep
                0x0000000000005ed8       0x14 ./objects/audiomoth.o
                0x0000000000005ed8                AudioMoth_sleep
 .text.AudioMoth_deepSleep
                0x0000000000005eec        0x8 ./objects/audiomoth.o
                0x0000000000005eec                AudioMoth_deepSleep
 .text.AudioMoth_powerDownAndWakeMilliseconds
                0x0000000000005ef4       0x50 ./objects/audiomoth.o
                0x0000000000005ef4                AudioMoth_powerDownAndWakeMilliseconds
 .text.AudioMoth_blinkDuringUSB
                0x0000000000005f44        0xc ./objects/audiomoth.o
                0x0000000000005f44                AudioMoth_blinkDuringUSB
 .text.AudioMoth_enableSupplyMonitor
                0x0000000000005f50       0x44 ./objects/audiomoth.o
                0x0000000000005f50                AudioMoth_enableSupplyMonitor
 .text.AudioMoth_disableSupplyMonitor
                0x0000000000005f94       0x18 ./objects/audiomoth.o
                0x0000000000005f94                AudioMoth_disableSupplyMonitor
 .text.AudioMoth_setSupplyMonitorThreshold
                0x0000000000005fac       0x40 ./objects/audiomoth.o
                0x0000000000005fac                AudioMoth_setSupplyMonitorThreshold
 .text.AudioMoth_isSupplyAboveThreshold
                0x0000000000005fec        0xc ./objects/audiomoth.o
                0x0000000000005fec                AudioMoth_isSupplyAboveThreshold
 .text.AudioMoth_getSupplyVoltage
                0x0000000000005ff8       0x94 ./objects/audiomoth.o
                0x0000000000005ff8                AudioMoth_getSupplyVoltage
 .text.handleUSBPacket
                0x000000000000608c      0x2f0 ./objects/audiomoth.o
                0x000000000000608c                handleUSBPacket
 .text.dataReceivedHIDCallback
                0x000000000000637c       0x20 ./objects/audiomoth.o
                0x000000000000637c                dataReceivedHIDCallback
 .text.dataReceivedWebUSBCallback
                0x000000000000639c       0x20 ./objects/audiomoth.o
                0x000000000000639c                dataReceivedWebUSBCallback
 .text.AudioMoth_getExtendedBatteryState
                0x00000000000063bc       0x18 ./objects/audiomoth.o
                0x00000000000063bc                AudioMoth_getExtendedBatteryState
 .text.AudioMoth_getBatteryState
                0x00000000000063d4       0x30 ./objects/audiomoth.o
                0x00000000000063d4                AudioMoth_getBatteryState
 .text.AudioMoth_enableTemperature
                0x0000000000006404       0x6c ./objects/audiomoth.o
                0x0000000000006404                AudioMoth_enableTemperature
 .text.AudioMoth_disableTemperature
                0x0000000000006470       0x1c ./objects/audiomoth.o
                0x0000000000006470                AudioMoth_disableTemperature
 .text.AudioMoth_getTemperature
                0x000000000000648c       0x60 ./objects/audiomoth.o
                0x000000000000648c                AudioMoth_getTemperature
 .text.AudioMoth_getSwitchPosition
                0x00000000000064ec       0x40 ./objects/audiomoth.o
                0x00000000000064ec                AudioMoth_getSwitchPosition
 .text.AudioMoth_hasTimeBeenSet
                0x000000000000652c       0x1c ./objects/audiomoth.o
                0x000000000000652c                AudioMoth_hasTimeBeenSet
 .text.AudioMoth_setTime
                0x0000000000006548       0x6c ./objects/audiomoth.o
                0x0000000000006548                AudioMoth_setTime
 .text.AudioMoth_getTime
                0x00000000000065b4       0x98 ./objects/audiomoth.o
                0x00000000000065b4                AudioMoth_getTime
 .text.AudioMoth_startRealTimeClock
                0x000000000000664c       0x8c ./objects/audiomoth.o
                0x000000000000664c                AudioMoth_startRealTimeClock
 .text.AudioMoth_checkAndHandleTimeOverflow
                0x00000000000066d8       0x1c ./objects/audiomoth.o
                0x00000000000066d8                AudioMoth_checkAndHandleTimeOverflow
 .text.get_fattime
                0x00000000000066f4       0xb8 ./objects/audiomoth.o
                0x00000000000066f4                get_fattime
 .text.AudioMoth_setRedLED
                0x00000000000067ac        0xc ./objects/audiomoth.o
                0x00000000000067ac                AudioMoth_setRedLED
 .text.AudioMoth_setBothLED
                0x00000000000067b8       0x24 ./objects/audiomoth.o
                0x00000000000067b8                AudioMoth_setBothLED
 .text.AudioMoth_handleUSB
                0x00000000000067dc      0x510 ./objects/audiomoth.o
                0x00000000000067dc                AudioMoth_handleUSB
 .text.AudioMoth_setGreenLED
                0x0000000000006cec        0xc ./objects/audiomoth.o
                0x0000000000006cec                AudioMoth_setGreenLED
 .text.AudioMoth_enableFileSystem
                0x0000000000006cf8       0x60 ./objects/audiomoth.o
                0x0000000000006cf8                AudioMoth_enableFileSystem
 .text.AudioMoth_openFile
                0x0000000000006d58       0x18 ./objects/audiomoth.o
                0x0000000000006d58                AudioMoth_openFile
 .text.AudioMoth_appendFile
                0x0000000000006d70       0x34 ./objects/audiomoth.o
                0x0000000000006d70                AudioMoth_appendFile
 .text.AudioMoth_seekInFile
                0x0000000000006da4       0x18 ./objects/audiomoth.o
                0x0000000000006da4                AudioMoth_seekInFile
 .text.AudioMoth_writeToFile
                0x0000000000006dbc       0x2c ./objects/audiomoth.o
                0x0000000000006dbc                AudioMoth_writeToFile
 .text.AudioMoth_renameFile
                0x0000000000006de8       0x10 ./objects/audiomoth.o
                0x0000000000006de8                AudioMoth_renameFile
 .text.AudioMoth_syncFile
                0x0000000000006df8       0x14 ./objects/audiomoth.o
                0x0000000000006df8                AudioMoth_syncFile
 .text.AudioMoth_closeFile
                0x0000000000006e0c       0x14 ./objects/audiomoth.o
                0x0000000000006e0c                AudioMoth_closeFile
 .text.AudioMoth_doesDirectoryExist
                0x0000000000006e20       0x10 ./objects/audiomoth.o
                0x0000000000006e20                AudioMoth_doesDirectoryExist
 .text.AudioMoth_makeDirectory
                0x0000000000006e30       0x10 ./objects/audiomoth.o
                0x0000000000006e30                AudioMoth_makeDirectory
 .text._write   0x0000000000006e40       0x60 ./objects/audiomoth.o
                0x0000000000006e40                _write
 .text.Biquad_designLowPassFilter
                0x0000000000006ea0       0xe8 ./objects/biquad.o
                0x0000000000006ea0                Biquad_designLowPassFilter
 .text.Biquad_initialise
                0x0000000000006f88       0x10 ./objects/biquad.o
                0x0000000000006f88                Biquad_initialise
 .text.Biquad_applyFilter
                0x0000000000006f98       0x68 ./objects/biquad.o
                0x0000000000006f98                Biquad_applyFilter
 .text.expand.constprop.0
                0x0000000000007000      0x1c4 ./objects/butterworth.o
 .text.expand.constprop.1
                0x00000000000071c4       0xac ./objects/butterworth.o
 .text.Butterworth_designLowPassFilter
                0x0000000000007270      0x190 ./objects/butterworth.o
                0x0000000000007270                Butterworth_designLowPassFilter
 .text.Butterworth_designBandPassFilter
                0x0000000000007400      0x430 ./objects/butterworth.o
                0x0000000000007400                Butterworth_designBandPassFilter
 .text.Butterworth_initialise
                0x0000000000007830       0x10 ./objects/butterworth.o
                0x0000000000007830                Butterworth_initialise
 .text.Butterworth_applyLowPassFilter
                0x0000000000007840       0x34 ./objects/butterworth.o
                0x0000000000007840                Butterworth_applyLowPassFilter
 .text.Butterworth_applyBandPassFilter
                0x0000000000007874       0x4c ./objects/butterworth.o
                0x0000000000007874                Butterworth_applyBandPassFilter
 .text.expand.constprop.0
                0x00000000000078c0      0x1c4 ./objects/digitalfilter.o
 .text.expand.constprop.1
                0x0000000000007a84       0xac ./objects/digitalfilter.o
 .text.designFilter
                0x0000000000007b30      0x590 ./objects/digitalfilter.o
 .text.DigitalFilter_setAdditionalGain
                0x00000000000080c0       0x14 ./objects/digitalfilter.o
                0x00000000000080c0                DigitalFilter_setAdditionalGain
 .text.DigitalFilter_applyFilter
                0x00000000000080d4      0x6fc ./objects/digitalfilter.o
                0x00000000000080d4                DigitalFilter_applyFilter
 .text.DigitalFilter_applyFrequencyTrigger
                0x00000000000087d0      0x2a8 ./objects/digitalfilter.o
                0x00000000000087d0                DigitalFilter_applyFrequencyTrigger
 .text.DigitalFilter_designHighPassFilter
                0x0000000000008a78       0x10 ./objects/digitalfilter.o
                0x0000000000008a78                DigitalFilter_designHighPassFilter
 .text.DigitalFilter_designBandPassFilter
                0x0000000000008a88       0x54 ./objects/digitalfilter.o
                0x0000000000008a88                DigitalFilter_designBandPassFilter
 .text.DigitalFilter_setAmplitudeThreshold
                0x0000000000008adc        0xc ./objects/digitalfilter.o
                0x0000000000008adc                DigitalFilter_setAmplitudeThreshold
 .text.DigitalFilter_setFrequencyTrigger
                0x0000000000008ae8       0xec ./objects/digitalfilter.o
                0x0000000000008ae8                DigitalFilter_setFrequencyTrigger
 .text.disk_initialize
                0x0000000000008bd4      0x140 ./objects/diskio.o
                0x0000000000008bd4                disk_initialize
 .text.disk_status
                0x0000000000008d14       0x10 ./objects/diskio.o
                0x0000000000008d14                disk_status
 .text.disk_read
                0x0000000000008d24       0x8c ./objects/diskio.o
                0x0000000000008d24                disk_read
 .text.disk_write
                0x0000000000008db0       0xbc ./objects/diskio.o
                0x0000000000008db0                disk_write
 .text.disk_ioctl
                0x0000000000008e6c      0x218 ./objects/diskio.o
                0x0000000000008e6c                disk_ioctl
 .text.ACMP_Disable
                0x0000000000009084        0xc ./objects/em_acmp.o
                0x0000000000009084                ACMP_Disable
 .text.ACMP_Enable
                0x0000000000009090        0xc ./objects/em_acmp.o
                0x0000000000009090                ACMP_Enable
 .text.ACMP_ChannelSet
                0x000000000000909c       0x10 ./objects/em_acmp.o
                0x000000000000909c                ACMP_ChannelSet
 .text.ACMP_Init
                0x00000000000090ac       0x5c ./objects/em_acmp.o
                0x00000000000090ac                ACMP_Init
 .text.ADC_Init
                0x0000000000009108       0x70 ./objects/em_adc.o
                0x0000000000009108                ADC_Init
 .text.ADC_InitSingle
                0x0000000000009178       0xec ./objects/em_adc.o
                0x0000000000009178                ADC_InitSingle
 .text.ADC_PrescaleCalc
                0x0000000000009264       0x3c ./objects/em_adc.o
                0x0000000000009264                ADC_PrescaleCalc
 .text.ADC_Reset
                0x00000000000092a0       0x80 ./objects/em_adc.o
                0x00000000000092a0                ADC_Reset
 .text.ADC_TimebaseCalc
                0x0000000000009320       0x3c ./objects/em_adc.o
                0x0000000000009320                ADC_TimebaseCalc
 .text.BURTC_Init
                0x000000000000935c       0x80 ./objects/em_burtc.o
                0x000000000000935c                BURTC_Init
 .text.BURTC_CompareSet
                0x00000000000093dc       0x20 ./objects/em_burtc.o
                0x00000000000093dc                BURTC_CompareSet
 .text.lfClkGet
                0x00000000000093fc      0x154 ./objects/em_cmu.o
 .text.CMU_ClockDivSet
                0x0000000000009550      0x334 ./objects/em_cmu.o
                0x0000000000009550                CMU_ClockDivSet
 .text.CMU_ClockEnable
                0x0000000000009884       0xc4 ./objects/em_cmu.o
                0x0000000000009884                CMU_ClockEnable
 .text.CMU_ClockFreqGet
                0x0000000000009948      0x1ec ./objects/em_cmu.o
                0x0000000000009948                CMU_ClockFreqGet
 .text.CMU_ClockSelectGet
                0x0000000000009b34       0xc4 ./objects/em_cmu.o
                0x0000000000009b34                CMU_ClockSelectGet
 .text.CMU_ClockSelectSet
                0x0000000000009bf8      0x31c ./objects/em_cmu.o
                0x0000000000009bf8                CMU_ClockSelectSet
 .text.CMU_OscillatorEnable
                0x0000000000009f14       0x50 ./objects/em_cmu.o
                0x0000000000009f14                CMU_OscillatorEnable
 .text.CORE_AtomicDisableIrq
                0x0000000000009f64        0x4 ./objects/em_core.o
                0x0000000000009f64                CORE_AtomicDisableIrq
 .text.CORE_AtomicEnableIrq
                0x0000000000009f68        0x4 ./objects/em_core.o
                0x0000000000009f68                CORE_AtomicEnableIrq
 .text.CORE_EnterAtomic
                0x0000000000009f6c        0x8 ./objects/em_core.o
                0x0000000000009f6c                CORE_EnterAtomic
 .text.CORE_ExitAtomic
                0x0000000000009f74        0x8 ./objects/em_core.o
                0x0000000000009f74                CORE_ExitAtomic
 .text.DMA_IRQHandler
                0x0000000000009f7c       0x80 ./objects/em_dma.o
                0x0000000000009f7c                DMA_IRQHandler
 .text.DMA_ActivatePingPong
                0x0000000000009ffc       0xfc ./objects/em_dma.o
                0x0000000000009ffc                DMA_ActivatePingPong
 .text.DMA_CfgChannel
                0x000000000000a0f8       0x58 ./objects/em_dma.o
                0x000000000000a0f8                DMA_CfgChannel
 .text.DMA_CfgDescr
                0x000000000000a150       0x40 ./objects/em_dma.o
                0x000000000000a150                DMA_CfgDescr
 .text.DMA_Init
                0x000000000000a190       0x90 ./objects/em_dma.o
                0x000000000000a190                DMA_Init
 .text.DMA_RefreshPingPong
                0x000000000000a220       0x80 ./objects/em_dma.o
                0x000000000000a220                DMA_RefreshPingPong
 .text.DMA_Reset
                0x000000000000a2a0       0x68 ./objects/em_dma.o
                0x000000000000a2a0                DMA_Reset
 .text.EBI_Init
                0x000000000000a308      0x66c ./objects/em_ebi.o
                0x000000000000a308                EBI_Init
 .text.EMU_EnterEM2
                0x000000000000a974       0xe4 ./objects/em_emu.o
                0x000000000000a974                EMU_EnterEM2
 .text.EMU_EnterEM4
                0x000000000000aa58       0x30 ./objects/em_emu.o
                0x000000000000aa58                EMU_EnterEM4
 .text.EMU_EM4Init
                0x000000000000aa88       0x30 ./objects/em_emu.o
                0x000000000000aa88                EMU_EM4Init
 .text.GPIO_ExtIntConfig
                0x000000000000aab8       0x78 ./objects/em_gpio.o
                0x000000000000aab8                GPIO_ExtIntConfig
 .text.GPIO_PinModeSet
                0x000000000000ab30       0xa0 ./objects/em_gpio.o
                0x000000000000ab30                GPIO_PinModeSet
 .text.MSC_Init
                0x000000000000abd0       0x74 ./objects/em_msc.o
                0x000000000000abd0                MSC_Init
 .text.OPAMP_Enable
                0x000000000000ac44      0x240 ./objects/em_opamp.o
                0x000000000000ac44                OPAMP_Enable
 .text.PRS_SourceSignalSet
                0x000000000000ae84       0x20 ./objects/em_prs.o
                0x000000000000ae84                PRS_SourceSignalSet
 .text.RMU_ResetControl
                0x000000000000aea4       0x20 ./objects/em_rmu.o
                0x000000000000aea4                RMU_ResetControl
 .text.RMU_ResetCauseClear
                0x000000000000aec4       0x44 ./objects/em_rmu.o
                0x000000000000aec4                RMU_ResetCauseClear
 .text.RMU_ResetCauseGet
                0x000000000000af08      0x11c ./objects/em_rmu.o
                0x000000000000af08                RMU_ResetCauseGet
 .text.RTC_CompareSet
                0x000000000000b024       0x18 ./objects/em_rtc.o
                0x000000000000b024                RTC_CompareSet
 .text.RTC_Init
                0x000000000000b03c       0x1c ./objects/em_rtc.o
                0x000000000000b03c                RTC_Init
 .text.RTC_Reset
                0x000000000000b058       0x18 ./objects/em_rtc.o
                0x000000000000b058                RTC_Reset
 .text.SYSTEM_GetCalibrationValue
                0x000000000000b070       0x2c ./objects/em_system.o
                0x000000000000b070                SYSTEM_GetCalibrationValue
 .text.TIMER_Init
                0x000000000000b09c       0x70 ./objects/em_timer.o
                0x000000000000b09c                TIMER_Init
 .text.TIMER_InitCC
                0x000000000000b10c       0x54 ./objects/em_timer.o
                0x000000000000b10c                TIMER_InitCC
 .text.TIMER_Reset
                0x000000000000b160       0x4c ./objects/em_timer.o
                0x000000000000b160                TIMER_Reset
 .text.USART_BaudrateSyncSet
                0x000000000000b1ac       0x24 ./objects/em_usart.o
                0x000000000000b1ac                USART_BaudrateSyncSet
 .text.USART_Enable
                0x000000000000b1d0       0x10 ./objects/em_usart.o
                0x000000000000b1d0                USART_Enable
 .text.USART_InitAsync
                0x000000000000b1e0       0xd8 ./objects/em_usart.o
                0x000000000000b1e0                USART_InitAsync
 .text.USART_InitSync
                0x000000000000b2b8       0xb8 ./objects/em_usart.o
                0x000000000000b2b8                USART_InitSync
 .text.USART_Reset
                0x000000000000b370       0x54 ./objects/em_usart.o
                0x000000000000b370                USART_Reset
 .text.USART_Rx
                0x000000000000b3c4        0xc ./objects/em_usart.o
                0x000000000000b3c4                USART_Rx
 .text.USART_SpiTransfer
                0x000000000000b3d0       0x14 ./objects/em_usart.o
                0x000000000000b3d0                USART_SpiTransfer
 .text.USBD_AbortAllTransfers
                0x000000000000b3e4       0x1c ./objects/em_usbd.o
                0x000000000000b3e4                USBD_AbortAllTransfers
 .text.USBD_AbortTransfer
                0x000000000000b400       0xc0 ./objects/em_usbd.o
                0x000000000000b400                USBD_AbortTransfer
 .text.USBD_Disconnect
                0x000000000000b4c0       0x1c ./objects/em_usbd.o
                0x000000000000b4c0                USBD_Disconnect
 .text.USBD_GetUsbState
                0x000000000000b4dc       0x10 ./objects/em_usbd.o
                0x000000000000b4dc                USBD_GetUsbState
 .text.USBD_Init
                0x000000000000b4ec      0x29c ./objects/em_usbd.o
                0x000000000000b4ec                USBD_Init
 .text.USBD_Read
                0x000000000000b788      0x178 ./objects/em_usbd.o
                0x000000000000b788                USBD_Read
 .text.USBD_SafeToEnterEM2
                0x000000000000b900        0xc ./objects/em_usbd.o
                0x000000000000b900                USBD_SafeToEnterEM2
 .text.USBD_SetUsbState
                0x000000000000b90c       0x30 ./objects/em_usbd.o
                0x000000000000b90c                USBD_SetUsbState
 .text.USBD_Stop
                0x000000000000b93c       0x6c ./objects/em_usbd.o
                0x000000000000b93c                USBD_Stop
 .text.USBD_Write
                0x000000000000b9a8      0x17c ./objects/em_usbd.o
                0x000000000000b9a8                USBD_Write
 .text.USBDCH9_SetupCmd
                0x000000000000bb24      0xd44 ./objects/em_usbdch9.o
                0x000000000000bb24                USBDCH9_SetupCmd
 .text.USBDEP_Ep0Handler
                0x000000000000c868      0x308 ./objects/em_usbdep.o
                0x000000000000c868                USBDEP_Ep0Handler
 .text.USBDEP_EpHandler
                0x000000000000cb70       0x6c ./objects/em_usbdep.o
                0x000000000000cb70                USBDEP_EpHandler
 .text.RestoreEpCtrlRegisters
                0x000000000000cbdc      0x160 ./objects/em_usbdint.o
 .text.UsbPowerUp.part.0
                0x000000000000cd3c      0x104 ./objects/em_usbdint.o
 .text.UsbPowerDown.part.0.isra.0
                0x000000000000ce40      0x1d8 ./objects/em_usbdint.o
 .text.USB_IRQHandler
                0x000000000000d018      0x5c8 ./objects/em_usbdint.o
                0x000000000000d018                USB_IRQHandler
 .text.USBDHAL_CoreInit
                0x000000000000d5e0      0x398 ./objects/em_usbhal.o
                0x000000000000d5e0                USBDHAL_CoreInit
 .text.USBDHAL_Disconnect
                0x000000000000d978       0x1c ./objects/em_usbhal.o
                0x000000000000d978                USBDHAL_Disconnect
 .text.USBDHAL_AbortEpIn
                0x000000000000d994       0xd4 ./objects/em_usbhal.o
                0x000000000000d994                USBDHAL_AbortEpIn
 .text.USBDHAL_AbortEpOut
                0x000000000000da68      0x110 ./objects/em_usbhal.o
                0x000000000000da68                USBDHAL_AbortEpOut
 .text.USBDHAL_AbortAllEps
                0x000000000000db78      0x700 ./objects/em_usbhal.o
                0x000000000000db78                USBDHAL_AbortAllEps
 .text.USBDHAL_AbortAllTransfers
                0x000000000000e278       0xc0 ./objects/em_usbhal.o
                0x000000000000e278                USBDHAL_AbortAllTransfers
 .text.USBTIMER_DelayMs
                0x000000000000e338       0x78 ./objects/em_usbtimer.o
                0x000000000000e338                USBTIMER_DelayMs
 .text.USBTIMER_DelayUs
                0x000000000000e3b0       0xbc ./objects/em_usbtimer.o
                0x000000000000e3b0                USBTIMER_DelayUs
 .text.USBTIMER_Init
                0x000000000000e46c       0xc8 ./objects/em_usbtimer.o
                0x000000000000e46c                USBTIMER_Init
 .text.VCMP_Init
                0x000000000000e534       0xec ./objects/em_vcmp.o
                0x000000000000e534                VCMP_Init
 .text.WDOGn_Enable
                0x000000000000e620       0x34 ./objects/em_wdog.o
                0x000000000000e620                WDOGn_Enable
 .text.WDOGn_Feed
                0x000000000000e654       0x18 ./objects/em_wdog.o
                0x000000000000e654                WDOGn_Feed
 .text.WDOGn_Init
                0x000000000000e66c       0x48 ./objects/em_wdog.o
                0x000000000000e66c                WDOGn_Init
 .text.sync_fs  0x000000000000e6b4       0xd4 ./objects/ff.o
 .text.init_alloc_info.isra.0
                0x000000000000e788       0x1c ./objects/ff.o
 .text.get_fileinfo
                0x000000000000e7a4      0x2dc ./objects/ff.o
 .text.move_window.part.0
                0x000000000000ea80       0x64 ./objects/ff.o
 .text.put_fat.part.0
                0x000000000000eae4      0x148 ./objects/ff.o
 .text.get_fat  0x000000000000ec2c      0x140 ./objects/ff.o
 .text.dir_next.constprop.0
                0x000000000000ed6c       0x94 ./objects/ff.o
 .text.load_xdir
                0x000000000000ee00      0x1f4 ./objects/ff.o
 .text.dir_clear
                0x000000000000eff4       0x90 ./objects/ff.o
 .text.check_fs
                0x000000000000f084       0xf0 ./objects/ff.o
 .text.find_volume
                0x000000000000f174      0x424 ./objects/ff.o
 .text.dir_read.constprop.0
                0x000000000000f598      0x460 ./objects/ff.o
 .text.dir_sdi  0x000000000000f9f8      0x224 ./objects/ff.o
 .text.store_xdir
                0x000000000000fc1c      0x1ac ./objects/ff.o
 .text.dir_remove
                0x000000000000fdc8      0x148 ./objects/ff.o
 .text.dir_find
                0x000000000000ff10      0x394 ./objects/ff.o
 .text.follow_path
                0x00000000000102a4      0x37c ./objects/ff.o
 .text.create_chain
                0x0000000000010620      0x420 ./objects/ff.o
 .text.dir_alloc
                0x0000000000010a40      0x180 ./objects/ff.o
 .text.dir_register
                0x0000000000010bc0      0x8a4 ./objects/ff.o
 .text.remove_chain
                0x0000000000011464      0x320 ./objects/ff.o
 .text.f_mount  0x0000000000011784       0x64 ./objects/ff.o
                0x0000000000011784                f_mount
 .text.f_open   0x00000000000117e8      0x308 ./objects/ff.o
                0x00000000000117e8                f_open
 .text.f_write  0x0000000000011af0      0x2cc ./objects/ff.o
                0x0000000000011af0                f_write
 .text.f_sync   0x0000000000011dbc      0x2b0 ./objects/ff.o
                0x0000000000011dbc                f_sync
 .text.f_close  0x000000000001206c       0x34 ./objects/ff.o
                0x000000000001206c                f_close
 .text.f_lseek  0x00000000000120a0      0x2c4 ./objects/ff.o
                0x00000000000120a0                f_lseek
 .text.f_stat   0x0000000000012364       0x44 ./objects/ff.o
                0x0000000000012364                f_stat
 .text.f_mkdir  0x00000000000123a8      0x1f8 ./objects/ff.o
                0x00000000000123a8                f_mkdir
 .text.f_rename
                0x00000000000125a0      0x284 ./objects/ff.o
                0x00000000000125a0                f_rename
 .text.ff_uni2oem
                0x0000000000012824      0x1e0 ./objects/ffunicode.o
                0x0000000000012824                ff_uni2oem
 .text.ff_oem2uni
                0x0000000000012a04      0x1d0 ./objects/ffunicode.o
                0x0000000000012a04                ff_oem2uni
 .text.ff_wtoupper
                0x0000000000012bd4       0xa8 ./objects/ffunicode.o
                0x0000000000012bd4                ff_wtoupper
 .text.GPIO_ODD_IRQHandler
                0x0000000000012c7c       0x18 ./objects/gps.o
                0x0000000000012c7c                GPIO_ODD_IRQHandler
 .text.GPSInterface_handleReceivedByte
                0x0000000000012c94       0x5c ./objects/gps.o
                0x0000000000012c94                GPSInterface_handleReceivedByte
 .text.GPSInterface_handlePulsePerSecond
                0x0000000000012cf0       0x48 ./objects/gps.o
                0x0000000000012cf0                GPSInterface_handlePulsePerSecond
 .text.GPSInterface_handleTick
                0x0000000000012d38       0x14 ./objects/gps.o
                0x0000000000012d38                GPSInterface_handleTick
 .text.GPS_powerUpGPS
                0x0000000000012d4c        0xc ./objects/gps.o
                0x0000000000012d4c                GPS_powerUpGPS
 .text.GPS_powerDownGPS
                0x0000000000012d58        0xc ./objects/gps.o
                0x0000000000012d58                GPS_powerDownGPS
 .text.GPS_enableGPSInterface
                0x0000000000012d64        0x8 ./objects/gps.o
                0x0000000000012d64                GPS_enableGPSInterface
 .text.GPS_disableGPSInterface
                0x0000000000012d6c        0x4 ./objects/gps.o
                0x0000000000012d6c                GPS_disableGPSInterface
 .text.GPS_enableMagneticSwitch
                0x0000000000012d70       0x38 ./objects/gps.o
                0x0000000000012d70                GPS_enableMagneticSwitch
 .text.GPS_isMagneticSwitchClosed
                0x0000000000012da8       0x14 ./objects/gps.o
                0x0000000000012da8                GPS_isMagneticSwitchClosed
 .text.GPS_setTimeFromGPS
                0x0000000000012dbc      0x320 ./objects/gps.o
                0x0000000000012dbc                GPS_setTimeFromGPS
 .text.GPS_cancelTimeSetting
                0x00000000000130dc       0x1c ./objects/gps.o
                0x00000000000130dc                GPS_cancelTimeSetting
 .text.UART1_RX_IRQHandler
                0x00000000000130f8       0x24 ./objects/gpsinterface.o
                0x00000000000130f8                UART1_RX_IRQHandler
 .text.TIMER2_IRQHandler
                0x000000000001311c       0x54 ./objects/gpsinterface.o
                0x000000000001311c                TIMER2_IRQHandler
 .text.GPSInterface_disable
                0x0000000000013170       0x60 ./objects/gpsinterface.o
                0x0000000000013170                GPSInterface_disable
 .text.GPSInterface_enable
                0x00000000000131d0      0x13c ./objects/gpsinterface.o
                0x00000000000131d0                GPSInterface_enable
 .text.GPSUtilities_getTime
                0x000000000001330c       0x98 ./objects/gpsutilities.o
                0x000000000001330c                GPSUtilities_getTime
 .text.writeGPSLogMessage
                0x00000000000133a4       0x54 ./objects/main.o
 .text.formatPercentage
                0x00000000000133f8       0x4c ./objects/main.o
 .text.determineTimeOfNextSunriseSunsetCalculation
                0x0000000000013444       0xc0 ./objects/main.o
 .text.setTimeFromGPS
                0x0000000000013504       0xcc ./objects/main.o
 .text.setBackupFlag.part.0
                0x00000000000135d0       0x1c ./objects/main.o
 .text.generateFolderAndFilename.constprop.0
                0x00000000000135ec       0xe8 ./objects/main.o
 .text.scheduleRecording.constprop.0
                0x00000000000136d4      0x34c ./objects/main.o
 .text.setBackupFlag.part.0.constprop.0
                0x0000000000013a20       0x14 ./objects/main.o
 .text.copyToBackupDomain.constprop.1
                0x0000000000013a34       0x98 ./objects/main.o
 .text.writeConfigurationToFile.constprop.0
                0x0000000000013acc      0xfcc ./objects/main.o
 .text.startWaitingForMagneticSwitch
                0x0000000000014a98       0x48 ./objects/main.o
 .text.determineSunriseAndSunsetTimes
                0x0000000000014ae0      0x444 ./objects/main.o
 .text.determineSunriseAndSunsetTimesAndScheduleRecording
                0x0000000000014f24      0x178 ./objects/main.o
 .text.setHeaderComment.constprop.0
                0x000000000001509c      0x500 ./objects/main.o
 .text.startup.main
                0x000000000001559c     0x1da4 ./objects/main.o
                0x000000000001559c                main
 .text.AudioMoth_timezoneRequested
                0x0000000000017340       0x14 ./objects/main.o
                0x0000000000017340                AudioMoth_timezoneRequested
 .text.GPS_handleSetTime
                0x0000000000017354      0x224 ./objects/main.o
                0x0000000000017354                GPS_handleSetTime
 .text.GPS_handleGetTime
                0x0000000000017578        0x4 ./objects/main.o
                0x0000000000017578                GPS_handleGetTime
 .text.GPS_handleTickEvent
                0x000000000001757c       0x8c ./objects/main.o
                0x000000000001757c                GPS_handleTickEvent
 .text.GPS_handlePPSEvent
                0x0000000000017608       0x64 ./objects/main.o
                0x0000000000017608                GPS_handlePPSEvent
 .text.GPS_handleFixEvent
                0x000000000001766c      0x158 ./objects/main.o
                0x000000000001766c                GPS_handleFixEvent
 .text.GPS_handleMessageEvent
                0x00000000000177c4       0x74 ./objects/main.o
                0x00000000000177c4                GPS_handleMessageEvent
 .text.GPS_handleMagneticSwitchInterrupt
                0x0000000000017838       0x10 ./objects/main.o
                0x0000000000017838                GPS_handleMagneticSwitchInterrupt
 .text.AudioMoth_handleMicrophoneChangeInterrupt
                0x0000000000017848        0xc ./objects/main.o
                0x0000000000017848                AudioMoth_handleMicrophoneChangeInterrupt
 .text.AudioMoth_handleSwitchInterrupt
                0x0000000000017854       0x1c ./objects/main.o
                0x0000000000017854                AudioMoth_handleSwitchInterrupt
 .text.AudioMoth_handleDirectMemoryAccessInterrupt
                0x0000000000017870       0xa4 ./objects/main.o
                0x0000000000017870                AudioMoth_handleDirectMemoryAccessInterrupt
 .text.AudioMoth_usbFirmwareVersionRequested
                0x0000000000017914        0xc ./objects/main.o
                0x0000000000017914                AudioMoth_usbFirmwareVersionRequested
 .text.AudioMoth_usbFirmwareDescriptionRequested
                0x0000000000017920        0xc ./objects/main.o
                0x0000000000017920                AudioMoth_usbFirmwareDescriptionRequested
 .text.AudioMoth_usbApplicationPacketRequested
                0x000000000001792c       0x6c ./objects/main.o
                0x000000000001792c                AudioMoth_usbApplicationPacketRequested
 .text.AudioMoth_usbApplicationPacketReceived
                0x0000000000017998      0x1d8 ./objects/main.o
                0x0000000000017998                AudioMoth_usbApplicationPacketReceived
 .text.AudioConfig_handleAudioConfigurationEvent
                0x0000000000017b70       0xa0 ./objects/main.o
                0x0000000000017b70                AudioConfig_handleAudioConfigurationEvent
 .text.AudioConfig_handleAudioConfigurationPacket
                0x0000000000017c10      0x108 ./objects/main.o
                0x0000000000017c10                AudioConfig_handleAudioConfigurationPacket
 .text.MICROSD_Init
                0x0000000000017d18       0x9c ./objects/microsd.o
                0x0000000000017d18                MICROSD_Init
 .text.MICROSD_DoubleSpiClkFast
                0x0000000000017db4        0xc ./objects/microsd.o
                0x0000000000017db4                MICROSD_DoubleSpiClkFast
 .text.MICROSD_XferSpi
                0x0000000000017dc0       0x1c ./objects/microsd.o
                0x0000000000017dc0                MICROSD_XferSpi
 .text.MICROSD_Deselect
                0x0000000000017ddc       0x24 ./objects/microsd.o
                0x0000000000017ddc                MICROSD_Deselect
 .text.MICROSD_Select
                0x0000000000017e00       0x60 ./objects/microsd.o
                0x0000000000017e00                MICROSD_Select
 .text.MICROSD_PowerOn
                0x0000000000017e60        0xc ./objects/microsd.o
                0x0000000000017e60                MICROSD_PowerOn
 .text.MICROSD_PowerOff
                0x0000000000017e6c       0x80 ./objects/microsd.o
                0x0000000000017e6c                MICROSD_PowerOff
 .text.MICROSD_BlockRx
                0x0000000000017eec       0xc0 ./objects/microsd.o
                0x0000000000017eec                MICROSD_BlockRx
 .text.MICROSD_BlockTx
                0x0000000000017fac       0xf0 ./objects/microsd.o
                0x0000000000017fac                MICROSD_BlockTx
 .text.MICROSD_SendCmd
                0x000000000001809c      0x150 ./objects/microsd.o
                0x000000000001809c                MICROSD_SendCmd
 .text.MICROSD_SpiClkSlow
                0x00000000000181ec       0x20 ./objects/microsd.o
                0x00000000000181ec                MICROSD_SpiClkSlow
 .text.MICROSD_SpiClkFast
                0x000000000001820c       0x40 ./objects/microsd.o
                0x000000000001820c                MICROSD_SpiClkFast
 .text.MICROSD_TimeOutSet
                0x000000000001824c       0x18 ./objects/microsd.o
                0x000000000001824c                MICROSD_TimeOutSet
 .text.MICROSD_TimeOutElapsed
                0x0000000000018264       0x10 ./objects/microsd.o
                0x0000000000018264                MICROSD_TimeOutElapsed
 .text.RMC45    0x0000000000018274       0x5c ./objects/nmeaparser.o
                0x0000000000018274                RMC45
 .text.DEFAULT01
                0x00000000000182d0       0x78 ./objects/nmeaparser.o
                0x00000000000182d0                DEFAULT01
 .text.RMC46    0x0000000000018348       0x5c ./objects/nmeaparser.o
                0x0000000000018348                RMC46
 .text.RMC53    0x00000000000183a4       0x58 ./objects/nmeaparser.o
                0x00000000000183a4                RMC53
 .text.RMC00    0x00000000000183fc       0x28 ./objects/nmeaparser.o
                0x00000000000183fc                RMC00
 .text.DEFAULT00
                0x0000000000018424       0x28 ./objects/nmeaparser.o
                0x0000000000018424                DEFAULT00
 .text.RMC01    0x000000000001844c       0x40 ./objects/nmeaparser.o
                0x000000000001844c                RMC01
 .text.RMC42    0x000000000001848c       0x40 ./objects/nmeaparser.o
                0x000000000001848c                RMC42
 .text.RMC04    0x00000000000184cc       0x40 ./objects/nmeaparser.o
                0x00000000000184cc                RMC04
 .text.RMC44    0x000000000001850c       0x40 ./objects/nmeaparser.o
                0x000000000001850c                RMC44
 .text.RMC24    0x000000000001854c       0x40 ./objects/nmeaparser.o
                0x000000000001854c                RMC24
 .text.RMC29    0x000000000001858c       0x40 ./objects/nmeaparser.o
                0x000000000001858c                RMC29
 .text.RMC31    0x00000000000185cc       0x40 ./objects/nmeaparser.o
                0x00000000000185cc                RMC31
 .text.RMC19    0x000000000001860c       0x40 ./objects/nmeaparser.o
                0x000000000001860c                RMC19
 .text.RMC37    0x000000000001864c       0x40 ./objects/nmeaparser.o
                0x000000000001864c                RMC37
 .text.RMC17    0x000000000001868c       0x40 ./objects/nmeaparser.o
                0x000000000001868c                RMC17
 .text.RMC13    0x00000000000186cc       0x40 ./objects/nmeaparser.o
                0x00000000000186cc                RMC13
 .text.RMC06    0x000000000001870c       0x40 ./objects/nmeaparser.o
                0x000000000001870c                RMC06
 .text.RMC05    0x000000000001874c       0x40 ./objects/nmeaparser.o
                0x000000000001874c                RMC05
 .text.RMC03    0x000000000001878c       0x40 ./objects/nmeaparser.o
                0x000000000001878c                RMC03
 .text.RMC18    0x00000000000187cc       0x44 ./objects/nmeaparser.o
                0x00000000000187cc                RMC18
 .text.RMC02    0x0000000000018810       0x50 ./objects/nmeaparser.o
                0x0000000000018810                RMC02
 .text.RMC07    0x0000000000018860       0x4c ./objects/nmeaparser.o
                0x0000000000018860                RMC07
 .text.RMC49    0x00000000000188ac       0x4c ./objects/nmeaparser.o
                0x00000000000188ac                RMC49
 .text.RMC22    0x00000000000188f8       0x4c ./objects/nmeaparser.o
                0x00000000000188f8                RMC22
 .text.RMC09    0x0000000000018944       0x4c ./objects/nmeaparser.o
                0x0000000000018944                RMC09
 .text.RMC11    0x0000000000018990       0x4c ./objects/nmeaparser.o
                0x0000000000018990                RMC11
 .text.RMC47    0x00000000000189dc       0x4c ./objects/nmeaparser.o
                0x00000000000189dc                RMC47
 .text.RMC35    0x0000000000018a28       0x4c ./objects/nmeaparser.o
                0x0000000000018a28                RMC35
 .text.RMC14    0x0000000000018a74       0x54 ./objects/nmeaparser.o
                0x0000000000018a74                RMC14
 .text.RMC38    0x0000000000018ac8       0x54 ./objects/nmeaparser.o
                0x0000000000018ac8                RMC38
 .text.RMC25    0x0000000000018b1c       0x50 ./objects/nmeaparser.o
                0x0000000000018b1c                RMC25
 .text.RMC12    0x0000000000018b6c       0x4c ./objects/nmeaparser.o
                0x0000000000018b6c                RMC12
 .text.RMC16    0x0000000000018bb8       0x50 ./objects/nmeaparser.o
                0x0000000000018bb8                RMC16
 .text.RMC41    0x0000000000018c08       0x50 ./objects/nmeaparser.o
                0x0000000000018c08                RMC41
 .text.RMC23    0x0000000000018c58       0x4c ./objects/nmeaparser.o
                0x0000000000018c58                RMC23
 .text.RMC08    0x0000000000018ca4       0x4c ./objects/nmeaparser.o
                0x0000000000018ca4                RMC08
 .text.RMC10    0x0000000000018cf0       0x4c ./objects/nmeaparser.o
                0x0000000000018cf0                RMC10
 .text.RMC21    0x0000000000018d3c       0x4c ./objects/nmeaparser.o
                0x0000000000018d3c                RMC21
 .text.RMC36    0x0000000000018d88       0x4c ./objects/nmeaparser.o
                0x0000000000018d88                RMC36
 .text.RMC54    0x0000000000018dd4       0x54 ./objects/nmeaparser.o
                0x0000000000018dd4                RMC54
 .text.RMC34    0x0000000000018e28       0x4c ./objects/nmeaparser.o
                0x0000000000018e28                RMC34
 .text.RMC33    0x0000000000018e74       0x50 ./objects/nmeaparser.o
                0x0000000000018e74                RMC33
 .text.RMC52    0x0000000000018ec4       0x50 ./objects/nmeaparser.o
                0x0000000000018ec4                RMC52
 .text.RMC48    0x0000000000018f14       0x4c ./objects/nmeaparser.o
                0x0000000000018f14                RMC48
 .text.RMC50    0x0000000000018f60       0x4c ./objects/nmeaparser.o
                0x0000000000018f60                RMC50
 .text.RMC51    0x0000000000018fac       0x54 ./objects/nmeaparser.o
                0x0000000000018fac                RMC51
 .text.DEFAULT02
                0x0000000000019000       0x54 ./objects/nmeaparser.o
                0x0000000000019000                DEFAULT02
 .text.RMC28    0x0000000000019054       0x4c ./objects/nmeaparser.o
                0x0000000000019054                RMC28
 .text.RMC55    0x00000000000190a0       0x6c ./objects/nmeaparser.o
                0x00000000000190a0                RMC55
 .text.DEFAULT03
                0x000000000001910c       0x6c ./objects/nmeaparser.o
                0x000000000001910c                DEFAULT03
 .text.RMC26    0x0000000000019178       0x54 ./objects/nmeaparser.o
                0x0000000000019178                RMC26
 .text.RMC27    0x00000000000191cc       0x50 ./objects/nmeaparser.o
                0x00000000000191cc                RMC27
 .text.RMC15    0x000000000001921c       0x54 ./objects/nmeaparser.o
                0x000000000001921c                RMC15
 .text.RMC39    0x0000000000019270       0x58 ./objects/nmeaparser.o
                0x0000000000019270                RMC39
 .text.RMC40    0x00000000000192c8       0x54 ./objects/nmeaparser.o
                0x00000000000192c8                RMC40
 .text.RMC43    0x000000000001931c       0x5c ./objects/nmeaparser.o
                0x000000000001931c                RMC43
 .text.RMC32    0x0000000000019378       0x68 ./objects/nmeaparser.o
                0x0000000000019378                RMC32
 .text.RMC20    0x00000000000193e0       0x64 ./objects/nmeaparser.o
                0x00000000000193e0                RMC20
 .text.RMC30    0x0000000000019444       0x5c ./objects/nmeaparser.o
                0x0000000000019444                RMC30
 .text.NMEAParser_parseRMC
                0x00000000000194a0       0x20 ./objects/nmeaparser.o
                0x00000000000194a0                NMEAParser_parseRMC
 .text.NMEAParser_parseDEFAULT
                0x00000000000194c0       0x20 ./objects/nmeaparser.o
                0x00000000000194c0                NMEAParser_parseDEFAULT
 .text          0x00000000000194e0       0x30 ./objects/startup_efm32wg.o
                0x00000000000194e0                Reset_Handler
                0x000000000001950c                DebugMon_Handler
                0x000000000001950c                USART0_TX_IRQHandler
                0x000000000001950c                I2C0_IRQHandler
                0x000000000001950c                HardFault_Handler
                0x000000000001950c                LEUART1_IRQHandler
                0x000000000001950c                SysTick_Handler
                0x000000000001950c                USART1_RX_IRQHandler
                0x000000000001950c                PendSV_Handler
                0x000000000001950c                NMI_Handler
                0x000000000001950c                I2C1_IRQHandler
                0x000000000001950c                TIMER3_IRQHandler
                0x000000000001950c                USART1_TX_IRQHandler
                0x000000000001950c                MSC_IRQHandler
                0x000000000001950c                UsageFault_Handler
                0x000000000001950c                LEUART0_IRQHandler
                0x000000000001950c                FPUEH_IRQHandler
                0x000000000001950c                UART0_TX_IRQHandler
                0x000000000001950c                UART1_TX_IRQHandler
                0x000000000001950c                TIMER0_IRQHandler
                0x000000000001950c                LCD_IRQHandler
                0x000000000001950c                PCNT2_IRQHandler
                0x000000000001950c                UART0_RX_IRQHandler
                0x000000000001950c                LETIMER0_IRQHandler
                0x000000000001950c                USART2_RX_IRQHandler
                0x000000000001950c                Default_Handler
                0x000000000001950c                EMU_IRQHandler
                0x000000000001950c                PCNT0_IRQHandler
                0x000000000001950c                BURTC_IRQHandler
                0x000000000001950c                PCNT1_IRQHandler
                0x000000000001950c                ACMP0_IRQHandler
                0x000000000001950c                USART0_RX_IRQHandler
                0x000000000001950c                MemManage_Handler
                0x000000000001950c                SVC_Handler
                0x000000000001950c                DAC0_IRQHandler
                0x000000000001950c                CMU_IRQHandler
                0x000000000001950c                EBI_IRQHandler
                0x000000000001950c                LESENSE_IRQHandler
                0x000000000001950c                AES_IRQHandler
                0x000000000001950c                VCMP_IRQHandler
                0x000000000001950c                BusFault_Handler
                0x000000000001950c                USART2_TX_IRQHandler
 .text.calculateSunsetAndSunrise
                0x0000000000019510      0x368 ./objects/sunrise.o
 .text.Sunrise_calculateFromUnix
                0x0000000000019878      0x10c ./objects/sunrise.o
                0x0000000000019878                Sunrise_calculateFromUnix
 .text.SystemCoreClockGet
                0x0000000000019984       0xe0 ./objects/system_efm32wg.o
                0x0000000000019984                SystemCoreClockGet
 .text.SystemMaxCoreClockGet
                0x0000000000019a64        0x8 ./objects/system_efm32wg.o
                0x0000000000019a64                SystemMaxCoreClockGet
 .text.SystemHFClockGet
                0x0000000000019a6c       0xd0 ./objects/system_efm32wg.o
                0x0000000000019a6c                SystemHFClockGet
 .text.SystemHFXOClockGet
                0x0000000000019b3c        0xc ./objects/system_efm32wg.o
                0x0000000000019b3c                SystemHFXOClockGet
 .text.SystemInit
                0x0000000000019b48       0x14 ./objects/system_efm32wg.o
                0x0000000000019b48                SystemInit
 .text.SystemLFRCOClockGet
                0x0000000000019b5c        0x8 ./objects/system_efm32wg.o
                0x0000000000019b5c                SystemLFRCOClockGet
 .text.SystemULFRCOClockGet
                0x0000000000019b64        0x8 ./objects/system_efm32wg.o
                0x0000000000019b64                SystemULFRCOClockGet
 .text.SystemLFXOClockGet
                0x0000000000019b6c        0xc ./objects/system_efm32wg.o
                0x0000000000019b6c                SystemLFXOClockGet
 .text.csqrt    0x0000000000019b78      0x37c /usr/share/gcc-arm-none-eabi-10.3-2021.10/bin/../lib/gcc/arm-none-eabi/10.3.1/../../../../arm-none-eabi/lib/thumb/v7e-m+fp/hard/libm.a(lib_a-csqrt.o)
                0x0000000000019b78                csqrt
 *fill*         0x0000000000019ef4        0x4 
 .text.cos      0x0000000000019ef8       0x90 /usr/share/gcc-arm-none-eabi-10.3-2021.10/bin/../lib/gcc/arm-none-eabi/10.3.1/../../../../arm-none-eabi/lib/thumb/v7e-m+fp/hard/libm.a(lib_a-s_cos.o)
                0x0000000000019ef8                cos
 .text.fabs     0x0000000000019f88       0x14 /usr/share/gcc-arm-none-eabi-10.3-2021.10/bin/../lib/gcc/arm-none-eabi/10.3.1/../../../../arm-none-eabi/lib/thumb/v7e-m+fp/hard/libm.a(lib_a-s_fabs.o)
                0x0000000000019f88                fabs
 .text.cosf     0x0000000000019f9c       0x70 /usr/share/gcc-arm-none-eabi-10.3-2021.10/bin/../lib/gcc/arm-none-eabi/10.3.1/../../../../arm-none-eabi/lib/thumb/v7e-m+fp/hard/libm.a(lib_a-sf_cos.o)
                0x0000000000019f9c                cosf
 .text.roundf   0x000000000001a00c       0x4c /usr/share/gcc-arm-none-eabi-10.3-2021.10/bin/../lib/gcc/arm-none-eabi/10.3.1/../../../../arm-none-eabi/lib/thumb/v7e-m+fp/hard/libm.a(lib_a-sf_round.o)
                0x000000000001a00c                roundf
 .text.sinf     0x000000000001a058       0x74 /usr/share/gcc-arm-none-eabi-10.3-2021.10/bin/../lib/gcc/arm-none-eabi/10.3.1/../../../../arm-none-eabi/lib/thumb/v7e-m+fp/hard/libm.a(lib_a-sf_sin.o)
                0x000000000001a058                sinf
 .text.tanf     0x000000000001a0cc       0x54 /usr/share/gcc-arm-none-eabi-10.3-2021.10/bin/../lib/gcc/arm-none-eabi/10.3.1/../../../../arm-none-eabi/lib/thumb/v7e-m+fp/hard/libm.a(lib_a-sf_tan.o)
                0x000000000001a0cc                tanf
 .text.sqrt     0x000000000001a120       0x68 /usr/share/gcc-arm-none-eabi-10.3-2021.10/bin/../lib/gcc/arm-none-eabi/10.3.1/../../../../arm-none-eabi/lib/thumb/v7e-m+fp/hard/libm.a(lib_a-w_sqrt.o)
                0x000000000001a120                sqrt
 .text.acosf    0x000000000001a188       0x58 /usr/share/gcc-arm-none-eabi-10.3-2021.10/bin/../lib/gcc/arm-none-eabi/10.3.1/../../../../arm-none-eabi/lib/thumb/v7e-m+fp/hard/libm.a(lib_a-wf_acos.o)
                0x000000000001a188                acosf
 .text.hypotf   0x000000000001a1e0       0x50 /usr/share/gcc-arm-none-eabi-10.3-2021.10/bin/../lib/gcc/arm-none-eabi/10.3.1/../../../../arm-none-eabi/lib/thumb/v7e-m+fp/hard/libm.a(lib_a-wf_hypot.o)
                0x000000000001a1e0                hypotf
 .text.powf     0x000000000001a230       0xbc /usr/share/gcc-arm-none-eabi-10.3-2021.10/bin/../lib/gcc/arm-none-eabi/10.3.1/../../../../arm-none-eabi/lib/thumb/v7e-m+fp/hard/libm.a(lib_a-wf_pow.o)
                0x000000000001a230                powf
 .text.sinhf    0x000000000001a2ec       0x60 /usr/share/gcc-arm-none-eabi-10.3-2021.10/bin/../lib/gcc/arm-none-eabi/10.3.1/../../../../arm-none-eabi/lib/thumb/v7e-m+fp/hard/libm.a(lib_a-wf_sinh.o)
                0x000000000001a2ec                sinhf
 .text.sqrtf    0x000000000001a34c       0x44 /usr/share/gcc-arm-none-eabi-10.3-2021.10/bin/../lib/gcc/arm-none-eabi/10.3.1/../../../../arm-none-eabi/lib/thumb/v7e-m+fp/hard/libm.a(lib_a-wf_sqrt.o)
                0x000000000001a34c                sqrtf
 .text.cabs     0x000000000001a390       0x54 /usr/share/gcc-arm-none-eabi-10.3-2021.10/bin/../lib/gcc/arm-none-eabi/10.3.1/../../../../arm-none-eabi/lib/thumb/v7e-m+fp/hard/libm.a(lib_a-cabs.o)
                0x000000000001a390                cabs
 .text.cimag    0x000000000001a3e4        0xc /usr/share/gcc-arm-none-eabi-10.3-2021.10/bin/../lib/gcc/arm-none-eabi/10.3.1/../../../../arm-none-eabi/lib/thumb/v7e-m+fp/hard/libm.a(lib_a-cimag.o)
                0x000000000001a3e4                cimag
 .text.creal    0x000000000001a3f0        0x4 /usr/share/gcc-arm-none-eabi-10.3-2021.10/bin/../lib/gcc/arm-none-eabi/10.3.1/../../../../arm-none-eabi/lib/thumb/v7e-m+fp/hard/libm.a(lib_a-creal.o)
                0x000000000001a3f0                creal
 *fill*         0x000000000001a3f4        0x4 
 .text.__ieee754_rem_pio2
                0x000000000001a3f8      0x44c /usr/share/gcc-arm-none-eabi-10.3-2021.10/bin/../lib/gcc/arm-none-eabi/10.3.1/../../../../arm-none-eabi/lib/thumb/v7e-m+fp/hard/libm.a(lib_a-e_rem_pio2.o)
                0x000000000001a3f8                __ieee754_rem_pio2
 .text.__ieee754_sqrt
                0x000000000001a844      0x198 /usr/share/gcc-arm-none-eabi-10.3-2021.10/bin/../lib/gcc/arm-none-eabi/10.3.1/../../../../arm-none-eabi/lib/thumb/v7e-m+fp/hard/libm.a(lib_a-e_sqrt.o)
                0x000000000001a844                __ieee754_sqrt
 .text.__ieee754_acosf
                0x000000000001a9dc      0x248 /usr/share/gcc-arm-none-eabi-10.3-2021.10/bin/../lib/gcc/arm-none-eabi/10.3.1/../../../../arm-none-eabi/lib/thumb/v7e-m+fp/hard/libm.a(lib_a-ef_acos.o)
                0x000000000001a9dc                __ieee754_acosf
 .text.__ieee754_hypotf
                0x000000000001ac24      0x134 /usr/share/gcc-arm-none-eabi-10.3-2021.10/bin/../lib/gcc/arm-none-eabi/10.3.1/../../../../arm-none-eabi/lib/thumb/v7e-m+fp/hard/libm.a(lib_a-ef_hypot.o)
                0x000000000001ac24                __ieee754_hypotf
 .text.__ieee754_powf
                0x000000000001ad58      0x628 /usr/share/gcc-arm-none-eabi-10.3-2021.10/bin/../lib/gcc/arm-none-eabi/10.3.1/../../../../arm-none-eabi/lib/thumb/v7e-m+fp/hard/libm.a(lib_a-ef_pow.o)
                0x000000000001ad58                __ieee754_powf
 .text.__ieee754_rem_pio2f
                0x000000000001b380      0x264 /usr/share/gcc-arm-none-eabi-10.3-2021.10/bin/../lib/gcc/arm-none-eabi/10.3.1/../../../../arm-none-eabi/lib/thumb/v7e-m+fp/hard/libm.a(lib_a-ef_rem_pio2.o)
                0x000000000001b380                __ieee754_rem_pio2f
 .text.__ieee754_sinhf
                0x000000000001b5e4       0xf8 /usr/share/gcc-arm-none-eabi-10.3-2021.10/bin/../lib/gcc/arm-none-eabi/10.3.1/../../../../arm-none-eabi/lib/thumb/v7e-m+fp/hard/libm.a(lib_a-ef_sinh.o)
                0x000000000001b5e4                __ieee754_sinhf
 .text.__ieee754_sqrtf
                0x000000000001b6dc        0x8 /usr/share/gcc-arm-none-eabi-10.3-2021.10/bin/../lib/gcc/arm-none-eabi/10.3.1/../../../../arm-none-eabi/lib/thumb/v7e-m+fp/hard/libm.a(lib_a-ef_sqrt.o)
                0x000000000001b6dc                __ieee754_sqrtf
 *fill*         0x000000000001b6e4        0x4 
 .text.__kernel_cos
                0x000000000001b6e8      0x27c /usr/share/gcc-arm-none-eabi-10.3-2021.10/bin/../lib/gcc/arm-none-eabi/10.3.1/../../../../arm-none-eabi/lib/thumb/v7e-m+fp/hard/libm.a(lib_a-k_cos.o)
                0x000000000001b6e8                __kernel_cos
 *fill*         0x000000000001b964        0x4 
 .text.__kernel_rem_pio2
                0x000000000001b968      0x850 /usr/share/gcc-arm-none-eabi-10.3-2021.10/bin/../lib/gcc/arm-none-eabi/10.3.1/../../../../arm-none-eabi/lib/thumb/v7e-m+fp/hard/libm.a(lib_a-k_rem_pio2.o)
                0x000000000001b968                __kernel_rem_pio2
 .text.__kernel_sin
                0x000000000001c1b8      0x17c /usr/share/gcc-arm-none-eabi-10.3-2021.10/bin/../lib/gcc/arm-none-eabi/10.3.1/../../../../arm-none-eabi/lib/thumb/v7e-m+fp/hard/libm.a(lib_a-k_sin.o)
                0x000000000001c1b8                __kernel_sin
 .text.__kernel_cosf
                0x000000000001c334      0x104 /usr/share/gcc-arm-none-eabi-10.3-2021.10/bin/../lib/gcc/arm-none-eabi/10.3.1/../../../../arm-none-eabi/lib/thumb/v7e-m+fp/hard/libm.a(lib_a-kf_cos.o)
                0x000000000001c334                __kernel_cosf
 .text.__kernel_rem_pio2f
                0x000000000001c438      0x674 /usr/share/gcc-arm-none-eabi-10.3-2021.10/bin/../lib/gcc/arm-none-eabi/10.3.1/../../../../arm-none-eabi/lib/thumb/v7e-m+fp/hard/libm.a(lib_a-kf_rem_pio2.o)
                0x000000000001c438                __kernel_rem_pio2f
 .text.__kernel_sinf
                0x000000000001caac       0x90 /usr/share/gcc-arm-none-eabi-10.3-2021.10/bin/../lib/gcc/arm-none-eabi/10.3.1/../../../../arm-none-eabi/lib/thumb/v7e-m+fp/hard/libm.a(lib_a-kf_sin.o)
                0x000000000001caac                __kernel_sinf
 .text.__kernel_tanf
                0x000000000001cb3c      0x1c0 /usr/share/gcc-arm-none-eabi-10.3-2021.10/bin/../lib/gcc/arm-none-eabi/10.3.1/../../../../arm-none-eabi/lib/thumb/v7e-m+fp/hard/libm.a(lib_a-kf_tan.o)
                0x000000000001cb3c                __kernel_tanf
 .text.with_errnof
                0x000000000001ccfc       0x18 /usr/share/gcc-arm-none-eabi-10.3-2021.10/bin/../lib/gcc/arm-none-eabi/10.3.1/../../../../arm-none-eabi/lib/thumb/v7e-m+fp/hard/libm.a(lib_a-math_errf.o)
 .text.xflowf   0x000000000001cd14       0x20 /usr/share/gcc-arm-none-eabi-10.3-2021.10/bin/../lib/gcc/arm-none-eabi/10.3.1/../../../../arm-none-eabi/lib/thumb/v7e-m+fp/hard/libm.a(lib_a-math_errf.o)
 .text.__math_uflowf
                0x000000000001cd34        0xc /usr/share/gcc-arm-none-eabi-10.3-2021.10/bin/../lib/gcc/arm-none-eabi/10.3.1/../../../../arm-none-eabi/lib/thumb/v7e-m+fp/hard/libm.a(lib_a-math_errf.o)
                0x000000000001cd34                __math_uflowf
 .text.__math_oflowf
                0x000000000001cd40        0xc /usr/share/gcc-arm-none-eabi-10.3-2021.10/bin/../lib/gcc/arm-none-eabi/10.3.1/../../../../arm-none-eabi/lib/thumb/v7e-m+fp/hard/libm.a(lib_a-math_errf.o)
                0x000000000001cd40                __math_oflowf
 *fill*         0x000000000001cd4c        0x4 
 .text.floor    0x000000000001cd50      0x108 /usr/share/gcc-arm-none-eabi-10.3-2021.10/bin/../lib/gcc/arm-none-eabi/10.3.1/../../../../arm-none-eabi/lib/thumb/v7e-m+fp/hard/libm.a(lib_a-s_floor.o)
                0x000000000001cd50                floor
 .text.scalbn   0x000000000001ce58      0x124 /usr/share/gcc-arm-none-eabi-10.3-2021.10/bin/../lib/gcc/arm-none-eabi/10.3.1/../../../../arm-none-eabi/lib/thumb/v7e-m+fp/hard/libm.a(lib_a-s_scalbn.o)
                0x000000000001ce58                scalbn
 .text.expm1f   0x000000000001cf7c      0x274 /usr/share/gcc-arm-none-eabi-10.3-2021.10/bin/../lib/gcc/arm-none-eabi/10.3.1/../../../../arm-none-eabi/lib/thumb/v7e-m+fp/hard/libm.a(lib_a-sf_expm1.o)
                0x000000000001cf7c                expm1f
 .text.fabsf    0x000000000001d1f0       0x10 /usr/share/gcc-arm-none-eabi-10.3-2021.10/bin/../lib/gcc/arm-none-eabi/10.3.1/../../../../arm-none-eabi/lib/thumb/v7e-m+fp/hard/libm.a(lib_a-sf_fabs.o)
                0x000000000001d1f0                fabsf
 .text.finitef  0x000000000001d200       0x1c /usr/share/gcc-arm-none-eabi-10.3-2021.10/bin/../lib/gcc/arm-none-eabi/10.3.1/../../../../arm-none-eabi/lib/thumb/v7e-m+fp/hard/libm.a(lib_a-sf_finite.o)
                0x000000000001d200                finitef
 .text.floorf   0x000000000001d21c       0x8c /usr/share/gcc-arm-none-eabi-10.3-2021.10/bin/../lib/gcc/arm-none-eabi/10.3.1/../../../../arm-none-eabi/lib/thumb/v7e-m+fp/hard/libm.a(lib_a-sf_floor.o)
                0x000000000001d21c                floorf
 .text.nanf     0x000000000001d2a8        0xc /usr/share/gcc-arm-none-eabi-10.3-2021.10/bin/../lib/gcc/arm-none-eabi/10.3.1/../../../../arm-none-eabi/lib/thumb/v7e-m+fp/hard/libm.a(lib_a-sf_nan.o)
                0x000000000001d2a8                nanf
 .text.scalbnf  0x000000000001d2b4       0xe4 /usr/share/gcc-arm-none-eabi-10.3-2021.10/bin/../lib/gcc/arm-none-eabi/10.3.1/../../../../arm-none-eabi/lib/thumb/v7e-m+fp/hard/libm.a(lib_a-sf_scalbn.o)
                0x000000000001d2b4                scalbnf
 .text.hypot    0x000000000001d398       0x70 /usr/share/gcc-arm-none-eabi-10.3-2021.10/bin/../lib/gcc/arm-none-eabi/10.3.1/../../../../arm-none-eabi/lib/thumb/v7e-m+fp/hard/libm.a(lib_a-w_hypot.o)
                0x000000000001d398                hypot
 .text.__ieee754_hypot
                0x000000000001d408      0x25c /usr/share/gcc-arm-none-eabi-10.3-2021.10/bin/../lib/gcc/arm-none-eabi/10.3.1/../../../../arm-none-eabi/lib/thumb/v7e-m+fp/hard/libm.a(lib_a-e_hypot.o)
                0x000000000001d408                __ieee754_hypot
 .text.__ieee754_expf
                0x000000000001d664      0x1e8 /usr/share/gcc-arm-none-eabi-10.3-2021.10/bin/../lib/gcc/arm-none-eabi/10.3.1/../../../../arm-none-eabi/lib/thumb/v7e-m+fp/hard/libm.a(lib_a-ef_exp.o)
                0x000000000001d664                __ieee754_expf
 .text.finite   0x000000000001d84c       0x18 /usr/share/gcc-arm-none-eabi-10.3-2021.10/bin/../lib/gcc/arm-none-eabi/10.3.1/../../../../arm-none-eabi/lib/thumb/v7e-m+fp/hard/libm.a(lib_a-s_finite.o)
                0x000000000001d84c                finite
 .text          0x000000000001d864      0x378 /usr/share/gcc-arm-none-eabi-10.3-2021.10/bin/../lib/gcc/arm-none-eabi/10.3.1/thumb/v7e-m+fp/hard/libgcc.a(_arm_addsubdf3.o)
                0x000000000001d864                __aeabi_drsub
                0x000000000001d86c                __aeabi_dsub
                0x000000000001d86c                __subdf3
                0x000000000001d870                __adddf3
                0x000000000001d870                __aeabi_dadd
                0x000000000001dae8                __aeabi_ui2d
                0x000000000001dae8                __floatunsidf
                0x000000000001db08                __floatsidf
                0x000000000001db08                __aeabi_i2d
                0x000000000001db2c                __extendsfdf2
                0x000000000001db2c                __aeabi_f2d
                0x000000000001db70                __aeabi_ul2d
                0x000000000001db70                __floatundidf
                0x000000000001db80                __floatdidf
                0x000000000001db80                __aeabi_l2d
 .text          0x000000000001dbdc      0x424 /usr/share/gcc-arm-none-eabi-10.3-2021.10/bin/../lib/gcc/arm-none-eabi/10.3.1/thumb/v7e-m+fp/hard/libgcc.a(_arm_muldivdf3.o)
                0x000000000001dbdc                __aeabi_dmul
                0x000000000001dbdc                __muldf3
                0x000000000001de30                __aeabi_ddiv
                0x000000000001de30                __divdf3
 .text          0x000000000001e000      0x110 /usr/share/gcc-arm-none-eabi-10.3-2021.10/bin/../lib/gcc/arm-none-eabi/10.3.1/thumb/v7e-m+fp/hard/libgcc.a(_arm_cmpdf2.o)
                0x000000000001e000                __gtdf2
                0x000000000001e000                __gedf2
                0x000000000001e008                __ltdf2
                0x000000000001e008                __ledf2
                0x000000000001e010                __cmpdf2
                0x000000000001e010                __eqdf2
                0x000000000001e010                __nedf2
                0x000000000001e08c                __aeabi_cdrcmple
                0x000000000001e09c                __aeabi_cdcmple
                0x000000000001e09c                __aeabi_cdcmpeq
                0x000000000001e0ac                __aeabi_dcmpeq
                0x000000000001e0c0                __aeabi_dcmplt
                0x000000000001e0d4                __aeabi_dcmple
                0x000000000001e0e8                __aeabi_dcmpge
                0x000000000001e0fc                __aeabi_dcmpgt
 .text          0x000000000001e110       0x2c /usr/share/gcc-arm-none-eabi-10.3-2021.10/bin/../lib/gcc/arm-none-eabi/10.3.1/thumb/v7e-m+fp/hard/libgcc.a(_arm_unorddf2.o)
                0x000000000001e110                __aeabi_dcmpun
                0x000000000001e110                __unorddf2
 .text          0x000000000001e13c       0x50 /usr/share/gcc-arm-none-eabi-10.3-2021.10/bin/../lib/gcc/arm-none-eabi/10.3.1/thumb/v7e-m+fp/hard/libgcc.a(_arm_fixdfsi.o)
                0x000000000001e13c                __fixdfsi
                0x000000000001e13c                __aeabi_d2iz
 .text          0x000000000001e18c       0xa0 /usr/share/gcc-arm-none-eabi-10.3-2021.10/bin/../lib/gcc/arm-none-eabi/10.3.1/thumb/v7e-m+fp/hard/libgcc.a(_arm_truncdfsf2.o)
                0x000000000001e18c                __aeabi_d2f
                0x000000000001e18c                __truncdfsf2
 .text          0x000000000001e22c       0xa0 /usr/share/gcc-arm-none-eabi-10.3-2021.10/bin/../lib/gcc/arm-none-eabi/10.3.1/thumb/v7e-m+fp/hard/libgcc.a(_aeabi_ldivmod.o)
                0x000000000001e22c                __aeabi_ldivmod
 .text          0x000000000001e2cc       0x30 /usr/share/gcc-arm-none-eabi-10.3-2021.10/bin/../lib/gcc/arm-none-eabi/10.3.1/thumb/v7e-m+fp/hard/libgcc.a(_aeabi_uldivmod.o)
                0x000000000001e2cc                __aeabi_uldivmod
 .text          0x000000000001e2fc      0x2c0 /usr/share/gcc-arm-none-eabi-10.3-2021.10/bin/../lib/gcc/arm-none-eabi/10.3.1/thumb/v7e-m+fp/hard/libgcc.a(_mulsc3.o)
                0x000000000001e2fc                __mulsc3
 .text          0x000000000001e5bc      0x22c /usr/share/gcc-arm-none-eabi-10.3-2021.10/bin/../lib/gcc/arm-none-eabi/10.3.1/thumb/v7e-m+fp/hard/libgcc.a(_divsc3.o)
                0x000000000001e5bc                __divsc3
 .text          0x000000000001e7e8      0x2d0 /usr/share/gcc-arm-none-eabi-10.3-2021.10/bin/../lib/gcc/arm-none-eabi/10.3.1/thumb/v7e-m+fp/hard/libgcc.a(_udivmoddi4.o)
                0x000000000001e7e8                __udivmoddi4
 .text          0x000000000001eab8        0x4 /usr/share/gcc-arm-none-eabi-10.3-2021.10/bin/../lib/gcc/arm-none-eabi/10.3.1/thumb/v7e-m+fp/hard/libgcc.a(_dvmd_tls.o)
                0x000000000001eab8                __aeabi_ldiv0
                0x000000000001eab8                __aeabi_idiv0
 .text.__errno  0x000000000001eabc        0xc /usr/share/gcc-arm-none-eabi-10.3-2021.10/bin/../lib/gcc/arm-none-eabi/10.3.1/../../../../arm-none-eabi/lib/thumb/v7e-m+fp/hard/libc_nano.a(lib_a-errno.o)
                0x000000000001eabc                __errno
 .text.exit     0x000000000001eac8       0x28 /usr/share/gcc-arm-none-eabi-10.3-2021.10/bin/../lib/gcc/arm-none-eabi/10.3.1/../../../../arm-none-eabi/lib/thumb/v7e-m+fp/hard/libc_nano.a(lib_a-exit.o)
                0x000000000001eac8                exit
 .text.gmtime   0x000000000001eaf0       0x3c /usr/share/gcc-arm-none-eabi-10.3-2021.10/bin/../lib/gcc/arm-none-eabi/10.3.1/../../../../arm-none-eabi/lib/thumb/v7e-m+fp/hard/libc_nano.a(lib_a-gmtime.o)
                0x000000000001eaf0                gmtime
 .text.gmtime_r
                0x000000000001eb2c      0x158 /usr/share/gcc-arm-none-eabi-10.3-2021.10/bin/../lib/gcc/arm-none-eabi/10.3.1/../../../../arm-none-eabi/lib/thumb/v7e-m+fp/hard/libc_nano.a(lib_a-gmtime_r.o)
                0x000000000001eb2c                gmtime_r
 .text.__libc_init_array
                0x000000000001ec84       0x48 /usr/share/gcc-arm-none-eabi-10.3-2021.10/bin/../lib/gcc/arm-none-eabi/10.3.1/../../../../arm-none-eabi/lib/thumb/v7e-m+fp/hard/libc_nano.a(lib_a-init.o)
                0x000000000001ec84                __libc_init_array
 .text.malloc   0x000000000001eccc       0x10 /usr/share/gcc-arm-none-eabi-10.3-2021.10/bin/../lib/gcc/arm-none-eabi/10.3.1/../../../../arm-none-eabi/lib/thumb/v7e-m+fp/hard/libc_nano.a(lib_a-malloc.o)
                0x000000000001eccc                malloc
 .text.memcmp   0x000000000001ecdc       0x20 /usr/share/gcc-arm-none-eabi-10.3-2021.10/bin/../lib/gcc/arm-none-eabi/10.3.1/../../../../arm-none-eabi/lib/thumb/v7e-m+fp/hard/libc_nano.a(lib_a-memcmp.o)
                0x000000000001ecdc                memcmp
 .text.memcpy   0x000000000001ecfc       0x1c /usr/share/gcc-arm-none-eabi-10.3-2021.10/bin/../lib/gcc/arm-none-eabi/10.3.1/../../../../arm-none-eabi/lib/thumb/v7e-m+fp/hard/libc_nano.a(lib_a-memcpy-stub.o)
                0x000000000001ecfc                memcpy
 .text.memset   0x000000000001ed18       0x10 /usr/share/gcc-arm-none-eabi-10.3-2021.10/bin/../lib/gcc/arm-none-eabi/10.3.1/../../../../arm-none-eabi/lib/thumb/v7e-m+fp/hard/libc_nano.a(lib_a-memset.o)
                0x000000000001ed18                memset
 .text._free_r  0x000000000001ed28       0x98 /usr/share/gcc-arm-none-eabi-10.3-2021.10/bin/../lib/gcc/arm-none-eabi/10.3.1/../../../../arm-none-eabi/lib/thumb/v7e-m+fp/hard/libc_nano.a(lib_a-nano-freer.o)
                0x000000000001ed28                _free_r
 .text.sbrk_aligned
                0x000000000001edc0       0x40 /usr/share/gcc-arm-none-eabi-10.3-2021.10/bin/../lib/gcc/arm-none-eabi/10.3.1/../../../../arm-none-eabi/lib/thumb/v7e-m+fp/hard/libc_nano.a(lib_a-nano-mallocr.o)
 .text._malloc_r
                0x000000000001ee00       0xe8 /usr/share/gcc-arm-none-eabi-10.3-2021.10/bin/../lib/gcc/arm-none-eabi/10.3.1/../../../../arm-none-eabi/lib/thumb/v7e-m+fp/hard/libc_nano.a(lib_a-nano-mallocr.o)
                0x000000000001ee00                _malloc_r
 .text._sbrk_r  0x000000000001eee8       0x20 /usr/share/gcc-arm-none-eabi-10.3-2021.10/bin/../lib/gcc/arm-none-eabi/10.3.1/../../../../arm-none-eabi/lib/thumb/v7e-m+fp/hard/libc_nano.a(lib_a-sbrkr.o)
                0x000000000001eee8                _sbrk_r
 .text.sprintf  0x000000000001ef08       0x40 /usr/share/gcc-arm-none-eabi-10.3-2021.10/bin/../lib/gcc/arm-none-eabi/10.3.1/../../../../arm-none-eabi/lib/thumb/v7e-m+fp/hard/libc_nano.a(lib_a-sprintf.o)
                0x000000000001ef08                sprintf
                0x000000000001ef08                siprintf
 .text.strchr   0x000000000001ef48       0x1a /usr/share/gcc-arm-none-eabi-10.3-2021.10/bin/../lib/gcc/arm-none-eabi/10.3.1/../../../../arm-none-eabi/lib/thumb/v7e-m+fp/hard/libc_nano.a(lib_a-strchr.o)
                0x000000000001ef48                strchr
 .text.strcpy   0x000000000001ef62       0x10 /usr/share/gcc-arm-none-eabi-10.3-2021.10/bin/../lib/gcc/arm-none-eabi/10.3.1/../../../../arm-none-eabi/lib/thumb/v7e-m+fp/hard/libc_nano.a(lib_a-strcpy.o)
                0x000000000001ef62                strcpy
 .text.strncpy  0x000000000001ef72       0x26 /usr/share/gcc-arm-none-eabi-10.3-2021.10/bin/../lib/gcc/arm-none-eabi/10.3.1/../../../../arm-none-eabi/lib/thumb/v7e-m+fp/hard/libc_nano.a(lib_a-strncpy.o)
                0x000000000001ef72                strncpy
 .text.__assert_func
                0x000000000001ef98       0x3c /usr/share/gcc-arm-none-eabi-10.3-2021.10/bin/../lib/gcc/arm-none-eabi/10.3.1/../../../../arm-none-eabi/lib/thumb/v7e-m+fp/hard/libc_nano.a(lib_a-assert.o)
                0x000000000001ef98                __assert_func
 .text.fprintf  0x000000000001efd4       0x24 /usr/share/gcc-arm-none-eabi-10.3-2021.10/bin/../lib/gcc/arm-none-eabi/10.3.1/../../../../arm-none-eabi/lib/thumb/v7e-m+fp/hard/libc_nano.a(lib_a-fprintf.o)
                0x000000000001efd4                fprintf
                0x000000000001efd4                fiprintf
 .text.__malloc_lock
                0x000000000001eff8        0xc /usr/share/gcc-arm-none-eabi-10.3-2021.10/bin/../lib/gcc/arm-none-eabi/10.3.1/../../../../arm-none-eabi/lib/thumb/v7e-m+fp/hard/libc_nano.a(lib_a-mlock.o)
                0x000000000001eff8                __malloc_lock
 .text.__malloc_unlock
                0x000000000001f004        0xc /usr/share/gcc-arm-none-eabi-10.3-2021.10/bin/../lib/gcc/arm-none-eabi/10.3.1/../../../../arm-none-eabi/lib/thumb/v7e-m+fp/hard/libc_nano.a(lib_a-mlock.o)
                0x000000000001f004                __malloc_unlock
 .text.__ssputs_r
                0x000000000001f010       0xb6 /usr/share/gcc-arm-none-eabi-10.3-2021.10/bin/../lib/gcc/arm-none-eabi/10.3.1/../../../../arm-none-eabi/lib/thumb/v7e-m+fp/hard/libc_nano.a(lib_a-nano-svfprintf.o)
                0x000000000001f010                __ssputs_r
 *fill*         0x000000000001f0c6        0x2 
 .text._svfprintf_r
                0x000000000001f0c8      0x200 /usr/share/gcc-arm-none-eabi-10.3-2021.10/bin/../lib/gcc/arm-none-eabi/10.3.1/../../../../arm-none-eabi/lib/thumb/v7e-m+fp/hard/libc_nano.a(lib_a-nano-svfprintf.o)
                0x000000000001f0c8                _svfprintf_r
                0x000000000001f0c8                _svfiprintf_r
 .text.__sfputc_r
                0x000000000001f2c8       0x2e /usr/share/gcc-arm-none-eabi-10.3-2021.10/bin/../lib/gcc/arm-none-eabi/10.3.1/../../../../arm-none-eabi/lib/thumb/v7e-m+fp/hard/libc_nano.a(lib_a-nano-vfprintf.o)
 .text.__sfputs_r
                0x000000000001f2f6       0x24 /usr/share/gcc-arm-none-eabi-10.3-2021.10/bin/../lib/gcc/arm-none-eabi/10.3.1/../../../../arm-none-eabi/lib/thumb/v7e-m+fp/hard/libc_nano.a(lib_a-nano-vfprintf.o)
                0x000000000001f2f6                __sfputs_r
 *fill*         0x000000000001f31a        0x2 
 .text._vfprintf_r
                0x000000000001f31c      0x260 /usr/share/gcc-arm-none-eabi-10.3-2021.10/bin/../lib/gcc/arm-none-eabi/10.3.1/../../../../arm-none-eabi/lib/thumb/v7e-m+fp/hard/libc_nano.a(lib_a-nano-vfprintf.o)
                0x000000000001f31c                _vfiprintf_r
                0x000000000001f31c                _vfprintf_r
 .text._printf_common
                0x000000000001f57c       0xda /usr/share/gcc-arm-none-eabi-10.3-2021.10/bin/../lib/gcc/arm-none-eabi/10.3.1/../../../../arm-none-eabi/lib/thumb/v7e-m+fp/hard/libc_nano.a(lib_a-nano-vfprintf_i.o)
                0x000000000001f57c                _printf_common
 *fill*         0x000000000001f656        0x2 
 .text._printf_i
                0x000000000001f658      0x24c /usr/share/gcc-arm-none-eabi-10.3-2021.10/bin/../lib/gcc/arm-none-eabi/10.3.1/../../../../arm-none-eabi/lib/thumb/v7e-m+fp/hard/libc_nano.a(lib_a-nano-vfprintf_i.o)
                0x000000000001f658                _printf_i
 .text.__swbuf_r
                0x000000000001f8a4       0xa4 /usr/share/gcc-arm-none-eabi-10.3-2021.10/bin/../lib/gcc/arm-none-eabi/10.3.1/../../../../arm-none-eabi/lib/thumb/v7e-m+fp/hard/libc_nano.a(lib_a-wbuf.o)
                0x000000000001f8a4                __swbuf_r
 .text.__swsetup_r
                0x000000000001f948       0xdc /usr/share/gcc-arm-none-eabi-10.3-2021.10/bin/../lib/gcc/arm-none-eabi/10.3.1/../../../../arm-none-eabi/lib/thumb/v7e-m+fp/hard/libc_nano.a(lib_a-wsetup.o)
                0x000000000001f948                __swsetup_r
 .text.abort    0x000000000001fa24        0xe /usr/share/gcc-arm-none-eabi-10.3-2021.10/bin/../lib/gcc/arm-none-eabi/10.3.1/../../../../arm-none-eabi/lib/thumb/v7e-m+fp/hard/libc_nano.a(lib_a-abort.o)
                0x000000000001fa24                abort
 *fill*         0x000000000001fa32        0x2 
 .text.__sflush_r
                0x000000000001fa34      0x10c /usr/share/gcc-arm-none-eabi-10.3-2021.10/bin/../lib/gcc/arm-none-eabi/10.3.1/../../../../arm-none-eabi/lib/thumb/v7e-m+fp/hard/libc_nano.a(lib_a-fflush.o)
                0x000000000001fa34                __sflush_r
 .text._fflush_r
                0x000000000001fb40       0x78 /usr/share/gcc-arm-none-eabi-10.3-2021.10/bin/../lib/gcc/arm-none-eabi/10.3.1/../../../../arm-none-eabi/lib/thumb/v7e-m+fp/hard/libc_nano.a(lib_a-fflush.o)
                0x000000000001fb40                _fflush_r
 .text.std      0x000000000001fbb8       0x48 /usr/share/gcc-arm-none-eabi-10.3-2021.10/bin/../lib/gcc/arm-none-eabi/10.3.1/../../../../arm-none-eabi/lib/thumb/v7e-m+fp/hard/libc_nano.a(lib_a-findfp.o)
 .text._cleanup_r
                0x000000000001fc00        0xc /usr/share/gcc-arm-none-eabi-10.3-2021.10/bin/../lib/gcc/arm-none-eabi/10.3.1/../../../../arm-none-eabi/lib/thumb/v7e-m+fp/hard/libc_nano.a(lib_a-findfp.o)
                0x000000000001fc00                _cleanup_r
 .text.__sfmoreglue
                0x000000000001fc0c       0x2c /usr/share/gcc-arm-none-eabi-10.3-2021.10/bin/../lib/gcc/arm-none-eabi/10.3.1/../../../../arm-none-eabi/lib/thumb/v7e-m+fp/hard/libc_nano.a(lib_a-findfp.o)
                0x000000000001fc0c                __sfmoreglue
 .text.__sfp_lock_acquire
                0x000000000001fc38        0xc /usr/share/gcc-arm-none-eabi-10.3-2021.10/bin/../lib/gcc/arm-none-eabi/10.3.1/../../../../arm-none-eabi/lib/thumb/v7e-m+fp/hard/libc_nano.a(lib_a-findfp.o)
                0x000000000001fc38                __sfp_lock_acquire
 .text.__sfp_lock_release
                0x000000000001fc44        0xc /usr/share/gcc-arm-none-eabi-10.3-2021.10/bin/../lib/gcc/arm-none-eabi/10.3.1/../../../../arm-none-eabi/lib/thumb/v7e-m+fp/hard/libc_nano.a(lib_a-findfp.o)
                0x000000000001fc44                __sfp_lock_release
 .text.__sinit_lock_acquire
                0x000000000001fc50        0xc /usr/share/gcc-arm-none-eabi-10.3-2021.10/bin/../lib/gcc/arm-none-eabi/10.3.1/../../../../arm-none-eabi/lib/thumb/v7e-m+fp/hard/libc_nano.a(lib_a-findfp.o)
                0x000000000001fc50                __sinit_lock_acquire
 .text.__sinit_lock_release
                0x000000000001fc5c        0xc /usr/share/gcc-arm-none-eabi-10.3-2021.10/bin/../lib/gcc/arm-none-eabi/10.3.1/../../../../arm-none-eabi/lib/thumb/v7e-m+fp/hard/libc_nano.a(lib_a-findfp.o)
                0x000000000001fc5c                __sinit_lock_release
 .text.__sinit  0x000000000001fc68       0x70 /usr/share/gcc-arm-none-eabi-10.3-2021.10/bin/../lib/gcc/arm-none-eabi/10.3.1/../../../../arm-none-eabi/lib/thumb/v7e-m+fp/hard/libc_nano.a(lib_a-findfp.o)
                0x000000000001fc68                __sinit
 .text.__sfp    0x000000000001fcd8       0x8c /usr/share/gcc-arm-none-eabi-10.3-2021.10/bin/../lib/gcc/arm-none-eabi/10.3.1/../../../../arm-none-eabi/lib/thumb/v7e-m+fp/hard/libc_nano.a(lib_a-findfp.o)
                0x000000000001fcd8                __sfp
 .text._fwalk_reent
                0x000000000001fd64       0x3e /usr/share/gcc-arm-none-eabi-10.3-2021.10/bin/../lib/gcc/arm-none-eabi/10.3.1/../../../../arm-none-eabi/lib/thumb/v7e-m+fp/hard/libc_nano.a(lib_a-fwalk.o)
                0x000000000001fd64                _fwalk_reent
 .text.__retarget_lock_init_recursive
                0x000000000001fda2        0x2 /usr/share/gcc-arm-none-eabi-10.3-2021.10/bin/../lib/gcc/arm-none-eabi/10.3.1/../../../../arm-none-eabi/lib/thumb/v7e-m+fp/hard/libc_nano.a(lib_a-lock.o)
                0x000000000001fda2                __retarget_lock_init_recursive
 .text.__retarget_lock_acquire_recursive
                0x000000000001fda4        0x2 /usr/share/gcc-arm-none-eabi-10.3-2021.10/bin/../lib/gcc/arm-none-eabi/10.3.1/../../../../arm-none-eabi/lib/thumb/v7e-m+fp/hard/libc_nano.a(lib_a-lock.o)
                0x000000000001fda4                __retarget_lock_acquire_recursive
 .text.__retarget_lock_release_recursive
                0x000000000001fda6        0x2 /usr/share/gcc-arm-none-eabi-10.3-2021.10/bin/../lib/gcc/arm-none-eabi/10.3.1/../../../../arm-none-eabi/lib/thumb/v7e-m+fp/hard/libc_nano.a(lib_a-lock.o)
                0x000000000001fda6                __retarget_lock_release_recursive
 .text.__swhatbuf_r
                0x000000000001fda8       0x4a /usr/share/gcc-arm-none-eabi-10.3-2021.10/bin/../lib/gcc/arm-none-eabi/10.3.1/../../../../arm-none-eabi/lib/thumb/v7e-m+fp/hard/libc_nano.a(lib_a-makebuf.o)
                0x000000000001fda8                __swhatbuf_r
 *fill*         0x000000000001fdf2        0x2 
 .text.__smakebuf_r
                0x000000000001fdf4       0x80 /usr/share/gcc-arm-none-eabi-10.3-2021.10/bin/../lib/gcc/arm-none-eabi/10.3.1/../../../../arm-none-eabi/lib/thumb/v7e-m+fp/hard/libc_nano.a(lib_a-makebuf.o)
                0x000000000001fdf4                __smakebuf_r
 *fill*         0x000000000001fe74        0xc 
 .text          0x000000000001fe80       0xa0 /usr/share/gcc-arm-none-eabi-10.3-2021.10/bin/../lib/gcc/arm-none-eabi/10.3.1/../../../../arm-none-eabi/lib/thumb/v7e-m+fp/hard/libc_nano.a(lib_a-memchr.o)
                0x000000000001fe80                memchr
 .text.memmove  0x000000000001ff20       0x34 /usr/share/gcc-arm-none-eabi-10.3-2021.10/bin/../lib/gcc/arm-none-eabi/10.3.1/../../../../arm-none-eabi/lib/thumb/v7e-m+fp/hard/libc_nano.a(lib_a-memmove.o)
                0x000000000001ff20                memmove
 .text._realloc_r
                0x000000000001ff54       0x5e /usr/share/gcc-arm-none-eabi-10.3-2021.10/bin/../lib/gcc/arm-none-eabi/10.3.1/../../../../arm-none-eabi/lib/thumb/v7e-m+fp/hard/libc_nano.a(lib_a-nano-reallocr.o)
                0x000000000001ff54                _realloc_r
 .text._raise_r
                0x000000000001ffb2       0x50 /usr/share/gcc-arm-none-eabi-10.3-2021.10/bin/../lib/gcc/arm-none-eabi/10.3.1/../../../../arm-none-eabi/lib/thumb/v7e-m+fp/hard/libc_nano.a(lib_a-signal.o)
                0x000000000001ffb2                _raise_r
 *fill*         0x0000000000020002        0x2 
 .text.raise    0x0000000000020004       0x10 /usr/share/gcc-arm-none-eabi-10.3-2021.10/bin/../lib/gcc/arm-none-eabi/10.3.1/../../../../arm-none-eabi/lib/thumb/v7e-m+fp/hard/libc_nano.a(lib_a-signal.o)
                0x0000000000020004                raise
 .text._kill_r  0x0000000000020014       0x24 /usr/share/gcc-arm-none-eabi-10.3-2021.10/bin/../lib/gcc/arm-none-eabi/10.3.1/../../../../arm-none-eabi/lib/thumb/v7e-m+fp/hard/libc_nano.a(lib_a-signalr.o)
                0x0000000000020014                _kill_r
 .text._getpid_r
                0x0000000000020038        0x4 /usr/share/gcc-arm-none-eabi-10.3-2021.10/bin/../lib/gcc/arm-none-eabi/10.3.1/../../../../arm-none-eabi/lib/thumb/v7e-m+fp/hard/libc_nano.a(lib_a-signalr.o)
                0x0000000000020038                _getpid_r
 .text.__sread  0x000000000002003c       0x22 /usr/share/gcc-arm-none-eabi-10.3-2021.10/bin/../lib/gcc/arm-none-eabi/10.3.1/../../../../arm-none-eabi/lib/thumb/v7e-m+fp/hard/libc_nano.a(lib_a-stdio.o)
                0x000000000002003c                __sread
 .text.__swrite
                0x000000000002005e       0x38 /usr/share/gcc-arm-none-eabi-10.3-2021.10/bin/../lib/gcc/arm-none-eabi/10.3.1/../../../../arm-none-eabi/lib/thumb/v7e-m+fp/hard/libc_nano.a(lib_a-stdio.o)
                0x000000000002005e                __swrite
 .text.__sseek  0x0000000000020096       0x24 /usr/share/gcc-arm-none-eabi-10.3-2021.10/bin/../lib/gcc/arm-none-eabi/10.3.1/../../../../arm-none-eabi/lib/thumb/v7e-m+fp/hard/libc_nano.a(lib_a-stdio.o)
                0x0000000000020096                __sseek
 .text.__sclose
                0x00000000000200ba        0x8 /usr/share/gcc-arm-none-eabi-10.3-2021.10/bin/../lib/gcc/arm-none-eabi/10.3.1/../../../../arm-none-eabi/lib/thumb/v7e-m+fp/hard/libc_nano.a(lib_a-stdio.o)
                0x00000000000200ba                __sclose
 *fill*         0x00000000000200c2        0x2 
 .text._write_r
                0x00000000000200c4       0x24 /usr/share/gcc-arm-none-eabi-10.3-2021.10/bin/../lib/gcc/arm-none-eabi/10.3.1/../../../../arm-none-eabi/lib/thumb/v7e-m+fp/hard/libc_nano.a(lib_a-writer.o)
                0x00000000000200c4                _write_r
 .text._close_r
                0x00000000000200e8       0x20 /usr/share/gcc-arm-none-eabi-10.3-2021.10/bin/../lib/gcc/arm-none-eabi/10.3.1/../../../../arm-none-eabi/lib/thumb/v7e-m+fp/hard/libc_nano.a(lib_a-closer.o)
                0x00000000000200e8                _close_r
 .text._fstat_r
                0x0000000000020108       0x24 /usr/share/gcc-arm-none-eabi-10.3-2021.10/bin/../lib/gcc/arm-none-eabi/10.3.1/../../../../arm-none-eabi/lib/thumb/v7e-m+fp/hard/libc_nano.a(lib_a-fstatr.o)
                0x0000000000020108                _fstat_r
 .text._isatty_r
                0x000000000002012c       0x20 /usr/share/gcc-arm-none-eabi-10.3-2021.10/bin/../lib/gcc/arm-none-eabi/10.3.1/../../../../arm-none-eabi/lib/thumb/v7e-m+fp/hard/libc_nano.a(lib_a-isattyr.o)
                0x000000000002012c                _isatty_r
 .text._lseek_r
                0x000000000002014c       0x24 /usr/share/gcc-arm-none-eabi-10.3-2021.10/bin/../lib/gcc/arm-none-eabi/10.3.1/../../../../arm-none-eabi/lib/thumb/v7e-m+fp/hard/libc_nano.a(lib_a-lseekr.o)
                0x000000000002014c                _lseek_r
 .text._malloc_usable_size_r
                0x0000000000020170       0x10 /usr/share/gcc-arm-none-eabi-10.3-2021.10/bin/../lib/gcc/arm-none-eabi/10.3.1/../../../../arm-none-eabi/lib/thumb/v7e-m+fp/hard/libc_nano.a(lib_a-nano-msizer.o)
                0x0000000000020170                _malloc_usable_size_r